Archive member included because of file (symbol)

c:/program files (x86)/atmel/atmel toolchain/avr8 gcc/native/3.4.1061/avr8-gnu-toolchain/bin/../lib/gcc/avr/4.8.1/../../../../avr/lib/avr51\libc.a(random.o)
                              vem_03_05.o (random)
c:/program files (x86)/atmel/atmel toolchain/avr8 gcc/native/3.4.1061/avr8-gnu-toolchain/bin/../lib/gcc/avr/4.8.1/../../../../avr/lib/avr51\libc.a(exit.o)
                              c:/program files (x86)/atmel/atmel toolchain/avr8 gcc/native/3.4.1061/avr8-gnu-toolchain/bin/../lib/gcc/avr/4.8.1/../../../../avr/lib/avr51/crtm128.o (exit)
c:/program files (x86)/atmel/atmel toolchain/avr8 gcc/native/3.4.1061/avr8-gnu-toolchain/bin/../lib/gcc/avr/4.8.1/../../../../avr/lib/avr51\libc.a(memcpy_P.o)
                              vem_03_05.o (memcpy_P)
c:/program files (x86)/atmel/atmel toolchain/avr8 gcc/native/3.4.1061/avr8-gnu-toolchain/bin/../lib/gcc/avr/4.8.1/../../../../avr/lib/avr51\libc.a(strchr_P.o)
                              vem_03_05.o (strchr_P)
c:/program files (x86)/atmel/atmel toolchain/avr8 gcc/native/3.4.1061/avr8-gnu-toolchain/bin/../lib/gcc/avr/4.8.1/../../../../avr/lib/avr51\libc.a(strcmp_P.o)
                              vem_03_05.o (strcmp_P)
c:/program files (x86)/atmel/atmel toolchain/avr8 gcc/native/3.4.1061/avr8-gnu-toolchain/bin/../lib/gcc/avr/4.8.1/../../../../avr/lib/avr51\libc.a(strcpy_P.o)
                              vem_03_05.o (strcpy_P)
c:/program files (x86)/atmel/atmel toolchain/avr8 gcc/native/3.4.1061/avr8-gnu-toolchain/bin/../lib/gcc/avr/4.8.1/../../../../avr/lib/avr51\libc.a(strlcpy_P.o)
                              vem_03_05.o (strlcpy_P)
c:/program files (x86)/atmel/atmel toolchain/avr8 gcc/native/3.4.1061/avr8-gnu-toolchain/bin/../lib/gcc/avr/4.8.1/../../../../avr/lib/avr51\libc.a(strlen_P.o)
                              vem_03_05.o (__strlen_P)
c:/program files (x86)/atmel/atmel toolchain/avr8 gcc/native/3.4.1061/avr8-gnu-toolchain/bin/../lib/gcc/avr/4.8.1/../../../../avr/lib/avr51\libc.a(strncmp_P.o)
                              vem_03_05.o (strncmp_P)
c:/program files (x86)/atmel/atmel toolchain/avr8 gcc/native/3.4.1061/avr8-gnu-toolchain/bin/../lib/gcc/avr/4.8.1/../../../../avr/lib/avr51\libc.a(strstr_P.o)
                              vem_03_05.o (strstr_P)
c:/program files (x86)/atmel/atmel toolchain/avr8 gcc/native/3.4.1061/avr8-gnu-toolchain/bin/../lib/gcc/avr/4.8.1/../../../../avr/lib/avr51\libc.a(memcpy.o)
                              vem_03_05.o (memcpy)
c:/program files (x86)/atmel/atmel toolchain/avr8 gcc/native/3.4.1061/avr8-gnu-toolchain/bin/../lib/gcc/avr/4.8.1/../../../../avr/lib/avr51\libc.a(strchr.o)
                              vem_03_05.o (strchr)
c:/program files (x86)/atmel/atmel toolchain/avr8 gcc/native/3.4.1061/avr8-gnu-toolchain/bin/../lib/gcc/avr/4.8.1/../../../../avr/lib/avr51\libc.a(strcmp.o)
                              vem_03_05.o (strcmp)
c:/program files (x86)/atmel/atmel toolchain/avr8 gcc/native/3.4.1061/avr8-gnu-toolchain/bin/../lib/gcc/avr/4.8.1/../../../../avr/lib/avr51\libc.a(strcpy.o)
                              vem_03_05.o (strcpy)
c:/program files (x86)/atmel/atmel toolchain/avr8 gcc/native/3.4.1061/avr8-gnu-toolchain/bin/../lib/gcc/avr/4.8.1/../../../../avr/lib/avr51\libc.a(strncmp.o)
                              vem_03_05.o (strncmp)
c:/program files (x86)/atmel/atmel toolchain/avr8 gcc/native/3.4.1061/avr8-gnu-toolchain/bin/../lib/gcc/avr/4.8.1/../../../../avr/lib/avr51\libc.a(sprintf.o)
                              vem_03_05.o (sprintf)
c:/program files (x86)/atmel/atmel toolchain/avr8 gcc/native/3.4.1061/avr8-gnu-toolchain/bin/../lib/gcc/avr/4.8.1/../../../../avr/lib/avr51\libc.a(sprintf_p.o)
                              vem_03_05.o (sprintf_P)
c:/program files (x86)/atmel/atmel toolchain/avr8 gcc/native/3.4.1061/avr8-gnu-toolchain/bin/../lib/gcc/avr/4.8.1/../../../../avr/lib/avr51\libc.a(sscanf.o)
                              vem_03_05.o (sscanf)
c:/program files (x86)/atmel/atmel toolchain/avr8 gcc/native/3.4.1061/avr8-gnu-toolchain/bin/../lib/gcc/avr/4.8.1/../../../../avr/lib/avr51\libc.a(sscanf_p.o)
                              vem_03_05.o (sscanf_P)
c:/program files (x86)/atmel/atmel toolchain/avr8 gcc/native/3.4.1061/avr8-gnu-toolchain/bin/../lib/gcc/avr/4.8.1/../../../../avr/lib/avr51\libc.a(addsf3.o)
                              vem_03_05.o (__subsf3)
c:/program files (x86)/atmel/atmel toolchain/avr8 gcc/native/3.4.1061/avr8-gnu-toolchain/bin/../lib/gcc/avr/4.8.1/../../../../avr/lib/avr51\libc.a(addsf3x.o)
                              c:/program files (x86)/atmel/atmel toolchain/avr8 gcc/native/3.4.1061/avr8-gnu-toolchain/bin/../lib/gcc/avr/4.8.1/../../../../avr/lib/avr51\libc.a(addsf3.o) (__addsf3x)
c:/program files (x86)/atmel/atmel toolchain/avr8 gcc/native/3.4.1061/avr8-gnu-toolchain/bin/../lib/gcc/avr/4.8.1/../../../../avr/lib/avr51\libc.a(divsf3.o)
                              vem_03_05.o (__divsf3)
[...]
Memory Configuration

Name             Origin             Length             Attributes
text             0x00000000         0x00020000         xr
data             0x00800100         0x0000ff00         rw !x
eeprom           0x00810000         0x00010000         rw !x
fuse             0x00820000         0x00000400         rw !x
lock             0x00830000         0x00000400         rw !x
signature        0x00840000         0x00000400         rw !x
user_signatures  0x00850000         0x00000400         rw !x
*default*        0x00000000         0xffffffff

Linker script and memory map

Address of section .data set to 0x800100
LOAD c:/program files (x86)/atmel/atmel toolchain/avr8 gcc/native/3.4.1061/avr8-gnu-toolchain/bin/../lib/gcc/avr/4.8.1/../../../../avr/lib/avr51/crtm128.o
LOAD vem_03_05.o
START GROUP
LOAD c:/program files (x86)/atmel/atmel toolchain/avr8 gcc/native/3.4.1061/avr8-gnu-toolchain/bin/../lib/gcc/avr/4.8.1/../../../../avr/lib/avr51\libc.a
LOAD c:/program files (x86)/atmel/atmel toolchain/avr8 gcc/native/3.4.1061/avr8-gnu-toolchain/bin/../lib/gcc/avr/4.8.1/../../../../avr/lib/avr51\libm.a
END GROUP
START GROUP
LOAD c:/program files (x86)/atmel/atmel toolchain/avr8 gcc/native/3.4.1061/avr8-gnu-toolchain/bin/../lib/gcc/avr/4.8.1/avr51\libgcc.a
LOAD c:/program files (x86)/atmel/atmel toolchain/avr8 gcc/native/3.4.1061/avr8-gnu-toolchain/bin/../lib/gcc/avr/4.8.1/../../../../avr/lib/avr51\libm.a
LOAD c:/program files (x86)/atmel/atmel toolchain/avr8 gcc/native/3.4.1061/avr8-gnu-toolchain/bin/../lib/gcc/avr/4.8.1/../../../../avr/lib/avr51\libc.a
END GROUP

.hash
 *(.hash)

.dynsym
 *(.dynsym)

.dynstr
 *(.dynstr)

.gnu.version
 *(.gnu.version)

.gnu.version_d
 *(.gnu.version_d)

.gnu.version_r
 *(.gnu.version_r)

.rel.init
 *(.rel.init)

.rela.init
 *(.rela.init)

.rel.text
 *(.rel.text)
 *(.rel.text.*)
 *(.rel.gnu.linkonce.t*)

.rela.text
 *(.rela.text)
 *(.rela.text.*)
 *(.rela.gnu.linkonce.t*)

.rel.fini
 *(.rel.fini)

.rela.fini
 *(.rela.fini)

.rel.rodata
 *(.rel.rodata)
 *(.rel.rodata.*)
 *(.rel.gnu.linkonce.r*)

.rela.rodata
 *(.rela.rodata)
 *(.rela.rodata.*)
 *(.rela.gnu.linkonce.r*)

.rel.data
 *(.rel.data)
 *(.rel.data.*)
 *(.rel.gnu.linkonce.d*)

.rela.data
 *(.rela.data)
 *(.rela.data.*)
 *(.rela.gnu.linkonce.d*)

.rel.ctors
 *(.rel.ctors)

.rela.ctors
 *(.rela.ctors)

.rel.dtors
 *(.rel.dtors)

.rela.dtors
 *(.rela.dtors)

.rel.got
 *(.rel.got)

.rela.got
 *(.rela.got)

.rel.bss
 *(.rel.bss)

.rela.bss
 *(.rela.bss)

.rel.plt
 *(.rel.plt)

.rela.plt
 *(.rela.plt)

.text           0x00000000    0x102f0
 *(.vectors)
 .vectors       0x00000000       0x8c c:/program files (x86)/atmel/atmel toolchain/avr8 gcc/native/3.4.1061/avr8-gnu-toolchain/bin/../lib/gcc/avr/4.8.1/../../../../avr/lib/avr51/crtm128.o
                0x00000000                __vector_default
                0x00000000                __vectors
 *(.vectors)
 *(.progmem.gcc*)
 .progmem.gcc_sw_table.MB_S_Timer_ISR
                0x0000008c       0x20 vem_03_05.o
 .progmem.gcc_sw_table.MB_M_Timer_ISR
                0x000000ac       0x20 vem_03_05.o
 .progmem.gcc_sw_table.WebBuf2Field
                0x000000cc       0x46 vem_03_05.o
 .progmem.gcc_sw_table.SeekTagFORM
                0x00000112       0x12 vem_03_05.o
 .progmem.gcc_sw_table.SeekTagA_HREF
                0x00000124       0x12 vem_03_05.o
 .progmem.gcc_sw_table.SeekTagIMG_SRC
                0x00000136       0x14 vem_03_05.o
 .progmem.gcc_sw_table.EM_SetUARTParam
                0x0000014a       0x12 vem_03_05.o
 .progmem.gcc_sw_table.EMeter_Cycle
                0x0000015c        0xe vem_03_05.o
 .progmem.gcc_sw_table.GPRS_Param09
                0x0000016a       0x2c vem_03_05.o
 .progmem.gcc_sw_table.GPRS_Parameter
                0x00000196       0x18 vem_03_05.o
 .progmem.gcc_sw_table.GSM_Cycle
                0x000001ae       0xd2 vem_03_05.o
 .progmem.gcc_sw_table.WebServer
                0x00000280       0x46 vem_03_05.o
                0x000002c6                . = ALIGN (0x2)
                0x000002c6                __trampolines_start = .
 *(.trampolines)
 .trampolines   0x000002c6        0x0 linker stubs
 *(.trampolines*)
                0x000002c6                __trampolines_end = .
 *(.progmem*)
 .progmem.data.__c.5125
                0x000002c6       0x10 vem_03_05.o
 .progmem.data.__c.5123
                0x000002d6       0x10 vem_03_05.o
 .progmem.data.__c.5121
                0x000002e6        0xb vem_03_05.o
 .progmem.data.__c.4965
                0x000002f1        0x4 vem_03_05.o
 .progmem.data.__c.4957
                0x000002f5        0x5 vem_03_05.o
 .progmem.data.__c.4948
                0x000002fa        0xf vem_03_05.o
 .progmem.data.__c.4940
                0x00000309        0xf vem_03_05.o
 .progmem.data.__c.4876
                0x00000318        0x3 vem_03_05.o
 .progmem.data.__c.4668
                0x0000031b        0xa vem_03_05.o
 .progmem.data.__c.4666
                0x00000325        0x6 vem_03_05.o
 .progmem.data.__c.4649
                0x0000032b        0x5 vem_03_05.o
 .progmem.data.__c.4550
                0x00000330        0xc vem_03_05.o
 .progmem.data.__c.4548
                0x0000033c        0x2 vem_03_05.o
 .progmem.data.__c.3706
                0x0000033e        0x5 vem_03_05.o
 .progmem.data.__c.3704
                0x00000343        0x5 vem_03_05.o
 .progmem.data.__c.3700
                0x00000348       0x10 vem_03_05.o
 .progmem.data.__c.3688
                0x00000358       0x13 vem_03_05.o
 .progmem.data.__c.3677
                0x0000036b       0x1e vem_03_05.o
 .progmem.data.__c.3652
                0x00000389        0xd vem_03_05.o
 .progmem.data.__c.3641
                0x00000396       0x14 vem_03_05.o
 .progmem.data.__c.3615
                0x000003aa        0x3 vem_03_05.o
 .progmem.data.__c.3613
                0x000003ad        0x5 vem_03_05.o
 .progmem.data.aCRCLo.1930
                0x000003b2      0x100 vem_03_05.o
 .progmem.data.aCRCHi.1929
                0x000004b2      0x100 vem_03_05.o
 .progmem.data.WebSite
                0x000005b2       0x12 vem_03_05.o
                0x000005b2                WebSite
 .progmem.data.Web_system
                0x000005c4        0xd vem_03_05.o
                0x000005c4                Web_system
 .progmem.data.system_OField
                0x000005d1       0x18 vem_03_05.o
                0x000005d1                system_OField
 .progmem.data.Web_Tlow
                0x000005e9       0x10 vem_03_05.o
                0x000005e9                Web_Tlow
 .progmem.data.var_Tlow
                0x000005f9        0x5 vem_03_05.o
                0x000005f9                var_Tlow
 .progmem.data.Web_Thigh
                0x000005fe       0x10 vem_03_05.o
                0x000005fe                Web_Thigh
 .progmem.data.var_Thigh
                0x0000060e        0x6 vem_03_05.o
                0x0000060e                var_Thigh
 .progmem.data.Web_BLupgrade
                0x00000614       0x10 vem_03_05.o
                0x00000614                Web_BLupgrade
 .progmem.data.var_BLupgrade
                0x00000624        0xa vem_03_05.o
                0x00000624                var_BLupgrade
 .progmem.data.Web_Bootloader
                0x0000062e       0x10 vem_03_05.o
                0x0000062e                Web_Bootloader
 .progmem.data.var_Bootloader
                0x0000063e        0xb vem_03_05.o
                0x0000063e                var_Bootloader
 .progmem.data.Web_Reboot
                0x00000649       0x10 vem_03_05.o
                0x00000649                Web_Reboot
 .progmem.data.var_Reboot
                0x00000659        0x7 vem_03_05.o
                0x00000659                var_Reboot
 .progmem.data.Web_Title
                0x00000660       0x10 vem_03_05.o
                0x00000660                Web_Title
 .progmem.data.var_Title
                0x00000670        0x6 vem_03_05.o
                0x00000670                var_Title
 .progmem.data.system_page
                0x00000676      0x5fa vem_03_05.o
                0x00000676                system_page
 .progmem.data.system_IField
                0x00000c70       0x42 vem_03_05.o
                0x00000c70                system_IField
 .progmem.data.name_system
                0x00000cb2        0xc vem_03_05.o
                0x00000cb2                name_system
 .progmem.data.Web_csd
                0x00000cbe        0xd vem_03_05.o
                0x00000cbe                Web_csd
 .progmem.data.csd_OField
                0x00000ccb       0x2c vem_03_05.o
                0x00000ccb                csd_OField
 .progmem.data.Web_CSD_Number9
                0x00000cf7       0x10 vem_03_05.o
                0x00000cf7                Web_CSD_Number9
 .progmem.data.var_CSD_Number9
                0x00000d07        0x5 vem_03_05.o
                0x00000d07                var_CSD_Number9
 .progmem.data.Web_CSD_Number8
                0x00000d0c       0x10 vem_03_05.o
                0x00000d0c                Web_CSD_Number8
 .progmem.data.var_CSD_Number8
                0x00000d1c        0x5 vem_03_05.o
                0x00000d1c                var_CSD_Number8
 .progmem.data.Web_CSD_Number7
                0x00000d21       0x10 vem_03_05.o
                0x00000d21                Web_CSD_Number7
 .progmem.data.var_CSD_Number7
                0x00000d31        0x5 vem_03_05.o
                0x00000d31                var_CSD_Number7
 .progmem.data.Web_CSD_Number6
                0x00000d36       0x10 vem_03_05.o
                0x00000d36                Web_CSD_Number6
 .progmem.data.var_CSD_Number6
                0x00000d46        0x5 vem_03_05.o
                0x00000d46                var_CSD_Number6
 .progmem.data.Web_CSD_Number5
                0x00000d4b       0x10 vem_03_05.o
                0x00000d4b                Web_CSD_Number5
 .progmem.data.var_CSD_Number5
                0x00000d5b        0x5 vem_03_05.o
                0x00000d5b                var_CSD_Number5
 .progmem.data.Web_CSD_Number4
                0x00000d60       0x10 vem_03_05.o
                0x00000d60                Web_CSD_Number4
 .progmem.data.var_CSD_Number4
                0x00000d70        0x5 vem_03_05.o
                0x00000d70                var_CSD_Number4
 .progmem.data.Web_CSD_Number3
                0x00000d75       0x10 vem_03_05.o
                0x00000d75                Web_CSD_Number3
 .progmem.data.var_CSD_Number3
                0x00000d85        0x5 vem_03_05.o
                0x00000d85                var_CSD_Number3
 .progmem.data.Web_CSD_Number2
                0x00000d8a       0x10 vem_03_05.o
                0x00000d8a                Web_CSD_Number2
 .progmem.data.var_CSD_Number2
                0x00000d9a        0x5 vem_03_05.o
                0x00000d9a                var_CSD_Number2
 .progmem.data.Web_CSD_Number1
                0x00000d9f       0x10 vem_03_05.o
                0x00000d9f                Web_CSD_Number1
 .progmem.data.var_CSD_Number1
                0x00000daf        0x5 vem_03_05.o
                0x00000daf                var_CSD_Number1
 .progmem.data.Web_CSD_Number0
                0x00000db4       0x10 vem_03_05.o
                0x00000db4                Web_CSD_Number0
 .progmem.data.var_CSD_Number0
                0x00000dc4        0x5 vem_03_05.o
                0x00000dc4                var_CSD_Number0
 .progmem.data.Web_CLIP
                0x00000dc9       0x10 vem_03_05.o
                0x00000dc9                Web_CLIP
 .progmem.data.var_CLIP
                0x00000dd9        0x7 vem_03_05.o
                0x00000dd9                var_CLIP
 .progmem.data.csd_page
                0x00000de0      0x8c7 vem_03_05.o
                0x00000de0                csd_page
 .progmem.data.csd_IField
                0x000016a7       0x60 vem_03_05.o
                0x000016a7                csd_IField
 .progmem.data.name_csd
                0x00001707        0x9 vem_03_05.o
                0x00001707                name_csd
 .progmem.data.Web_gsm
                0x00001710        0xd vem_03_05.o
                0x00001710                Web_gsm
 .progmem.data.gsm_OField
                0x0000171d       0x1c vem_03_05.o
                0x0000171d                gsm_OField
 .progmem.data.Web_SMS_Number3
                0x00001739       0x10 vem_03_05.o
                0x00001739                Web_SMS_Number3
 .progmem.data.var_SMS_Number3
                0x00001749        0xc vem_03_05.o
                0x00001749                var_SMS_Number3
 .progmem.data.Web_SMS_Number2
                0x00001755       0x10 vem_03_05.o
                0x00001755                Web_SMS_Number2
 .progmem.data.var_SMS_Number2
                0x00001765        0xc vem_03_05.o
                0x00001765                var_SMS_Number2
 .progmem.data.Web_SMS_Number1
                0x00001771       0x10 vem_03_05.o
                0x00001771                Web_SMS_Number1
 .progmem.data.var_SMS_Number1
                0x00001781        0xc vem_03_05.o
                0x00001781                var_SMS_Number1
 .progmem.data.Web_SMS
                0x0000178d       0x10 vem_03_05.o
                0x0000178d                Web_SMS
 .progmem.data.var_SMS
                0x0000179d        0x6 vem_03_05.o
                0x0000179d                var_SMS
 .progmem.data.Web_GPRS_apn_psw
                0x000017a3       0x10 vem_03_05.o
                0x000017a3                Web_GPRS_apn_psw
 .progmem.data.var_GPRS_apn_psw
                0x000017b3        0xd vem_03_05.o
                0x000017b3                var_GPRS_apn_psw
 .progmem.data.Web_GPRS_apn_user_name
                0x000017c0       0x10 vem_03_05.o
                0x000017c0                Web_GPRS_apn_user_name
 .progmem.data.var_GPRS_apn_user_name
                0x000017d0       0x13 vem_03_05.o
                0x000017d0                var_GPRS_apn_user_name
 .progmem.data.Web_GPRS_apn1
                0x000017e3       0x10 vem_03_05.o
                0x000017e3                Web_GPRS_apn1
 .progmem.data.var_GPRS_apn1
                0x000017f3        0x9 vem_03_05.o
                0x000017f3                var_GPRS_apn1
 .progmem.data.gsm_page
                0x000017fc      0x4cf vem_03_05.o
                0x000017fc                gsm_page
 .progmem.data.gsm_IField
                0x00001ccb       0x30 vem_03_05.o
                0x00001ccb                gsm_IField
 .progmem.data.name_gsm
                0x00001cfb        0x9 vem_03_05.o
                0x00001cfb                name_gsm
 .progmem.data.Web_network
                0x00001d04        0xd vem_03_05.o
                0x00001d04                Web_network
 .progmem.data.network_OField
                0x00001d11       0xa0 vem_03_05.o
                0x00001d11                network_OField
 .progmem.data.Web_ResetGSM
                0x00001db1       0x10 vem_03_05.o
                0x00001db1                Web_ResetGSM
 .progmem.data.var_ResetGSM
                0x00001dc1        0x9 vem_03_05.o
                0x00001dc1                var_ResetGSM
 .progmem.data.Web_UDP3_Port
                0x00001dca       0x10 vem_03_05.o
                0x00001dca                Web_UDP3_Port
 .progmem.data.var_UDP3_Port
                0x00001dda        0xa vem_03_05.o
                0x00001dda                var_UDP3_Port
 .progmem.data.Web_UDP2_Port
                0x00001de4       0x10 vem_03_05.o
                0x00001de4                Web_UDP2_Port
 .progmem.data.var_UDP2_Port
                0x00001df4        0xa vem_03_05.o
                0x00001df4                var_UDP2_Port
 .progmem.data.Web_UDP1_Port
                0x00001dfe       0x10 vem_03_05.o
                0x00001dfe                Web_UDP1_Port
 .progmem.data.var_UDP1_Port
                0x00001e0e        0xa vem_03_05.o
                0x00001e0e                var_UDP1_Port
 .progmem.data.Web_UDP0_Port
                0x00001e18       0x10 vem_03_05.o
                0x00001e18                Web_UDP0_Port
 .progmem.data.var_UDP0_Port
                0x00001e28        0xa vem_03_05.o
                0x00001e28                var_UDP0_Port
 .progmem.data.Web_UDP3_IP4
                0x00001e32       0x10 vem_03_05.o
                0x00001e32                Web_UDP3_IP4
 .progmem.data.var_UDP3_IP4
                0x00001e42        0x6 vem_03_05.o
                0x00001e42                var_UDP3_IP4
 .progmem.data.Web_UDP3_IP3
                0x00001e48       0x10 vem_03_05.o
                0x00001e48                Web_UDP3_IP3
 .progmem.data.var_UDP3_IP3
                0x00001e58        0x6 vem_03_05.o
                0x00001e58                var_UDP3_IP3
 .progmem.data.Web_UDP3_IP2
                0x00001e5e       0x10 vem_03_05.o
                0x00001e5e                Web_UDP3_IP2
 .progmem.data.var_UDP3_IP2
                0x00001e6e        0x6 vem_03_05.o
                0x00001e6e                var_UDP3_IP2
 .progmem.data.Web_UDP3_IP1
                0x00001e74       0x10 vem_03_05.o
                0x00001e74                Web_UDP3_IP1
 .progmem.data.var_UDP3_IP1
                0x00001e84        0x6 vem_03_05.o
                0x00001e84                var_UDP3_IP1
 .progmem.data.Web_UDP2_IP4
                0x00001e8a       0x10 vem_03_05.o
                0x00001e8a                Web_UDP2_IP4
 .progmem.data.var_UDP2_IP4
                0x00001e9a        0x6 vem_03_05.o
                0x00001e9a                var_UDP2_IP4
 .progmem.data.Web_UDP2_IP3
                0x00001ea0       0x10 vem_03_05.o
                0x00001ea0                Web_UDP2_IP3
 .progmem.data.var_UDP2_IP3
                0x00001eb0        0x6 vem_03_05.o
                0x00001eb0                var_UDP2_IP3
 .progmem.data.Web_UDP2_IP2
                0x00001eb6       0x10 vem_03_05.o
                0x00001eb6                Web_UDP2_IP2
 .progmem.data.var_UDP2_IP2
                0x00001ec6        0x6 vem_03_05.o
                0x00001ec6                var_UDP2_IP2
 .progmem.data.Web_UDP2_IP1
                0x00001ecc       0x10 vem_03_05.o
                0x00001ecc                Web_UDP2_IP1
 .progmem.data.var_UDP2_IP1
                0x00001edc        0x6 vem_03_05.o
                0x00001edc                var_UDP2_IP1
 .progmem.data.Web_UDP1_IP4
                0x00001ee2       0x10 vem_03_05.o
                0x00001ee2                Web_UDP1_IP4
 .progmem.data.var_UDP1_IP4
                0x00001ef2        0x6 vem_03_05.o
                0x00001ef2                var_UDP1_IP4
 .progmem.data.Web_UDP1_IP3
                0x00001ef8       0x10 vem_03_05.o
                0x00001ef8                Web_UDP1_IP3
 .progmem.data.var_UDP1_IP3
                0x00001f08        0x6 vem_03_05.o
                0x00001f08                var_UDP1_IP3
 .progmem.data.Web_UDP1_IP2
                0x00001f0e       0x10 vem_03_05.o
                0x00001f0e                Web_UDP1_IP2
 .progmem.data.var_UDP1_IP2
                0x00001f1e        0x6 vem_03_05.o
                0x00001f1e                var_UDP1_IP2
 .progmem.data.Web_UDP1_IP1
                0x00001f24       0x10 vem_03_05.o
                0x00001f24                Web_UDP1_IP1
 .progmem.data.var_UDP1_IP1
                0x00001f34        0x6 vem_03_05.o
                0x00001f34                var_UDP1_IP1
 .progmem.data.Web_UDP0_IP4
                0x00001f3a       0x10 vem_03_05.o
                0x00001f3a                Web_UDP0_IP4
 .progmem.data.var_UDP0_IP4
                0x00001f4a        0x6 vem_03_05.o
                0x00001f4a                var_UDP0_IP4
 .progmem.data.Web_UDP0_IP3
                0x00001f50       0x10 vem_03_05.o
                0x00001f50                Web_UDP0_IP3
 .progmem.data.var_UDP0_IP3
                0x00001f60        0x6 vem_03_05.o
                0x00001f60                var_UDP0_IP3
 .progmem.data.Web_UDP0_IP2
                0x00001f66       0x10 vem_03_05.o
                0x00001f66                Web_UDP0_IP2
 .progmem.data.var_UDP0_IP2
                0x00001f76        0x6 vem_03_05.o
                0x00001f76                var_UDP0_IP2
 .progmem.data.Web_UDP0_IP1
                0x00001f7c       0x10 vem_03_05.o
                0x00001f7c                Web_UDP0_IP1
 .progmem.data.var_UDP0_IP1
                0x00001f8c        0x6 vem_03_05.o
                0x00001f8c                var_UDP0_IP1
 .progmem.data.Web_Cli3_IP4
                0x00001f92       0x10 vem_03_05.o
                0x00001f92                Web_Cli3_IP4
 .progmem.data.var_Cli3_IP4
                0x00001fa2        0x9 vem_03_05.o
                0x00001fa2                var_Cli3_IP4
 .progmem.data.Web_Cli3_IP3
                0x00001fab       0x10 vem_03_05.o
                0x00001fab                Web_Cli3_IP3
 .progmem.data.var_Cli3_IP3
                0x00001fbb        0x9 vem_03_05.o
                0x00001fbb                var_Cli3_IP3
 .progmem.data.Web_Cli3_IP2
                0x00001fc4       0x10 vem_03_05.o
                0x00001fc4                Web_Cli3_IP2
 .progmem.data.var_Cli3_IP2
                0x00001fd4        0x9 vem_03_05.o
                0x00001fd4                var_Cli3_IP2
 .progmem.data.Web_Cli3_IP1
                0x00001fdd       0x10 vem_03_05.o
                0x00001fdd                Web_Cli3_IP1
 .progmem.data.var_Cli3_IP1
                0x00001fed        0x9 vem_03_05.o
                0x00001fed                var_Cli3_IP1
 .progmem.data.Web_Cli2_IP4
                0x00001ff6       0x10 vem_03_05.o
                0x00001ff6                Web_Cli2_IP4
 .progmem.data.var_Cli2_IP4
                0x00002006        0x9 vem_03_05.o
                0x00002006                var_Cli2_IP4
 .progmem.data.Web_Cli2_IP3
                0x0000200f       0x10 vem_03_05.o
                0x0000200f                Web_Cli2_IP3
 .progmem.data.var_Cli2_IP3
                0x0000201f        0x9 vem_03_05.o
                0x0000201f                var_Cli2_IP3
 .progmem.data.Web_Cli2_IP2
                0x00002028       0x10 vem_03_05.o
                0x00002028                Web_Cli2_IP2
 .progmem.data.var_Cli2_IP2
                0x00002038        0x9 vem_03_05.o
                0x00002038                var_Cli2_IP2
 .progmem.data.Web_Cli2_IP1
                0x00002041       0x10 vem_03_05.o
                0x00002041                Web_Cli2_IP1
 .progmem.data.var_Cli2_IP1
                0x00002051        0x9 vem_03_05.o
                0x00002051                var_Cli2_IP1
 .progmem.data.Web_Cli1_IP4
                0x0000205a       0x10 vem_03_05.o
                0x0000205a                Web_Cli1_IP4
 .progmem.data.var_Cli1_IP4
                0x0000206a        0x9 vem_03_05.o
                0x0000206a                var_Cli1_IP4
 .progmem.data.Web_Cli1_IP3
                0x00002073       0x10 vem_03_05.o
                0x00002073                Web_Cli1_IP3
 .progmem.data.var_Cli1_IP3
                0x00002083        0x9 vem_03_05.o
                0x00002083                var_Cli1_IP3
 .progmem.data.Web_Cli1_IP2
                0x0000208c       0x10 vem_03_05.o
                0x0000208c                Web_Cli1_IP2
 .progmem.data.var_Cli1_IP2
                0x0000209c        0x9 vem_03_05.o
                0x0000209c                var_Cli1_IP2
 .progmem.data.Web_Cli1_IP1
                0x000020a5       0x10 vem_03_05.o
                0x000020a5                Web_Cli1_IP1
 .progmem.data.var_Cli1_IP1
                0x000020b5        0x9 vem_03_05.o
                0x000020b5                var_Cli1_IP1
 .progmem.data.Web_Cli0_IP4
                0x000020be       0x10 vem_03_05.o
                0x000020be                Web_Cli0_IP4
 .progmem.data.var_Cli0_IP4
                0x000020ce        0x9 vem_03_05.o
                0x000020ce                var_Cli0_IP4
 .progmem.data.Web_Cli0_IP3
                0x000020d7       0x10 vem_03_05.o
                0x000020d7                Web_Cli0_IP3
 .progmem.data.var_Cli0_IP3
                0x000020e7        0x9 vem_03_05.o
                0x000020e7                var_Cli0_IP3
 .progmem.data.Web_Cli0_IP2
                0x000020f0       0x10 vem_03_05.o
                0x000020f0                Web_Cli0_IP2
 .progmem.data.var_Cli0_IP2
                0x00002100        0x9 vem_03_05.o
                0x00002100                var_Cli0_IP2
 .progmem.data.Web_Cli0_IP1
                0x00002109       0x10 vem_03_05.o
                0x00002109                Web_Cli0_IP1
 .progmem.data.var_Cli0_IP1
                0x00002119        0x9 vem_03_05.o
                0x00002119                var_Cli0_IP1
 .progmem.data.Web_WebMaxSessionTime
                0x00002122       0x10 vem_03_05.o
                0x00002122                Web_WebMaxSessionTime
 .progmem.data.var_WebMaxSessionTime
                0x00002132       0x12 vem_03_05.o
                0x00002132                var_WebMaxSessionTime
 .progmem.data.Web_TCP_CONNECT_timeout
                0x00002144       0x10 vem_03_05.o
                0x00002144                Web_TCP_CONNECT_timeout
 .progmem.data.var_TCP_CONNECT_timeout
                0x00002154       0x14 vem_03_05.o
                0x00002154                var_TCP_CONNECT_timeout
 .progmem.data.Web_TCP_ListenPort
                0x00002168       0x10 vem_03_05.o
                0x00002168                Web_TCP_ListenPort
 .progmem.data.var_TCP_ListenPort
                0x00002178        0xf vem_03_05.o
                0x00002178                var_TCP_ListenPort
 .progmem.data.network_page
                0x00002187     0x104a vem_03_05.o
                0x00002187                network_page
 .progmem.data.network_IField
                0x000031d1      0x102 vem_03_05.o
                0x000031d1                network_IField
 .progmem.data.name_network
                0x000032d3        0xd vem_03_05.o
                0x000032d3                name_network
 .progmem.data.Web_name_access_error
                0x000032e0        0xd vem_03_05.o
                0x000032e0                Web_name_access_error
 .progmem.data.name_access_error_page
                0x000032ed      0x11a vem_03_05.o
                0x000032ed                name_access_error_page
 .progmem.data.name_access_error
                0x00003407       0x12 vem_03_05.o
                0x00003407                name_access_error
 .progmem.data.Web_favicon
                0x00003419        0xd vem_03_05.o
                0x00003419                Web_favicon
 .progmem.data.favicon
                0x00003426      0x57e vem_03_05.o
                0x00003426                favicon
 .progmem.data.name_favicon
                0x000039a4        0xc vem_03_05.o
                0x000039a4                name_favicon
 .progmem.data.Web_emeter
                0x000039b0        0xd vem_03_05.o
                0x000039b0                Web_emeter
 .progmem.data.emeter_OField
                0x000039bd       0x1c vem_03_05.o
                0x000039bd                emeter_OField
 .progmem.data.Web_CurrDataPeriod
                0x000039d9       0x10 vem_03_05.o
                0x000039d9                Web_CurrDataPeriod
 .progmem.data.var_CurrDataPeriod
                0x000039e9        0xf vem_03_05.o
                0x000039e9                var_CurrDataPeriod
 .progmem.data.Web_AutoSend
                0x000039f8       0x10 vem_03_05.o
                0x000039f8                Web_AutoSend
 .progmem.data.var_AutoSend
                0x00003a08        0x9 vem_03_05.o
                0x00003a08                var_AutoSend
 .progmem.data.Web_EM_UART_StopBits
                0x00003a11       0x10 vem_03_05.o
                0x00003a11                Web_EM_UART_StopBits
 .progmem.data.var_EM_UART_StopBits
                0x00003a21        0x9 vem_03_05.o
                0x00003a21                var_EM_UART_StopBits
 .progmem.data.Web_EM_UART_Parity
                0x00003a2a       0x10 vem_03_05.o
                0x00003a2a                Web_EM_UART_Parity
 .progmem.data.var_EM_UART_Parity
                0x00003a3a        0x7 vem_03_05.o
                0x00003a3a                var_EM_UART_Parity
 .progmem.data.Web_EM_UART_BitQt
                0x00003a41       0x10 vem_03_05.o
                0x00003a41                Web_EM_UART_BitQt
 .progmem.data.var_EM_UART_BitQt
                0x00003a51        0x6 vem_03_05.o
                0x00003a51                var_EM_UART_BitQt
 .progmem.data.Web_EM_UART_Rate
                0x00003a57       0x10 vem_03_05.o
                0x00003a57                Web_EM_UART_Rate
 .progmem.data.var_EM_UART_Rate
                0x00003a67        0x5 vem_03_05.o
                0x00003a67                var_EM_UART_Rate
 .progmem.data.Web_EMeterType
                0x00003a6c       0x10 vem_03_05.o
                0x00003a6c                Web_EMeterType
 .progmem.data.var_EMeterType
                0x00003a7c        0xb vem_03_05.o
                0x00003a7c                var_EMeterType
 .progmem.data.emeter_page
                0x00003a87      0x900 vem_03_05.o
                0x00003a87                emeter_page
 .progmem.data.emeter_IField
                0x00004387       0xcc vem_03_05.o
                0x00004387                emeter_IField
 .progmem.data.STB_2_List
                0x00004453        0x4 vem_03_05.o
                0x00004453                STB_2_List
 .progmem.data.STB_1_List
                0x00004457        0x4 vem_03_05.o
                0x00004457                STB_1_List
 .progmem.data.PAR_O_List
                0x0000445b        0x6 vem_03_05.o
                0x0000445b                PAR_O_List
 .progmem.data.PAR_E_List
                0x00004461        0x6 vem_03_05.o
                0x00004461                PAR_E_List
 .progmem.data.PAR_N_List
                0x00004467        0x6 vem_03_05.o
                0x00004467                PAR_N_List
 .progmem.data.BIT8_List
                0x0000446d        0x8 vem_03_05.o
                0x0000446d                BIT8_List
 .progmem.data.BIT7_List
                0x00004475        0x8 vem_03_05.o
                0x00004475                BIT7_List
 .progmem.data.BIT6_List
                0x0000447d        0x8 vem_03_05.o
                0x0000447d                BIT6_List
 .progmem.data.BIT5_List
                0x00004485        0x8 vem_03_05.o
                0x00004485                BIT5_List
 .progmem.data.BR57600_List
                0x0000448d       0x12 vem_03_05.o
                0x0000448d                BR57600_List
 .progmem.data.BR34800_List
                0x0000449f       0x12 vem_03_05.o
                0x0000449f                BR34800_List
 .progmem.data.BR28800_List
                0x000044b1       0x12 vem_03_05.o
                0x000044b1                BR28800_List
 .progmem.data.BR19200_List
                0x000044c3       0x12 vem_03_05.o
                0x000044c3                BR19200_List
 .progmem.data.BR14400_List
                0x000044d5       0x12 vem_03_05.o
                0x000044d5                BR14400_List
 .progmem.data.BR9600_List
                0x000044e7       0x12 vem_03_05.o
                0x000044e7                BR9600_List
 .progmem.data.BR4800_List
                0x000044f9       0x12 vem_03_05.o
                0x000044f9                BR4800_List
 .progmem.data.BR2400_List
                0x0000450b       0x12 vem_03_05.o
                0x0000450b                BR2400_List
 .progmem.data.BR1200_List
                0x0000451d       0x12 vem_03_05.o
                0x0000451d                BR1200_List
 .progmem.data.ELVIN_MODEM_List
                0x0000452f        0xa vem_03_05.o
                0x0000452f                ELVIN_MODEM_List
 .progmem.data.MERCURY_230_List
                0x00004539        0xa vem_03_05.o
                0x00004539                MERCURY_230_List
 .progmem.data.ELVIN_List
                0x00004543        0xa vem_03_05.o
                0x00004543                ELVIN_List
 .progmem.data.LANDIS_GYR_ZMR110_List
                0x0000454d        0xa vem_03_05.o
                0x0000454d                LANDIS_GYR_ZMR110_List
 .progmem.data.EM_NONE_List
                0x00004557        0xa vem_03_05.o
                0x00004557                EM_NONE_List
 .progmem.data.ON_List
                0x00004561        0x4 vem_03_05.o
                0x00004561                ON_List
 .progmem.data.OFF_List
                0x00004565        0x4 vem_03_05.o
                0x00004565                OFF_List
 .progmem.data.Selected_Str
                0x00004569        0x9 vem_03_05.o
                0x00004569                Selected_Str
 .progmem.data.Space_Str
                0x00004572        0x9 vem_03_05.o
                0x00004572                Space_Str
 .progmem.data.name_emeter
                0x0000457b        0xc vem_03_05.o
                0x0000457b                name_emeter
 .progmem.data.Web_index
                0x00004587        0xd vem_03_05.o
                0x00004587                Web_index
 .progmem.data.index_page
                0x00004594      0x2ea vem_03_05.o
                0x00004594                index_page
 .progmem.data.index_IField
                0x0000487e       0x3c vem_03_05.o
                0x0000487e                index_IField
 .progmem.data.name_index
                0x000048ba        0xb vem_03_05.o
                0x000048ba                name_index
 .progmem.data.Web_login
                0x000048c5        0xd vem_03_05.o
                0x000048c5                Web_login
 .progmem.data.vars_loginOField
                0x000048d2        0x8 vem_03_05.o
                0x000048d2                vars_loginOField
 .progmem.data.Web_PasswOF
                0x000048da       0x10 vem_03_05.o
                0x000048da                Web_PasswOF
 .progmem.data.vars_Passw
                0x000048ea        0x9 vem_03_05.o
                0x000048ea                vars_Passw
 .progmem.data.Web_LoginOF
                0x000048f3       0x10 vem_03_05.o
                0x000048f3                Web_LoginOF
 .progmem.data.vars_Login
                0x00004903        0x6 vem_03_05.o
                0x00004903                vars_Login
 .progmem.data.login_page
                0x00004909      0x1e3 vem_03_05.o
                0x00004909                login_page
 .progmem.data.login_InField
                0x00004aec       0x18 vem_03_05.o
                0x00004aec                login_InField
 .progmem.data.Web_LoginMsg_List
                0x00004b04        0x8 vem_03_05.o
                0x00004b04                Web_LoginMsg_List
 .progmem.data.Login_PSW_Str
                0x00004b0c       0x32 vem_03_05.o
                0x00004b0c                Login_PSW_Str
 .progmem.data.Login_Login_Str
                0x00004b3e       0x32 vem_03_05.o
                0x00004b3e                Login_Login_Str
 .progmem.data.Login_Busy_Str
                0x00004b70       0x32 vem_03_05.o
                0x00004b70                Login_Busy_Str
 .progmem.data.Login_Welcome_Str
                0x00004ba2       0x32 vem_03_05.o
                0x00004ba2                Login_Welcome_Str
 .progmem.data.name_login
                0x00004bd4        0xb vem_03_05.o
                0x00004bd4                name_login
 .progmem.data.EM_END_REQ
                0x00004bdf        0x4 vem_03_05.o
                0x00004bdf                EM_END_REQ
 .progmem.data.EM_RESP_NOCARRIER
                0x00004be3        0xf vem_03_05.o
                0x00004be3                EM_RESP_NOCARRIER
 .progmem.data.EM_RESP_CONNECT
                0x00004bf2        0xc vem_03_05.o
                0x00004bf2                EM_RESP_CONNECT
 .progmem.data.EM_RESP_RING
                0x00004bfe        0x9 vem_03_05.o
                0x00004bfe                EM_RESP_RING
 .progmem.data.EM_RESP_OK
                0x00004c07        0x7 vem_03_05.o
                0x00004c07                EM_RESP_OK
 .progmem.data.EM_RESP_ATA
                0x00004c0e        0x5 vem_03_05.o
                0x00004c0e                EM_RESP_ATA
 .progmem.data.EM_RESP_ATH
                0x00004c13        0x8 vem_03_05.o
                0x00004c13                EM_RESP_ATH
 .progmem.data.EM_RESP_ATE0
                0x00004c1b        0x6 vem_03_05.o
                0x00004c1b                EM_RESP_ATE0
 .progmem.data.EM_RESP_ATZ
                0x00004c21        0x5 vem_03_05.o
                0x00004c21                EM_RESP_ATZ
 .progmem.data.EM_RESP_AT
                0x00004c26        0x4 vem_03_05.o
                0x00004c26                EM_RESP_AT
 .progmem.data.EM_ACTIVEPOWER_REQ
                0x00004c2a        0x6 vem_03_05.o
                0x00004c2a                EM_ACTIVEPOWER_REQ
 .progmem.data.EM_CURRENT_REQ
                0x00004c30        0x6 vem_03_05.o
                0x00004c30                EM_CURRENT_REQ
 .progmem.data.EM_VOLTAGE_REQ
                0x00004c36        0x6 vem_03_05.o
                0x00004c36                EM_VOLTAGE_REQ
 .progmem.data.EM_ENERGY_REQ
                0x00004c3c        0x6 vem_03_05.o
                0x00004c3c                EM_ENERGY_REQ
 .progmem.data.EM_OPEN_CH_REQ
                0x00004c42        0xb vem_03_05.o
                0x00004c42                EM_OPEN_CH_REQ
 .progmem.data.EM_READ_DATA_REQ
                0x00004c4d        0x5 vem_03_05.o
                0x00004c4d                EM_READ_DATA_REQ
 .progmem.data.EM_REQ
                0x00004c52        0x4 vem_03_05.o
                0x00004c52                EM_REQ
 .progmem.data.EM_RESP_F_F_0
                0x00004c56        0x6 vem_03_05.o
                0x00004c56                EM_RESP_F_F_0
 .progmem.data.EM_RESP_0_0_0
                0x00004c5c        0x6 vem_03_05.o
                0x00004c5c                EM_RESP_0_0_0
 .progmem.data.EM_RESP_C_62_2
                0x00004c62        0x7 vem_03_05.o
                0x00004c62                EM_RESP_C_62_2
 .progmem.data.EM_RESP_C_62_0
                0x00004c69        0x7 vem_03_05.o
                0x00004c69                EM_RESP_C_62_0
 .progmem.data.EM_RESP_C_61_2
                0x00004c70        0x7 vem_03_05.o
                0x00004c70                EM_RESP_C_61_2
 .progmem.data.EM_RESP_C_61_0
                0x00004c77        0x7 vem_03_05.o
                0x00004c77                EM_RESP_C_61_0
 .progmem.data.EM_RESP_C_60_2
                0x00004c7e        0x7 vem_03_05.o
                0x00004c7e                EM_RESP_C_60_2
 .progmem.data.EM_RESP_C_60_0
                0x00004c85        0x7 vem_03_05.o
                0x00004c85                EM_RESP_C_60_0
 .progmem.data.EM_RESP_16_7_0
                0x00004c8c        0x7 vem_03_05.o
                0x00004c8c                EM_RESP_16_7_0
 .progmem.data.EM_RESP_71_7_0
                0x00004c93        0x7 vem_03_05.o
                0x00004c93                EM_RESP_71_7_0
 .progmem.data.EM_RESP_51_7_0
                0x00004c9a        0x7 vem_03_05.o
                0x00004c9a                EM_RESP_51_7_0
 .progmem.data.EM_RESP_31_7_0
                0x00004ca1        0x7 vem_03_05.o
                0x00004ca1                EM_RESP_31_7_0
 .progmem.data.EM_RESP_72_7_0
                0x00004ca8        0x7 vem_03_05.o
                0x00004ca8                EM_RESP_72_7_0
 .progmem.data.EM_RESP_52_7_0
                0x00004caf        0x7 vem_03_05.o
                0x00004caf                EM_RESP_52_7_0
 .progmem.data.EM_RESP_32_7_0
                0x00004cb6        0x7 vem_03_05.o
                0x00004cb6                EM_RESP_32_7_0
 .progmem.data.EM_RESP_4_8_0
                0x00004cbd        0x6 vem_03_05.o
                0x00004cbd                EM_RESP_4_8_0
 .progmem.data.EM_RESP_3_8_0
                0x00004cc3        0x6 vem_03_05.o
                0x00004cc3                EM_RESP_3_8_0
 .progmem.data.EM_RESP_2_8_0
                0x00004cc9        0x6 vem_03_05.o
                0x00004cc9                EM_RESP_2_8_0
 .progmem.data.EM_RESP_1_8_0
                0x00004ccf        0x6 vem_03_05.o
                0x00004ccf                EM_RESP_1_8_0
 .progmem.data.EM_RESP_0_9_1
                0x00004cd5        0x6 vem_03_05.o
                0x00004cd5                EM_RESP_0_9_1
 .progmem.data.EM_RESP_0_9_2
                0x00004cdb        0x6 vem_03_05.o
                0x00004cdb                EM_RESP_0_9_2
 .progmem.data.METHOD_POST
                0x00004ce1        0x7 vem_03_05.o
                0x00004ce1                METHOD_POST
 .progmem.data.METHOD_GET
                0x00004ce8        0x6 vem_03_05.o
                0x00004ce8                METHOD_GET
 .progmem.data.Web_error_page
                0x00004cee        0xd vem_03_05.o
                0x00004cee                Web_error_page
 .progmem.data.error_page
                0x00004cfb       0x75 vem_03_05.o
                0x00004cfb                error_page
 .progmem.data.SESSID_pstr
                0x00004d70        0x9 vem_03_05.o
                0x00004d70                SESSID_pstr
 .progmem.data.inputSESSID_Str
                0x00004d79       0x2b vem_03_05.o
                0x00004d79                inputSESSID_Str
 .progmem.data.Connection_Close
                0x00004da4       0x16 vem_03_05.o
                0x00004da4                Connection_Close
 .progmem.data.jpeg_str
                0x00004dba        0x5 vem_03_05.o
                0x00004dba                jpeg_str
 .progmem.data.gif_str
                0x00004dbf        0x4 vem_03_05.o
                0x00004dbf                gif_str
 .progmem.data.ico_str
                0x00004dc3        0x4 vem_03_05.o
                0x00004dc3                ico_str
 .progmem.data.html_str
                0x00004dc7        0x5 vem_03_05.o
                0x00004dc7                html_str
 .progmem.data.image_str
                0x00004dcc        0x7 vem_03_05.o
                0x00004dcc                image_str
 .progmem.data.html_cp1251_str
                0x00004dd3       0x22 vem_03_05.o
                0x00004dd3                html_cp1251_str
 .progmem.data.Content_Length
                0x00004df5       0x13 vem_03_05.o
                0x00004df5                Content_Length
 .progmem.data.Content_Type
                0x00004e08        0xf vem_03_05.o
                0x00004e08                Content_Type
 .progmem.data.HTTP_200_OK
                0x00004e17       0x12 vem_03_05.o
                0x00004e17                HTTP_200_OK
 .progmem.data.MsgErr41
                0x00004e29        0x1 vem_03_05.o
                0x00004e29                MsgErr41
 .progmem.data.TestMsg_str
                0x00004e2a       0x13 vem_03_05.o
                0x00004e2a                TestMsg_str
 .progmem.data.MB_Master_List
                0x00004e3d        0x3 vem_03_05.o
                0x00004e3d                MB_Master_List
 .progmem.data.DO_M
                0x00004e40        0xf vem_03_05.o
 .progmem.data.DI_M
                0x00004e4f       0x20 vem_03_05.o
 .progmem.data.AT_ATH
                0x00004e6f        0x4 vem_03_05.o
                0x00004e6f                AT_ATH
 .progmem.data.AT_ATA
                0x00004e73        0x4 vem_03_05.o
                0x00004e73                AT_ATA
 .progmem.data.AT_CSQ
                0x00004e77        0x7 vem_03_05.o
                0x00004e77                AT_CSQ
 .progmem.data.AT_CGATT_0
                0x00004e7e        0xb vem_03_05.o
                0x00004e7e                AT_CGATT_0
 .progmem.data.AT_CIPSHUT
                0x00004e89        0xb vem_03_05.o
                0x00004e89                AT_CIPSHUT
 .progmem.data.AT_CIPCLOSE
                0x00004e94        0xe vem_03_05.o
                0x00004e94                AT_CIPCLOSE
 .progmem.data.AT_CIPCLOSE_1
                0x00004ea2       0x10 vem_03_05.o
                0x00004ea2                AT_CIPCLOSE_1
 .progmem.data.AT_CIPSEND
                0x00004eb2        0xc vem_03_05.o
                0x00004eb2                AT_CIPSEND
 .progmem.data.AT_SERVERCLOSE
                0x00004ebe        0xf vem_03_05.o
                0x00004ebe                AT_SERVERCLOSE
 .progmem.data.AT_CIPSERVER
                0x00004ecd       0x10 vem_03_05.o
                0x00004ecd                AT_CIPSERVER
 .progmem.data.AT_CIPSTART
                0x00004edd       0x15 vem_03_05.o
                0x00004edd                AT_CIPSTART
 .progmem.data.AT_CIFSR
                0x00004ef2        0x9 vem_03_05.o
                0x00004ef2                AT_CIFSR
 .progmem.data.AT_CIICR
                0x00004efb        0x9 vem_03_05.o
                0x00004efb                AT_CIICR
 .progmem.data.AT_CSTT
                0x00004f04        0x8 vem_03_05.o
                0x00004f04                AT_CSTT
 .progmem.data.AT_CIPCSGP
                0x00004f0c        0xf vem_03_05.o
                0x00004f0c                AT_CIPCSGP
 .progmem.data.AT_CGATT
                0x00004f1b        0xb vem_03_05.o
                0x00004f1b                AT_CGATT
 .progmem.data.AT_CIPMUX_1
                0x00004f26        0xc vem_03_05.o
                0x00004f26                AT_CIPMUX_1
 .progmem.data.AT_CIPMUX_0
                0x00004f32        0xc vem_03_05.o
                0x00004f32                AT_CIPMUX_0
 .progmem.data.AT_CIPMODE_1
                0x00004f3e        0xd vem_03_05.o
                0x00004f3e                AT_CIPMODE_1
 .progmem.data.AT_CIPMODE_0
                0x00004f4b        0xd vem_03_05.o
                0x00004f4b                AT_CIPMODE_0
 .progmem.data.AT_CMGS
                0x00004f58        0xb vem_03_05.o
                0x00004f58                AT_CMGS
 .progmem.data.AT_CSMP
                0x00004f63       0x13 vem_03_05.o
                0x00004f63                AT_CSMP
 .progmem.data.AT_CMGF
                0x00004f76        0xa vem_03_05.o
                0x00004f76                AT_CMGF
 .progmem.data.AT_CCID
                0x00004f80        0x8 vem_03_05.o
                0x00004f80                AT_CCID
 .progmem.data.AT_CLIP
                0x00004f88        0xa vem_03_05.o
                0x00004f88                AT_CLIP
 .progmem.data.AT_CGMM
                0x00004f92        0x8 vem_03_05.o
                0x00004f92                AT_CGMM
 .progmem.data.AT_E0
                0x00004f9a        0x5 vem_03_05.o
                0x00004f9a                AT_E0
 .progmem.data.AT_W
                0x00004f9f        0x5 vem_03_05.o
                0x00004f9f                AT_W
 .progmem.data.AT_IPR9600
                0x00004fa4        0xc vem_03_05.o
                0x00004fa4                AT_IPR9600
 .progmem.data.AT_AT
                0x00004fb0        0x3 vem_03_05.o
                0x00004fb0                AT_AT
 .progmem.data.ESC_SEQ
                0x00004fb3        0x4 vem_03_05.o
                0x00004fb3                ESC_SEQ
 .progmem.data.RESP_CONNECT_9600
                0x00004fb7        0xd vem_03_05.o
                0x00004fb7                RESP_CONNECT_9600
 .progmem.data.RESP_SHUT_OK
                0x00004fc4        0x8 vem_03_05.o
                0x00004fc4                RESP_SHUT_OK
 .progmem.data.RESP_CSQ
                0x00004fcc        0x6 vem_03_05.o
                0x00004fcc                RESP_CSQ
 .progmem.data.RESP_CLOSE_OK_FAST
                0x00004fd2        0xc vem_03_05.o
                0x00004fd2                RESP_CLOSE_OK_FAST
 .progmem.data.RESP_CLOSE_OK
                0x00004fde        0x9 vem_03_05.o
                0x00004fde                RESP_CLOSE_OK
 .progmem.data.RESP_SEND_OK
                0x00004fe7        0xb vem_03_05.o
                0x00004fe7                RESP_SEND_OK
 .progmem.data.RESP_SERVER_CLOSE
                0x00004ff2        0xd vem_03_05.o
                0x00004ff2                RESP_SERVER_CLOSE
 .progmem.data.RESP_SERVER_OK
                0x00004fff        0xa vem_03_05.o
                0x00004fff                RESP_SERVER_OK
 .progmem.data.RESP_CONNECT_OK
                0x00005009        0xe vem_03_05.o
                0x00005009                RESP_CONNECT_OK
 .progmem.data.RESP_OK
                0x00005017        0x3 vem_03_05.o
                0x00005017                RESP_OK
 .progmem.data.URC_NO_CARRIER
                0x0000501a        0xb vem_03_05.o
                0x0000501a                URC_NO_CARRIER
 .progmem.data.URC_RING
                0x00005025        0x5 vem_03_05.o
                0x00005025                URC_RING
 .progmem.data.URC_PDPDEACT
                0x0000502a        0xb vem_03_05.o
                0x0000502a                URC_PDPDEACT
 .progmem.data.URC_CLOSED
                0x00005035        0x9 vem_03_05.o
                0x00005035                URC_CLOSED
 .progmem.data.URC_RECEIVE
                0x0000503e        0xa vem_03_05.o
                0x0000503e                URC_RECEIVE
 .progmem.data.URC_CONNECT
                0x00005048        0x8 vem_03_05.o
                0x00005048                URC_CONNECT
 .progmem.data.URC_REMOTE_IP
                0x00005050        0xa vem_03_05.o
                0x00005050                URC_REMOTE_IP
 .progmem.data.URC_SMS_READY
                0x0000505a        0xa vem_03_05.o
                0x0000505a                URC_SMS_READY
 .progmem.data.URC_CALL_READY
                0x00005064        0xb vem_03_05.o
                0x00005064                URC_CALL_READY
 .progmem.data.URC_RDY
                0x0000506f        0x4 vem_03_05.o
                0x0000506f                URC_RDY
 .progmem.data.GSM_SIMCOM_SIM800
                0x00005073        0xe vem_03_05.o
                0x00005073                GSM_SIMCOM_SIM800
 .progmem.data.GSM_SIMCOM_SIM900R
                0x00005081        0xf vem_03_05.o
                0x00005081                GSM_SIMCOM_SIM900R
 .progmem.data.MB_Timer
                0x00005090        0xc vem_03_05.o
 .progmem.data.MB_Port
                0x0000509c       0x14 vem_03_05.o
 .progmem.data.BR_Tbl
                0x000050b0       0x1b vem_03_05.o
                0x000050b0                BR_Tbl
 .progmem.data.Modbus_Map
                0x000050cb       0x10 vem_03_05.o
                0x000050cb                Modbus_Map
 .progmem.data.MB_Role
                0x000050db        0x1 vem_03_05.o
 .progmem.data  0x000050dc        0xc c:/program files (x86)/atmel/atmel toolchain/avr8 gcc/native/3.4.1061/avr8-gnu-toolchain/bin/../lib/gcc/avr/4.8.1/../../../../avr/lib/avr51\libc.a(vfscanf_std.o)
                0x000050e8                . = ALIGN (0x2)
 *(.jumptables)
 *(.jumptables*)
 *(.lowtext)
 *(.lowtext*)
                0x000050e8                __ctors_start = .
 *(.ctors)
                0x000050e8                __ctors_end = .
                0x000050e8                __dtors_start = .
 *(.dtors)
                0x000050e8                __dtors_end = .
 SORT(*)(.ctors)
 SORT(*)(.dtors)
 *(.init0)
 .init0         0x000050e8        0x0 c:/program files (x86)/atmel/atmel toolchain/avr8 gcc/native/3.4.1061/avr8-gnu-toolchain/bin/../lib/gcc/avr/4.8.1/../../../../avr/lib/avr51/crtm128.o
                0x000050e8                __init
 *(.init0)
 *(.init1)
 *(.init1)
 *(.init2)
 .init2         0x000050e8        0xc c:/program files (x86)/atmel/atmel toolchain/avr8 gcc/native/3.4.1061/avr8-gnu-toolchain/bin/../lib/gcc/avr/4.8.1/../../../../avr/lib/avr51/crtm128.o
 *(.init2)
 *(.init3)
 *(.init3)
 *(.init4)
 .init4         0x000050f4       0x1a c:/program files (x86)/atmel/atmel toolchain/avr8 gcc/native/3.4.1061/avr8-gnu-toolchain/bin/../lib/gcc/avr/4.8.1/avr51\libgcc.a(_copy_data.o)
                0x000050f4                __do_copy_data
 .init4         0x0000510e       0x10 c:/program files (x86)/atmel/atmel toolchain/avr8 gcc/native/3.4.1061/avr8-gnu-toolchain/bin/../lib/gcc/avr/4.8.1/avr51\libgcc.a(_clear_bss.o)
                0x0000510e                __do_clear_bss
 *(.init4)
 *(.init5)
 *(.init5)
 *(.init6)
 *(.init6)
 *(.init7)
 *(.init7)
 *(.init8)
 *(.init8)
 *(.init9)
 .init9         0x0000511e        0x8 c:/program files (x86)/atmel/atmel toolchain/avr8 gcc/native/3.4.1061/avr8-gnu-toolchain/bin/../lib/gcc/avr/4.8.1/../../../../avr/lib/avr51/crtm128.o
 *(.init9)
 *(.text)
 .text          0x00005126        0x4 c:/program files (x86)/atmel/atmel toolchain/avr8 gcc/native/3.4.1061/avr8-gnu-toolchain/bin/../lib/gcc/avr/4.8.1/../../../../avr/lib/avr51/crtm128.o
                0x00005126                __vector_22
                0x00005126                __vector_28
                0x00005126                __vector_1
                0x00005126                __vector_34
                0x00005126                __vector_24
                0x00005126                __bad_interrupt
                0x00005126                __vector_6
                0x00005126                __vector_3
                0x00005126                __vector_23
                0x00005126                __vector_25
                0x00005126                __vector_11
                0x00005126                __vector_13
                0x00005126                __vector_17
                0x00005126                __vector_7
                0x00005126                __vector_27
                0x00005126                __vector_5
                0x00005126                __vector_33
                0x00005126                __vector_4
                0x00005126                __vector_2
                0x00005126                __vector_21
                0x00005126                __vector_29
                0x00005126                __vector_8
                0x00005126                __vector_26
                0x00005126                __vector_14
                0x00005126                __vector_10
                0x00005126                __vector_16
                0x0000512a                . = ALIGN (0x2)
 *(.text.*)
 .text.rrb      0x0000512a        0x6 vem_03_05.o
                0x0000512a                rrb
 .text.prb      0x00005130        0x6 vem_03_05.o
                0x00005130                prb
 .text.prb_f    0x00005136        0xe vem_03_05.o
                0x00005136                prb_f
 .text.RS485_1  0x00005144        0xa vem_03_05.o
                0x00005144                RS485_1
 .text.MB_LED1  0x0000514e        0x2 vem_03_05.o
                0x0000514e                MB_LED1
 .text.MB_LED_Err_On_1
                0x00005150        0x2 vem_03_05.o
                0x00005150                MB_LED_Err_On_1
 .text.MB_LED_Err_Off_1
                0x00005152        0x2 vem_03_05.o
                0x00005152                MB_LED_Err_Off_1
 .text.StartTimer0
                0x00005154        0xc vem_03_05.o
                0x00005154                StartTimer0
 .text.StartTimer2
                0x00005160        0xc vem_03_05.o
                0x00005160                StartTimer2
 .text.MB_Timer_ISR
                0x0000516c       0x8e vem_03_05.o
 .text.MBRecept
                0x000051fa       0x84 vem_03_05.o
 .text.GetSlave
                0x0000527e       0x2a vem_03_05.o
 .text.DI_Init_Hard
                0x000052a8       0x42 vem_03_05.o
 .text.Reboot   0x000052ea        0x4 vem_03_05.o
                0x000052ea                Reboot
 .text.ResetGSMState
                0x000052ee        0x8 vem_03_05.o
                0x000052ee                ResetGSMState
 .text.Start_Updater
                0x000052f6        0x8 vem_03_05.o
                0x000052f6                Start_Updater
 .text.Web_Login_Request
                0x000052fe        0x8 vem_03_05.o
                0x000052fe                Web_Login_Request
 .text.erb      0x00005306        0x4 vem_03_05.o
                0x00005306                erb
 .text.GetReg   0x0000530a       0x76 vem_03_05.o
 .text.prd      0x00005380        0xc vem_03_05.o
                0x00005380                prd
 .text.CRC_Seed
                0x0000538c       0x9a vem_03_05.o
                0x0000538c                CRC_Seed
 .text.CRC      0x00005426       0x12 vem_03_05.o
                0x00005426                CRC
 .text.CRC_EEPROM_calc
                0x00005438       0x38 vem_03_05.o
 .text.CRC_EEPROM_upd
                0x00005470       0x18 vem_03_05.o
 .text.ewb      0x00005488        0x8 vem_03_05.o
                0x00005488                ewb
 .text.Start_Bootloader
                0x00005490        0xe vem_03_05.o
                0x00005490                Start_Bootloader
 .text.eww      0x0000549e        0x8 vem_03_05.o
                0x0000549e                eww
 .text.ewd      0x000054a6        0x8 vem_03_05.o
                0x000054a6                ewd
 .text.ewbl     0x000054ae        0x8 vem_03_05.o
                0x000054ae                ewbl
 .text.CRC_Flash_calc
                0x000054b6       0x34 vem_03_05.o
 .text.MemCheckInit
                0x000054ea       0x34 vem_03_05.o
                0x000054ea                MemCheckInit
 .text.IntOff   0x0000551e       0x10 vem_03_05.o
                0x0000551e                IntOff
 .text.IntOn    0x0000552e       0x10 vem_03_05.o
                0x0000552e                IntOn
 .text.Modbus_ReadHoldReg
                0x0000553e       0x68 vem_03_05.o
                0x0000553e                Modbus_ReadHoldReg
 .text.WdtOn    0x000055a6       0x16 vem_03_05.o
                0x000055a6                WdtOn
 .text.Timer16Alloc
                0x000055bc        0xe vem_03_05.o
                0x000055bc                Timer16Alloc
 .text.Timer32Alloc
                0x000055ca        0xe vem_03_05.o
                0x000055ca                Timer32Alloc
 .text.StartTimer8
                0x000055d8       0x5c vem_03_05.o
                0x000055d8                StartTimer8
 .text.StartTimer16
                0x00005634       0x58 vem_03_05.o
                0x00005634                StartTimer16
 .text.SlavesOn
                0x0000568c       0x36 vem_03_05.o
 .text.NextSlave
                0x000056c2      0x124 vem_03_05.o
 .text.FailSlave
                0x000057e6       0xd0 vem_03_05.o
 .text.StartTimer32
                0x000058b6       0x7e vem_03_05.o
                0x000058b6                StartTimer32
 .text.Timer8Stopp
                0x00005934       0x36 vem_03_05.o
                0x00005934                Timer8Stopp
 .text.Timer16Stopp
                0x0000596a       0x4e vem_03_05.o
                0x0000596a                Timer16Stopp
 .text.Timer32Stopp
                0x000059b8       0x56 vem_03_05.o
                0x000059b8                Timer32Stopp
 .text.ResetTimer16
                0x00005a0e       0x42 vem_03_05.o
                0x00005a0e                ResetTimer16
 .text.OnTimeSave
                0x00005a50       0x1c vem_03_05.o
                0x00005a50                OnTimeSave
 .text.TimeInit
                0x00005a6c       0x7c vem_03_05.o
                0x00005a6c                TimeInit
 .text.ScanCycleInit
                0x00005ae8       0x16 vem_03_05.o
                0x00005ae8                ScanCycleInit
 .text.__vector_12
                0x00005afe       0x96 vem_03_05.o
                0x00005afe                __vector_12
 .text.TimersInc
                0x00005b94      0x1f8 vem_03_05.o
                0x00005b94                TimersInc
 .text.TimeCycle
                0x00005d8c       0x3a vem_03_05.o
                0x00005d8c                TimeCycle
 .text.Delay_us
                0x00005dc6       0x30 vem_03_05.o
                0x00005dc6                Delay_us
 .text.MB_PLC_Init
                0x00005df6        0x6 vem_03_05.o
                0x00005df6                MB_PLC_Init
 .text.OW_MasterPullLowBus
                0x00005dfc       0x1a vem_03_05.o
                0x00005dfc                OW_MasterPullLowBus
 .text.OW_MasterReleaseBus
                0x00005e16       0x1a vem_03_05.o
                0x00005e16                OW_MasterReleaseBus
 .text.GSM_PWRCNTRL_Config
                0x00005e30        0x8 vem_03_05.o
                0x00005e30                GSM_PWRCNTRL_Config
 .text.GSM_PWRCNTRL_OFF
                0x00005e38        0x8 vem_03_05.o
                0x00005e38                GSM_PWRCNTRL_OFF
 .text.GSM_PWRCNTRL_ON
                0x00005e40        0x8 vem_03_05.o
                0x00005e40                GSM_PWRCNTRL_ON
 .text.CTS_Config
                0x00005e48        0x4 vem_03_05.o
                0x00005e48                CTS_Config
 .text.CTS_OFF  0x00005e4c        0x4 vem_03_05.o
                0x00005e4c                CTS_OFF
 .text.CTS_ON   0x00005e50        0x4 vem_03_05.o
                0x00005e50                CTS_ON
 .text.RTS_Config
                0x00005e54        0x6 vem_03_05.o
                0x00005e54                RTS_Config
 .text.__vector_15
                0x00005e5a       0x60 vem_03_05.o
                0x00005e5a                __vector_15
 .text.__vector_9
                0x00005eba       0x60 vem_03_05.o
                0x00005eba                __vector_9
 .text.SetParity
                0x00005f1a       0x86 vem_03_05.o
                0x00005f1a                SetParity
 .text.SetBAUD  0x00005fa0       0x86 vem_03_05.o
                0x00005fa0                SetBAUD
 .text.MB_Transm
                0x00006026       0x84 vem_03_05.o
                0x00006026                MB_Transm
 .text.Modbus_RX
                0x000060aa       0xbe vem_03_05.o
                0x000060aa                Modbus_RX
 .text.CommErr  0x00006168       0xc2 vem_03_05.o
                0x00006168                CommErr
 .text.SetCRC_MB
                0x0000622a       0x38 vem_03_05.o
                0x0000622a                SetCRC_MB
 .text.FormData
                0x00006262      0x1de vem_03_05.o
 .text.FormQuery
                0x00006440       0x94 vem_03_05.o
 .text.FormSingle
                0x000064d4       0x54 vem_03_05.o
 .text.MB_FrameReg
                0x00006528       0x28 vem_03_05.o
                0x00006528                MB_FrameReg
 .text.MB_S_Timer_ISR
                0x00006550      0x5ce vem_03_05.o
                0x00006550                MB_S_Timer_ISR
 .text.MB_S_Tx  0x00006b1e       0x16 vem_03_05.o
                0x00006b1e                MB_S_Tx
 .text.MB_S_Init
                0x00006b34       0x1e vem_03_05.o
                0x00006b34                MB_S_Init
 .text.MB_M_Init
                0x00006b52       0x7a vem_03_05.o
                0x00006b52                MB_M_Init
 .text.MB_Init  0x00006bcc       0x54 vem_03_05.o
                0x00006bcc                MB_Init
 .text.MB_M_Timer_ISR
                0x00006c20      0x560 vem_03_05.o
                0x00006c20                MB_M_Timer_ISR
 .text.MB_M_Tx  0x00007180       0x16 vem_03_05.o
                0x00007180                MB_M_Tx
 .text.Modbus_TX
                0x00007196      0x170 vem_03_05.o
                0x00007196                Modbus_TX
 .text.MB_M_Cycle
                0x00007306       0xd2 vem_03_05.o
                0x00007306                MB_M_Cycle
 .text.MB_Cycle
                0x000073d8       0x44 vem_03_05.o
                0x000073d8                MB_Cycle
 .text.IP_compare_Const
                0x0000741c       0x22 vem_03_05.o
                0x0000741c                IP_compare_Const
 .text.IP_E_compare_Const
                0x0000743e       0x60 vem_03_05.o
                0x0000743e                IP_E_compare_Const
 .text.InitFIFO
                0x0000749e       0x10 vem_03_05.o
                0x0000749e                InitFIFO
 .text.GetByteFromFIFO
                0x000074ae       0xbe vem_03_05.o
                0x000074ae                GetByteFromFIFO
 .text.GetStringFromFIFO
                0x0000756c       0x5e vem_03_05.o
                0x0000756c                GetStringFromFIFO
 .text.ForceEndStringFromFIFO
                0x000075ca       0x24 vem_03_05.o
                0x000075ca                ForceEndStringFromFIFO
 .text.GetDataFromFIFO
                0x000075ee       0x36 vem_03_05.o
                0x000075ee                GetDataFromFIFO
 .text.strcpy_EE
                0x00007624       0x44 vem_03_05.o
                0x00007624                strcpy_EE
 .text.GSM_Init
                0x00007668       0x5a vem_03_05.o
                0x00007668                GSM_Init
 .text.GSM_Wait_Response
                0x000076c2       0x16 vem_03_05.o
                0x000076c2                GSM_Wait_Response
 .text.GSM_Wait_Response_P
                0x000076d8       0x52 vem_03_05.o
                0x000076d8                GSM_Wait_Response_P
 .text.GSM_Wait_Char
                0x0000772a       0x42 vem_03_05.o
                0x0000772a                GSM_Wait_Char
 .text.GSM_TX   0x0000776c       0x18 vem_03_05.o
                0x0000776c                GSM_TX
 .text.__vector_20
                0x00007784       0x56 vem_03_05.o
                0x00007784                __vector_20
 .text.DI_State
                0x000077da       0x24 vem_03_05.o
                0x000077da                DI_State
 .text.DI_Status
                0x000077fe       0x24 vem_03_05.o
                0x000077fe                DI_Status
 .text.DigitIn  0x00007822       0x96 vem_03_05.o
                0x00007822                DigitIn
 .text.SetDigOut
                0x000078b8       0x24 vem_03_05.o
                0x000078b8                SetDigOut
 .text.ResDigOut
                0x000078dc       0x26 vem_03_05.o
                0x000078dc                ResDigOut
 .text.TogDigOut
                0x00007902       0x24 vem_03_05.o
                0x00007902                TogDigOut
 .text.DigitOut
                0x00007926       0x66 vem_03_05.o
                0x00007926                DigitOut
 .text.DO_Init  0x0000798c       0x28 vem_03_05.o
                0x0000798c                DO_Init
 .text.Pow10    0x000079b4       0x1c vem_03_05.o
                0x000079b4                Pow10
 .text.PowL10   0x000079d0       0x1e vem_03_05.o
                0x000079d0                PowL10
 .text.OW_MasterTx_Command
                0x000079ee       0x76 vem_03_05.o
                0x000079ee                OW_MasterTx_Command
 .text.OW_MasterRx_Data
                0x00007a64       0x72 vem_03_05.o
                0x00007a64                OW_MasterRx_Data
 .text.OneWire_Init
                0x00007ad6       0x18 vem_03_05.o
                0x00007ad6                OneWire_Init
 .text.OneWireStartADC
                0x00007aee       0xb6 vem_03_05.o
                0x00007aee                OneWireStartADC
 .text.OneWireReadTemp
                0x00007ba4      0x1a8 vem_03_05.o
                0x00007ba4                OneWireReadTemp
 .text.DS18B20  0x00007d4c       0x52 vem_03_05.o
                0x00007d4c                DS18B20
 .text.PutEnum  0x00007d9e       0x4c vem_03_05.o
                0x00007d9e                PutEnum
 .text.PutVal   0x00007dea       0xf6 vem_03_05.o
                0x00007dea                PutVal
 .text.Put_sVal
                0x00007ee0      0x154 vem_03_05.o
                0x00007ee0                Put_sVal
 .text.Put_zVal
                0x00008034       0xf6 vem_03_05.o
                0x00008034                Put_zVal
 .text.Put_zVal_h
                0x0000812a       0x6c vem_03_05.o
                0x0000812a                Put_zVal_h
 .text.PutDVal  0x00008196      0x126 vem_03_05.o
                0x00008196                PutDVal
 .text.Put_sDVal
                0x000082bc      0x1f0 vem_03_05.o
                0x000082bc                Put_sDVal
 .text.Put_zDVal
                0x000084ac      0x126 vem_03_05.o
                0x000084ac                Put_zDVal
 .text.Put_FFVal
                0x000085d2       0x7c vem_03_05.o
                0x000085d2                Put_FFVal
 .text.Put_GFVal
                0x0000864e       0xa6 vem_03_05.o
                0x0000864e                Put_GFVal
 .text.Put_TextValAlignLeft
                0x000086f4       0x86 vem_03_05.o
                0x000086f4                Put_TextValAlignLeft
 .text.HideMsg  0x0000877a       0x1c vem_03_05.o
                0x0000877a                HideMsg
 .text.WebInit  0x00008796       0x66 vem_03_05.o
                0x00008796                WebInit
 .text.WebPresicionHanler
                0x000087fc       0x7a vem_03_05.o
                0x000087fc                WebPresicionHanler
 .text.WebBuf2Field
                0x00008876      0x6e4 vem_03_05.o
 .text.strcmp_PP
                0x00008f5a       0x3c vem_03_05.o
                0x00008f5a                strcmp_PP
 .text.strcmp_E
                0x00008f96       0x48 vem_03_05.o
                0x00008f96                strcmp_E
 .text.SeekTagFORM
                0x00008fde       0x78 vem_03_05.o
                0x00008fde                SeekTagFORM
 .text.SeekTagA_HREF
                0x00009056       0x78 vem_03_05.o
                0x00009056                SeekTagA_HREF
 .text.SeekTagIMG_SRC
                0x000090ce       0x82 vem_03_05.o
                0x000090ce                SeekTagIMG_SRC
 .text.WebClose
                0x00009150        0xc vem_03_05.o
                0x00009150                WebClose
 .text.Web_Login_Error
                0x0000915c      0x116 vem_03_05.o
                0x0000915c                Web_Login_Error
 .text.WebRequest
                0x00009272      0x418 vem_03_05.o
                0x00009272                WebRequest
 .text.EM_InitFIFO
                0x0000968a       0x14 vem_03_05.o
                0x0000968a                EM_InitFIFO
 .text.EM_SetUARTParam
                0x0000969e       0xe6 vem_03_05.o
                0x0000969e                EM_SetUARTParam
 .text.ApplyUARTParam
                0x00009784       0x58 vem_03_05.o
                0x00009784                ApplyUARTParam
 .text.ChangeUARTParam
                0x000097dc       0x44 vem_03_05.o
                0x000097dc                ChangeUARTParam
 .text.EMeter_ReInit
                0x00009820       0x4e vem_03_05.o
                0x00009820                EMeter_ReInit
 .text.GSM_CloseTransparent
                0x0000986e       0x20 vem_03_05.o
                0x0000986e                GSM_CloseTransparent
 .text.GSM_Transparent2Modbus
                0x0000988e        0xc vem_03_05.o
                0x0000988e                GSM_Transparent2Modbus
 .text.EMeter_Init
                0x0000989a       0x3a vem_03_05.o
                0x0000989a                EMeter_Init
 .text.USART_Init
                0x000098d4       0x48 vem_03_05.o
                0x000098d4                USART_Init
 .text.EMeter_RX
                0x0000991c      0x154 vem_03_05.o
                0x0000991c                EMeter_RX
 .text.__vector_30
                0x00009a70       0x68 vem_03_05.o
                0x00009a70                __vector_30
 .text.EMeter_TX
                0x00009ad8       0x1e vem_03_05.o
                0x00009ad8                EMeter_TX
 .text.__vector_32
                0x00009af6       0x68 vem_03_05.o
                0x00009af6                __vector_32
 .text.EMeter_SendFirstChar
                0x00009b5e       0x38 vem_03_05.o
                0x00009b5e                EMeter_SendFirstChar
 .text.EMeter_SendCR
                0x00009b96       0x5a vem_03_05.o
                0x00009b96                EMeter_SendCR
 .text.EMeter_SendData_P
                0x00009bf0       0x16 vem_03_05.o
                0x00009bf0                EMeter_SendData_P
 .text.EMeter_ClearRXStr
                0x00009c06       0x18 vem_03_05.o
                0x00009c06                EMeter_ClearRXStr
 .text.EMeter_Link
                0x00009c1e        0xc vem_03_05.o
                0x00009c1e                EMeter_Link
 .text.EMeter_NoLink
                0x00009c2a       0x90 vem_03_05.o
                0x00009c2a                EMeter_NoLink
 .text.EMeter_ELVIN_Modem_NoLink
                0x00009cba       0x42 vem_03_05.o
                0x00009cba                EMeter_ELVIN_Modem_NoLink
 .text.EMeter_M230_Data_Convert
                0x00009cfc       0x30 vem_03_05.o
                0x00009cfc                EMeter_M230_Data_Convert
 .text.EMeter_M230_Data_ConvertWord
                0x00009d2c       0x1c vem_03_05.o
                0x00009d2c                EMeter_M230_Data_ConvertWord
 .text.EMeter_M230_Data_ConvertP
                0x00009d48       0x26 vem_03_05.o
                0x00009d48                EMeter_M230_Data_ConvertP
 .text.EMeter_ZMR110_Data_ConvertQ
                0x00009d6e      0x16e vem_03_05.o
                0x00009d6e                EMeter_ZMR110_Data_ConvertQ
 .text.EMeter_ZMR110_Read_Word
                0x00009edc       0xbe vem_03_05.o
                0x00009edc                EMeter_ZMR110_Read_Word
 .text.EMeter_ZMR110_Data_ConvertI
                0x00009f9a       0xec vem_03_05.o
                0x00009f9a                EMeter_ZMR110_Data_ConvertI
 .text.EMeter_ZMR110_Read_Date
                0x0000a086       0x92 vem_03_05.o
                0x0000a086                EMeter_ZMR110_Read_Date
 .text.EMeter_ZMR110_Read_Time
                0x0000a118       0x92 vem_03_05.o
                0x0000a118                EMeter_ZMR110_Read_Time
 .text.EMeter_ZMR110_Read_DWord
                0x0000a1aa       0xcc vem_03_05.o
                0x0000a1aa                EMeter_ZMR110_Read_DWord
 .text.EMeter_ZMR110_Read_ID1_1
                0x0000a276       0x7e vem_03_05.o
                0x0000a276                EMeter_ZMR110_Read_ID1_1
 .text.IsEMReady
                0x0000a2f4        0xe vem_03_05.o
                0x0000a2f4                IsEMReady
 .text.EMRead   0x0000a302       0x12 vem_03_05.o
                0x0000a302                EMRead
 .text.EMeter_Cycle
                0x0000a314      0xf48 vem_03_05.o
                0x0000a314                EMeter_Cycle
 .text.GPRS_AppInit
                0x0000b25c       0x38 vem_03_05.o
                0x0000b25c                GPRS_AppInit
 .text.GPRS_AddHeader
                0x0000b294       0x56 vem_03_05.o
                0x0000b294                GPRS_AddHeader
 .text.GPRS_CurDataSend
                0x0000b2ea      0x438 vem_03_05.o
                0x0000b2ea                GPRS_CurDataSend
 .text.GPRS_SendData
                0x0000b722       0xca vem_03_05.o
                0x0000b722                GPRS_SendData
 .text.GPRS_NewMsg
                0x0000b7ec       0xc0 vem_03_05.o
                0x0000b7ec                GPRS_NewMsg
 .text.GPRS_SendNewCrash
                0x0000b8ac       0x20 vem_03_05.o
                0x0000b8ac                GPRS_SendNewCrash
 .text.GPRS_SendRepCrash
                0x0000b8cc       0x26 vem_03_05.o
                0x0000b8cc                GPRS_SendRepCrash
 .text.GPRS_Check_PSW
                0x0000b8f2       0x3c vem_03_05.o
                0x0000b8f2                GPRS_Check_PSW
 .text.GPRS_Get_Session_ID
                0x0000b92e       0x80 vem_03_05.o
                0x0000b92e                GPRS_Get_Session_ID
 .text.GPRS_RemoteDisplayControl
                0x0000b9ae       0x14 vem_03_05.o
                0x0000b9ae                GPRS_RemoteDisplayControl
 .text.GPRS_SendDisplay
                0x0000b9c2       0x42 vem_03_05.o
                0x0000b9c2                GPRS_SendDisplay
 .text.GPRS_SendChange
                0x0000ba04       0x1c vem_03_05.o
                0x0000ba04                GPRS_SendChange
 .text.GPRS_ReadParamReply
                0x0000ba20       0x60 vem_03_05.o
                0x0000ba20                GPRS_ReadParamReply
 .text.GPRS_WriteParamReply
                0x0000ba80       0x58 vem_03_05.o
                0x0000ba80                GPRS_WriteParamReply
 .text.GPRS_Param
                0x0000bad8       0x90 vem_03_05.o
                0x0000bad8                GPRS_Param
 .text.GPRS_CriticalCMD_Process
                0x0000bb68       0x48 vem_03_05.o
                0x0000bb68                GPRS_CriticalCMD_Process
 .text.GPRS_Param00
                0x0000bbb0       0xd8 vem_03_05.o
                0x0000bbb0                GPRS_Param00
 .text.GPRS_Param01
                0x0000bc88       0x22 vem_03_05.o
                0x0000bc88                GPRS_Param01
 .text.GPRS_Param02
                0x0000bcaa       0x22 vem_03_05.o
                0x0000bcaa                GPRS_Param02
 .text.GPRS_Param03
                0x0000bccc       0x24 vem_03_05.o
                0x0000bccc                GPRS_Param03
 .text.GPRS_Param04
                0x0000bcf0       0x24 vem_03_05.o
                0x0000bcf0                GPRS_Param04
 .text.GPRS_Param05
                0x0000bd14       0x24 vem_03_05.o
                0x0000bd14                GPRS_Param05
 .text.GPRS_Param06
                0x0000bd38       0x46 vem_03_05.o
                0x0000bd38                GPRS_Param06
 .text.GPRS_Param07
                0x0000bd7e       0x24 vem_03_05.o
                0x0000bd7e                GPRS_Param07
 .text.GPRS_Param08
                0x0000bda2       0x24 vem_03_05.o
                0x0000bda2                GPRS_Param08
 .text.GPRS_Param09
                0x0000bdc6      0x148 vem_03_05.o
                0x0000bdc6                GPRS_Param09
 .text.GPRS_Param10
                0x0000bf0e       0x3e vem_03_05.o
                0x0000bf0e                GPRS_Param10
 .text.GPRS_Param11
                0x0000bf4c       0x46 vem_03_05.o
                0x0000bf4c                GPRS_Param11
 .text.GPRS_Parameter
                0x0000bf92       0x82 vem_03_05.o
                0x0000bf92                GPRS_Parameter
 .text.ReadParamBlock
                0x0000c014      0x144 vem_03_05.o
                0x0000c014                ReadParamBlock
 .text.GPRS_ReciveData
                0x0000c158      0x128 vem_03_05.o
                0x0000c158                GPRS_ReciveData
 .text.GPRS_Arbitr
                0x0000c280       0xa4 vem_03_05.o
                0x0000c280                GPRS_Arbitr
 .text.GPRS_App
                0x0000c324       0xb0 vem_03_05.o
                0x0000c324                GPRS_App
 .text.GSMApply
                0x0000c3d4       0x56 vem_03_05.o
                0x0000c3d4                GSMApply
 .text.Modbus_App
                0x0000c42a      0x1fe vem_03_05.o
                0x0000c42a                Modbus_App
 .text.StartDebug
                0x0000c628       0x28 vem_03_05.o
                0x0000c628                StartDebug
 .text.StopDebug
                0x0000c650       0x14 vem_03_05.o
                0x0000c650                StopDebug
 .text.SendDebug
                0x0000c664       0x3c vem_03_05.o
                0x0000c664                SendDebug
 .text.GSM_RX   0x0000c6a0       0x80 vem_03_05.o
                0x0000c6a0                GSM_RX
 .text.__vector_18
                0x0000c720       0x56 vem_03_05.o
                0x0000c720                __vector_18
 .text.GSM_SendFirstChar
                0x0000c776       0x3e vem_03_05.o
                0x0000c776                GSM_SendFirstChar
 .text.GSM_SendCR
                0x0000c7b4       0x4a vem_03_05.o
                0x0000c7b4                GSM_SendCR
 .text.GSM_Execute_Command
                0x0000c7fe       0x38 vem_03_05.o
                0x0000c7fe                GSM_Execute_Command
 .text.GSM_AddHeaderSendData
                0x0000c836       0x18 vem_03_05.o
                0x0000c836                GSM_AddHeaderSendData
 .text.GSM_SendData
                0x0000c84e       0x18 vem_03_05.o
                0x0000c84e                GSM_SendData
 .text.GSM_Cycle
                0x0000c866     0x1880 vem_03_05.o
                0x0000c866                GSM_Cycle
 .text.USART_Cycle
                0x0000e0e6       0x76 vem_03_05.o
                0x0000e0e6                USART_Cycle
 .text.WebServer
                0x0000e15c      0x890 vem_03_05.o
                0x0000e15c                WebServer
 .text.GSM_DRE  0x0000e9ec       0xfe vem_03_05.o
                0x0000e9ec                GSM_DRE
 .text.__vector_19
                0x0000eaea       0x56 vem_03_05.o
                0x0000eaea                __vector_19
 .text.Debug_DRE
                0x0000eb40       0x3c vem_03_05.o
                0x0000eb40                Debug_DRE
 .text.EMeter_DRE
                0x0000eb7c       0xfc vem_03_05.o
                0x0000eb7c                EMeter_DRE
 .text.__vector_31
                0x0000ec78       0x68 vem_03_05.o
                0x0000ec78                __vector_31
 .text.ToggleLED
                0x0000ece0       0x1a vem_03_05.o
                0x0000ece0                ToggleLED
 .text.ApplInit
                0x0000ecfa        0xc vem_03_05.o
                0x0000ecfa                ApplInit
 .text.ApplCycle
                0x0000ed06      0x104 vem_03_05.o
                0x0000ed06                ApplCycle
 .text.startup.main
                0x0000ee0a       0x5c vem_03_05.o
                0x0000ee0a                main
 .text.avr-libc
                0x0000ee66       0xb6 c:/program files (x86)/atmel/atmel toolchain/avr8 gcc/native/3.4.1061/avr8-gnu-toolchain/bin/../lib/gcc/avr/4.8.1/../../../../avr/lib/avr51\libc.a(random.o)
                0x0000eefe                random_r
                0x0000ef02                random
                0x0000ef0a                srandom
 .text.avr-libc
                0x0000ef1c        0x6 c:/program files (x86)/atmel/atmel toolchain/avr8 gcc/native/3.4.1061/avr8-gnu-toolchain/bin/../lib/gcc/avr/4.8.1/../../../../avr/lib/avr51\libc.a(exit.o)
                0x0000ef1c                exit
 .text.avr-libc
                0x0000ef22       0x12 c:/program files (x86)/atmel/atmel toolchain/avr8 gcc/native/3.4.1061/avr8-gnu-toolchain/bin/../lib/gcc/avr/4.8.1/../../../../avr/lib/avr51\libc.a(memcpy_P.o)
                0x0000ef22                memcpy_P
 .text.avr-libc
                0x0000ef34       0x16 c:/program files (x86)/atmel/atmel toolchain/avr8 gcc/native/3.4.1061/avr8-gnu-toolchain/bin/../lib/gcc/avr/4.8.1/../../../../avr/lib/avr51\libc.a(strchr_P.o)
                0x0000ef34                strchr_P
 .text.avr-libc
                0x0000ef4a       0x12 c:/program files (x86)/atmel/atmel toolchain/avr8 gcc/native/3.4.1061/avr8-gnu-toolchain/bin/../lib/gcc/avr/4.8.1/../../../../avr/lib/avr51\libc.a(strcmp_P.o)
                0x0000ef4a                strcmp_P
 .text.avr-libc
                0x0000ef5c        0xe c:/program files (x86)/atmel/atmel toolchain/avr8 gcc/native/3.4.1061/avr8-gnu-toolchain/bin/../lib/gcc/avr/4.8.1/../../../../avr/lib/avr51\libc.a(strcpy_P.o)
                0x0000ef5c                strcpy_P
 .text.avr-libc
                0x0000ef6a       0x28 c:/program files (x86)/atmel/atmel toolchain/avr8 gcc/native/3.4.1061/avr8-gnu-toolchain/bin/../lib/gcc/avr/4.8.1/../../../../avr/lib/avr51\libc.a(strlcpy_P.o)
                0x0000ef6a                strlcpy_P
 .text.avr-libc
                0x0000ef92       0x12 c:/program files (x86)/atmel/atmel toolchain/avr8 gcc/native/3.4.1061/avr8-gnu-toolchain/bin/../lib/gcc/avr/4.8.1/../../../../avr/lib/avr51\libc.a(strlen_P.o)
                0x0000ef92                __strlen_P
 .text.avr-libc
                0x0000efa4       0x1c c:/program files (x86)/atmel/atmel toolchain/avr8 gcc/native/3.4.1061/avr8-gnu-toolchain/bin/../lib/gcc/avr/4.8.1/../../../../avr/lib/avr51\libc.a(strncmp_P.o)
                0x0000efa4                strncmp_P
 .text.avr-libc
                0x0000efc0       0x34 c:/program files (x86)/atmel/atmel toolchain/avr8 gcc/native/3.4.1061/avr8-gnu-toolchain/bin/../lib/gcc/avr/4.8.1/../../../../avr/lib/avr51\libc.a(strstr_P.o)
                0x0000efc0                strstr_P
 .text.avr-libc
                0x0000eff4       0x12 c:/program files (x86)/atmel/atmel toolchain/avr8 gcc/native/3.4.1061/avr8-gnu-toolchain/bin/../lib/gcc/avr/4.8.1/../../../../avr/lib/avr51\libc.a(memcpy.o)
                0x0000eff4                memcpy
 .text.avr-libc
                0x0000f006       0x16 c:/program files (x86)/atmel/atmel toolchain/avr8 gcc/native/3.4.1061/avr8-gnu-toolchain/bin/../lib/gcc/avr/4.8.1/../../../../avr/lib/avr51\libc.a(strchr.o)
                0x0000f006                strchr
 .text.avr-libc
                0x0000f01c       0x12 c:/program files (x86)/atmel/atmel toolchain/avr8 gcc/native/3.4.1061/avr8-gnu-toolchain/bin/../lib/gcc/avr/4.8.1/../../../../avr/lib/avr51\libc.a(strcmp.o)
                0x0000f01c                strcmp
 .text.avr-libc
                0x0000f02e        0xe c:/program files (x86)/atmel/atmel toolchain/avr8 gcc/native/3.4.1061/avr8-gnu-toolchain/bin/../lib/gcc/avr/4.8.1/../../../../avr/lib/avr51\libc.a(strcpy.o)
                0x0000f02e                strcpy
 .text.avr-libc
                0x0000f03c       0x1c c:/program files (x86)/atmel/atmel toolchain/avr8 gcc/native/3.4.1061/avr8-gnu-toolchain/bin/../lib/gcc/avr/4.8.1/../../../../avr/lib/avr51\libc.a(strncmp.o)
                0x0000f03c                strncmp
 .text.avr-libc
                0x0000f058       0x5e c:/program files (x86)/atmel/atmel toolchain/avr8 gcc/native/3.4.1061/avr8-gnu-toolchain/bin/../lib/gcc/avr/4.8.1/../../../../avr/lib/avr51\libc.a(sprintf.o)
                0x0000f058                sprintf
 .text.avr-libc
                0x0000f0b6       0x5e c:/program files (x86)/atmel/atmel toolchain/avr8 gcc/native/3.4.1061/avr8-gnu-toolchain/bin/../lib/gcc/avr/4.8.1/../../../../avr/lib/avr51\libc.a(sprintf_p.o)
                0x0000f0b6                sprintf_P
 .text.avr-libc
                0x0000f114       0x44 c:/program files (x86)/atmel/atmel toolchain/avr8 gcc/native/3.4.1061/avr8-gnu-toolchain/bin/../lib/gcc/avr/4.8.1/../../../../avr/lib/avr51\libc.a(sscanf.o)
                0x0000f114                sscanf
 .text.avr-libc
                0x0000f158       0x44 c:/program files (x86)/atmel/atmel toolchain/avr8 gcc/native/3.4.1061/avr8-gnu-toolchain/bin/../lib/gcc/avr/4.8.1/../../../../avr/lib/avr51\libc.a(sscanf_p.o)
                0x0000f158                sscanf_P
 .text.avr-libc.fplib
                0x0000f19c        0x4 c:/program files (x86)/atmel/atmel toolchain/avr8 gcc/native/3.4.1061/avr8-gnu-toolchain/bin/../lib/gcc/avr/4.8.1/../../../../avr/lib/avr51\libc.a(divsf3.o)
                0x0000f19c                __divsf3
 .text.avr-libc.fplib
                0x0000f1a0       0xcc c:/program files (x86)/atmel/atmel toolchain/avr8 gcc/native/3.4.1061/avr8-gnu-toolchain/bin/../lib/gcc/avr/4.8.1/../../../../avr/lib/avr51\libc.a(divsf3x.o)
                0x0000f1b6                __divsf3x
                0x0000f1ba                __divsf3_pse
 .text.avr-libc.fplib
                0x0000f26c        0xa c:/program files (x86)/atmel/atmel toolchain/avr8 gcc/native/3.4.1061/avr8-gnu-toolchain/bin/../lib/gcc/avr/4.8.1/../../../../avr/lib/avr51\libc.a(fixsfsi.o)
                0x0000f26c                __fixsfsi
 .text.avr-libc.fplib
                0x0000f276       0x58 c:/program files (x86)/atmel/atmel toolchain/avr8 gcc/native/3.4.1061/avr8-gnu-toolchain/bin/../lib/gcc/avr/4.8.1/../../../../avr/lib/avr51\libc.a(fixunssfsi.o)
                0x0000f276                __fixunssfsi
 .text.avr-libc.fplib
                0x0000f2ce       0x7a c:/program files (x86)/atmel/atmel toolchain/avr8 gcc/native/3.4.1061/avr8-gnu-toolchain/bin/../lib/gcc/avr/4.8.1/../../../../avr/lib/avr51\libc.a(floatsisf.o)
                0x0000f2ce                __floatunsisf
                0x0000f2d2                __floatsisf
 .text.avr-libc.fplib
                0x0000f348        0xc c:/program files (x86)/atmel/atmel toolchain/avr8 gcc/native/3.4.1061/avr8-gnu-toolchain/bin/../lib/gcc/avr/4.8.1/../../../../avr/lib/avr51\libc.a(fp_inf.o)
                0x0000f348                __fp_inf
 .text.avr-libc.fplib
                0x0000f354        0x6 c:/program files (x86)/atmel/atmel toolchain/avr8 gcc/native/3.4.1061/avr8-gnu-toolchain/bin/../lib/gcc/avr/4.8.1/../../../../avr/lib/avr51\libc.a(fp_nan.o)
                0x0000f354                __fp_nan
 .text.avr-libc.fplib
                0x0000f35a        0xe c:/program files (x86)/atmel/atmel toolchain/avr8 gcc/native/3.4.1061/avr8-gnu-toolchain/bin/../lib/gcc/avr/4.8.1/../../../../avr/lib/avr51\libc.a(fp_pscA.o)
                0x0000f35a                __fp_pscA
 .text.avr-libc.fplib
                0x0000f368        0xe c:/program files (x86)/atmel/atmel toolchain/avr8 gcc/native/3.4.1061/avr8-gnu-toolchain/bin/../lib/gcc/avr/4.8.1/../../../../avr/lib/avr51\libc.a(fp_pscB.o)
                0x0000f368                __fp_pscB
 .text.avr-libc.fplib
                0x0000f376       0x22 c:/program files (x86)/atmel/atmel toolchain/avr8 gcc/native/3.4.1061/avr8-gnu-toolchain/bin/../lib/gcc/avr/4.8.1/../../../../avr/lib/avr51\libc.a(fp_round.o)
                0x0000f376                __fp_round
 .text.avr-libc.fplib
                0x0000f398       0x44 c:/program files (x86)/atmel/atmel toolchain/avr8 gcc/native/3.4.1061/avr8-gnu-toolchain/bin/../lib/gcc/avr/4.8.1/../../../../avr/lib/avr51\libc.a(fp_split3.o)
                0x0000f398                __fp_split3
                0x0000f3a8                __fp_splitA
 .text.avr-libc.fplib
                0x0000f3dc        0xe c:/program files (x86)/atmel/atmel toolchain/avr8 gcc/native/3.4.1061/avr8-gnu-toolchain/bin/../lib/gcc/avr/4.8.1/../../../../avr/lib/avr51\libc.a(fp_zero.o)
                0x0000f3dc                __fp_zero
                0x0000f3de                __fp_szero
 .text.avr-libc.fplib
                0x0000f3ea        0x4 c:/program files (x86)/atmel/atmel toolchain/avr8 gcc/native/3.4.1061/avr8-gnu-toolchain/bin/../lib/gcc/avr/4.8.1/../../../../avr/lib/avr51\libc.a(mulsf3.o)
                0x0000f3ea                __mulsf3
 .text.avr-libc.fplib
                0x0000f3ee       0xc2 c:/program files (x86)/atmel/atmel toolchain/avr8 gcc/native/3.4.1061/avr8-gnu-toolchain/bin/../lib/gcc/avr/4.8.1/../../../../avr/lib/avr51\libc.a(mulsf3x.o)
                0x0000f402                __mulsf3x
                0x0000f406                __mulsf3_pse
 .text.avr-libc
                0x0000f4b0      0x3f6 c:/program files (x86)/atmel/atmel toolchain/avr8 gcc/native/3.4.1061/avr8-gnu-toolchain/bin/../lib/gcc/avr/4.8.1/../../../../avr/lib/avr51\libc.a(vfprintf_std.o)
                0x0000f4b0                vfprintf
 .text.avr-libc
                0x0000f8a6      0x5a8 c:/program files (x86)/atmel/atmel toolchain/avr8 gcc/native/3.4.1061/avr8-gnu-toolchain/bin/../lib/gcc/avr/4.8.1/../../../../avr/lib/avr51\libc.a(vfscanf_std.o)
                0x0000fbe0                vfscanf
 .text.avr-libc
                0x0000fe4e       0x20 c:/program files (x86)/atmel/atmel toolchain/avr8 gcc/native/3.4.1061/avr8-gnu-toolchain/bin/../lib/gcc/avr/4.8.1/../../../../avr/lib/avr51\libc.a(eerd_block_atmega128.o)
                0x0000fe4e                __eerd_block_m128
                0x0000fe52                __eerd_blraw_m128
 .text.avr-libc
                0x0000fe6e       0x10 c:/program files (x86)/atmel/atmel toolchain/avr8 gcc/native/3.4.1061/avr8-gnu-toolchain/bin/../lib/gcc/avr/4.8.1/../../../../avr/lib/avr51\libc.a(eerd_byte_atmega128.o)
                0x0000fe6e                __eerd_byte_m128
 .text.avr-libc
                0x0000fe7e        0xc c:/program files (x86)/atmel/atmel toolchain/avr8 gcc/native/3.4.1061/avr8-gnu-toolchain/bin/../lib/gcc/avr/4.8.1/../../../../avr/lib/avr51\libc.a(eerd_dword_atmega128.o)
                0x0000fe7e                __eerd_float_m128
                0x0000fe7e                __eerd_dword_m128
 .text.avr-libc
                0x0000fe8a        0xc c:/program files (x86)/atmel/atmel toolchain/avr8 gcc/native/3.4.1061/avr8-gnu-toolchain/bin/../lib/gcc/avr/4.8.1/../../../../avr/lib/avr51\libc.a(eerd_word_atmega128.o)
                0x0000fe8a                __eerd_word_m128
 .text.avr-libc
                0x0000fe96       0x14 c:/program files (x86)/atmel/atmel toolchain/avr8 gcc/native/3.4.1061/avr8-gnu-toolchain/bin/../lib/gcc/avr/4.8.1/../../../../avr/lib/avr51\libc.a(eewr_block_atmega128.o)
                0x0000fe96                __eewr_block_m128
 .text.avr-libc
                0x0000feaa       0x1a c:/program files (x86)/atmel/atmel toolchain/avr8 gcc/native/3.4.1061/avr8-gnu-toolchain/bin/../lib/gcc/avr/4.8.1/../../../../avr/lib/avr51\libc.a(eewr_byte_atmega128.o)
                0x0000feaa                __eewr_byte_m128
                0x0000feac                __eewr_r18_m128
 .text.avr-libc
                0x0000fec4       0x10 c:/program files (x86)/atmel/atmel toolchain/avr8 gcc/native/3.4.1061/avr8-gnu-toolchain/bin/../lib/gcc/avr/4.8.1/../../../../avr/lib/avr51\libc.a(eewr_dword_atmega128.o)
                0x0000fec4                __eewr_dword_m128
                0x0000fec4                __eewr_float_m128
 .text.avr-libc
                0x0000fed4        0xa c:/program files (x86)/atmel/atmel toolchain/avr8 gcc/native/3.4.1061/avr8-gnu-toolchain/bin/../lib/gcc/avr/4.8.1/../../../../avr/lib/avr51\libc.a(eewr_word_atmega128.o)
                0x0000fed4                __eewr_word_m128
 .text.avr-libc
                0x0000fede       0x10 c:/program files (x86)/atmel/atmel toolchain/avr8 gcc/native/3.4.1061/avr8-gnu-toolchain/bin/../lib/gcc/avr/4.8.1/../../../../avr/lib/avr51\libc.a(isspace.o)
                0x0000fede                isspace
 .text.avr-libc
                0x0000feee       0x16 c:/program files (x86)/atmel/atmel toolchain/avr8 gcc/native/3.4.1061/avr8-gnu-toolchain/bin/../lib/gcc/avr/4.8.1/../../../../avr/lib/avr51\libc.a(strnlen_P.o)
                0x0000feee                strnlen_P
 .text.avr-libc
                0x0000ff04       0x16 c:/program files (x86)/atmel/atmel toolchain/avr8 gcc/native/3.4.1061/avr8-gnu-toolchain/bin/../lib/gcc/avr/4.8.1/../../../../avr/lib/avr51\libc.a(strnlen.o)
                0x0000ff04                strnlen
 .text.avr-libc
                0x0000ff1a       0x7c c:/program files (x86)/atmel/atmel toolchain/avr8 gcc/native/3.4.1061/avr8-gnu-toolchain/bin/../lib/gcc/avr/4.8.1/../../../../avr/lib/avr51\libc.a(fgetc.o)
                0x0000ff1a                fgetc
 .text.avr-libc
                0x0000ff96       0x64 c:/program files (x86)/atmel/atmel toolchain/avr8 gcc/native/3.4.1061/avr8-gnu-toolchain/bin/../lib/gcc/avr/4.8.1/../../../../avr/lib/avr51\libc.a(fputc.o)
                0x0000ff96                fputc
 .text.avr-libc