Archive member included because of file (symbol)

c:/program files (x86)/atmel/atmel toolchain/avr8 gcc/native/3.4.1061/avr8-gnu-toolchain/bin/../lib/gcc/avr/4.8.1/../../../../avr/lib/avr51\libc.a(random.o)
                              vem_03_05.o (random)
c:/program files (x86)/atmel/atmel toolchain/avr8 gcc/native/3.4.1061/avr8-gnu-toolchain/bin/../lib/gcc/avr/4.8.1/../../../../avr/lib/avr51\libc.a(exit.o)
                              c:/program files (x86)/atmel/atmel toolchain/avr8 gcc/native/3.4.1061/avr8-gnu-toolchain/bin/../lib/gcc/avr/4.8.1/../../../../avr/lib/avr51/crtm128.o (exit)
c:/program files (x86)/atmel/atmel toolchain/avr8 gcc/native/3.4.1061/avr8-gnu-toolchain/bin/../lib/gcc/avr/4.8.1/../../../../avr/lib/avr51\libc.a(memcpy_P.o)
                              vem_03_05.o (memcpy_P)
c:/program files (x86)/atmel/atmel toolchain/avr8 gcc/native/3.4.1061/avr8-gnu-toolchain/bin/../lib/gcc/avr/4.8.1/../../../../avr/lib/avr51\libc.a(strchr_P.o)
                              vem_03_05.o (strchr_P)
c:/program files (x86)/atmel/atmel toolchain/avr8 gcc/native/3.4.1061/avr8-gnu-toolchain/bin/../lib/gcc/avr/4.8.1/../../../../avr/lib/avr51\libc.a(strcmp_P.o)
                              vem_03_05.o (strcmp_P)
c:/program files (x86)/atmel/atmel toolchain/avr8 gcc/native/3.4.1061/avr8-gnu-toolchain/bin/../lib/gcc/avr/4.8.1/../../../../avr/lib/avr51\libc.a(strcpy_P.o)
                              vem_03_05.o (strcpy_P)
c:/program files (x86)/atmel/atmel toolchain/avr8 gcc/native/3.4.1061/avr8-gnu-toolchain/bin/../lib/gcc/avr/4.8.1/../../../../avr/lib/avr51\libc.a(strlcpy_P.o)
                              vem_03_05.o (strlcpy_P)
c:/program files (x86)/atmel/atmel toolchain/avr8 gcc/native/3.4.1061/avr8-gnu-toolchain/bin/../lib/gcc/avr/4.8.1/../../../../avr/lib/avr51\libc.a(strlen_P.o)
                              vem_03_05.o (__strlen_P)
c:/program files (x86)/atmel/atmel toolchain/avr8 gcc/native/3.4.1061/avr8-gnu-toolchain/bin/../lib/gcc/avr/4.8.1/../../../../avr/lib/avr51\libc.a(strncmp_P.o)
                              vem_03_05.o (strncmp_P)
c:/program files (x86)/atmel/atmel toolchain/avr8 gcc/native/3.4.1061/avr8-gnu-toolchain/bin/../lib/gcc/avr/4.8.1/../../../../avr/lib/avr51\libc.a(strstr_P.o)
                              vem_03_05.o (strstr_P)
c:/program files (x86)/atmel/atmel toolchain/avr8 gcc/native/3.4.1061/avr8-gnu-toolchain/bin/../lib/gcc/avr/4.8.1/../../../../avr/lib/avr51\libc.a(memcpy.o)
                              vem_03_05.o (memcpy)
c:/program files (x86)/atmel/atmel toolchain/avr8 gcc/native/3.4.1061/avr8-gnu-toolchain/bin/../lib/gcc/avr/4.8.1/../../../../avr/lib/avr51\libc.a(strchr.o)
                              vem_03_05.o (strchr)
c:/program files (x86)/atmel/atmel toolchain/avr8 gcc/native/3.4.1061/avr8-gnu-toolchain/bin/../lib/gcc/avr/4.8.1/../../../../avr/lib/avr51\libc.a(strcmp.o)
                              vem_03_05.o (strcmp)
c:/program files (x86)/atmel/atmel toolchain/avr8 gcc/native/3.4.1061/avr8-gnu-toolchain/bin/../lib/gcc/avr/4.8.1/../../../../avr/lib/avr51\libc.a(strcpy.o)
                              vem_03_05.o (strcpy)
c:/program files (x86)/atmel/atmel toolchain/avr8 gcc/native/3.4.1061/avr8-gnu-toolchain/bin/../lib/gcc/avr/4.8.1/../../../../avr/lib/avr51\libc.a(strncmp.o)
                              vem_03_05.o (strncmp)
c:/program files (x86)/atmel/atmel toolchain/avr8 gcc/native/3.4.1061/avr8-gnu-toolchain/bin/../lib/gcc/avr/4.8.1/../../../../avr/lib/avr51\libc.a(sprintf.o)
                              vem_03_05.o (sprintf)
c:/program files (x86)/atmel/atmel toolchain/avr8 gcc/native/3.4.1061/avr8-gnu-toolchain/bin/../lib/gcc/avr/4.8.1/../../../../avr/lib/avr51\libc.a(sprintf_p.o)
                              vem_03_05.o (sprintf_P)
c:/program files (x86)/atmel/atmel toolchain/avr8 gcc/native/3.4.1061/avr8-gnu-toolchain/bin/../lib/gcc/avr/4.8.1/../../../../avr/lib/avr51\libc.a(sscanf.o)
                              vem_03_05.o (sscanf)
c:/program files (x86)/atmel/atmel toolchain/avr8 gcc/native/3.4.1061/avr8-gnu-toolchain/bin/../lib/gcc/avr/4.8.1/../../../../avr/lib/avr51\libc.a(sscanf_p.o)
                              vem_03_05.o (sscanf_P)
c:/program files (x86)/atmel/atmel toolchain/avr8 gcc/native/3.4.1061/avr8-gnu-toolchain/bin/../lib/gcc/avr/4.8.1/../../../../avr/lib/avr51\libc.a(addsf3.o)
                              vem_03_05.o (__subsf3)
c:/program files (x86)/atmel/atmel toolchain/avr8 gcc/native/3.4.1061/avr8-gnu-toolchain/bin/../lib/gcc/avr/4.8.1/../../../../avr/lib/avr51\libc.a(addsf3x.o)
                              c:/program files (x86)/atmel/atmel toolchain/avr8 gcc/native/3.4.1061/avr8-gnu-toolchain/bin/../lib/gcc/avr/4.8.1/../../../../avr/lib/avr51\libc.a(addsf3.o) (__addsf3x)
c:/program files (x86)/atmel/atmel toolchain/avr8 gcc/native/3.4.1061/avr8-gnu-toolchain/bin/../lib/gcc/avr/4.8.1/../../../../avr/lib/avr51\libc.a(divsf3.o)
                              vem_03_05.o (__divsf3)
[...]
Memory Configuration

Name             Origin             Length             Attributes
text             0x00000000         0x00020000         xr
data             0x00800100         0x0000ff00         rw !x
eeprom           0x00810000         0x00010000         rw !x
fuse             0x00820000         0x00000400         rw !x
lock             0x00830000         0x00000400         rw !x
signature        0x00840000         0x00000400         rw !x
user_signatures  0x00850000         0x00000400         rw !x
*default*        0x00000000         0xffffffff

Linker script and memory map

Address of section .data set to 0x800100
LOAD c:/program files (x86)/atmel/atmel toolchain/avr8 gcc/native/3.4.1061/avr8-gnu-toolchain/bin/../lib/gcc/avr/4.8.1/../../../../avr/lib/avr51/crtm128.o
LOAD vem_03_05.o
START GROUP
LOAD c:/program files (x86)/atmel/atmel toolchain/avr8 gcc/native/3.4.1061/avr8-gnu-toolchain/bin/../lib/gcc/avr/4.8.1/../../../../avr/lib/avr51\libc.a
LOAD c:/program files (x86)/atmel/atmel toolchain/avr8 gcc/native/3.4.1061/avr8-gnu-toolchain/bin/../lib/gcc/avr/4.8.1/../../../../avr/lib/avr51\libm.a
END GROUP
START GROUP
LOAD c:/program files (x86)/atmel/atmel toolchain/avr8 gcc/native/3.4.1061/avr8-gnu-toolchain/bin/../lib/gcc/avr/4.8.1/avr51\libgcc.a
LOAD c:/program files (x86)/atmel/atmel toolchain/avr8 gcc/native/3.4.1061/avr8-gnu-toolchain/bin/../lib/gcc/avr/4.8.1/../../../../avr/lib/avr51\libm.a
LOAD c:/program files (x86)/atmel/atmel toolchain/avr8 gcc/native/3.4.1061/avr8-gnu-toolchain/bin/../lib/gcc/avr/4.8.1/../../../../avr/lib/avr51\libc.a
END GROUP

.hash
 *(.hash)

.dynsym
 *(.dynsym)

.dynstr
 *(.dynstr)

.gnu.version
 *(.gnu.version)

.gnu.version_d
 *(.gnu.version_d)

.gnu.version_r
 *(.gnu.version_r)

.rel.init
 *(.rel.init)

.rela.init
 *(.rela.init)

.rel.text
 *(.rel.text)
 *(.rel.text.*)
 *(.rel.gnu.linkonce.t*)

.rela.text
 *(.rela.text)
 *(.rela.text.*)
 *(.rela.gnu.linkonce.t*)

.rel.fini
 *(.rel.fini)

.rela.fini
 *(.rela.fini)

.rel.rodata
 *(.rel.rodata)
 *(.rel.rodata.*)
 *(.rel.gnu.linkonce.r*)

.rela.rodata
 *(.rela.rodata)
 *(.rela.rodata.*)
 *(.rela.gnu.linkonce.r*)

.rel.data
 *(.rel.data)
 *(.rel.data.*)
 *(.rel.gnu.linkonce.d*)

.rela.data
 *(.rela.data)
 *(.rela.data.*)
 *(.rela.gnu.linkonce.d*)

.rel.ctors
 *(.rel.ctors)

.rela.ctors
 *(.rela.ctors)

.rel.dtors
 *(.rel.dtors)

.rela.dtors
 *(.rela.dtors)

.rel.got
 *(.rel.got)

.rela.got
 *(.rela.got)

.rel.bss
 *(.rel.bss)

.rela.bss
 *(.rela.bss)

.rel.plt
 *(.rel.plt)

.rela.plt
 *(.rela.plt)

.text           0x00000000     0xeb5e
 *(.vectors)
 .vectors       0x00000000       0x8c c:/program files (x86)/atmel/atmel toolchain/avr8 gcc/native/3.4.1061/avr8-gnu-toolchain/bin/../lib/gcc/avr/4.8.1/../../../../avr/lib/avr51/crtm128.o
                0x00000000                __vector_default
                0x00000000                __vectors
 *(.vectors)
 *(.progmem.gcc*)
 .progmem.gcc_sw_table.MB_S_Timer_ISR
                0x0000008c       0x20 vem_03_05.o
 .progmem.gcc_sw_table.MB_M_Timer_ISR
                0x000000ac       0x20 vem_03_05.o
 .progmem.gcc_sw_table.WebBuf2Field
                0x000000cc       0x46 vem_03_05.o
 .progmem.gcc_sw_table.SeekTagFORM
                0x00000112       0x12 vem_03_05.o
 .progmem.gcc_sw_table.SeekTagA_HREF
                0x00000124       0x12 vem_03_05.o
 .progmem.gcc_sw_table.SeekTagIMG_SRC
                0x00000136       0x14 vem_03_05.o
 .progmem.gcc_sw_table.EM_SetUARTParam
                0x0000014a       0x12 vem_03_05.o
 .progmem.gcc_sw_table.GPRS_Param09
                0x0000015c       0x2c vem_03_05.o
 .progmem.gcc_sw_table.GPRS_Parameter
                0x00000188       0x18 vem_03_05.o
 .progmem.gcc_sw_table.GSM_Cycle
                0x000001a0       0xe4 vem_03_05.o
 .progmem.gcc_sw_table.WebServer
                0x00000284       0x46 vem_03_05.o
                0x000002ca                . = ALIGN (0x2)
                0x000002ca                __trampolines_start = .
 *(.trampolines)
 .trampolines   0x000002ca        0x0 linker stubs
 *(.trampolines*)
                0x000002ca                __trampolines_end = .
 *(.progmem*)
 .progmem.data.__c.5165
                0x000002ca       0x10 vem_03_05.o
 .progmem.data.__c.5163
                0x000002da       0x10 vem_03_05.o
 .progmem.data.__c.5161
                0x000002ea        0xb vem_03_05.o
 .progmem.data.__c.4708
                0x000002f5        0xa vem_03_05.o
 .progmem.data.__c.4706
                0x000002ff        0x6 vem_03_05.o
 .progmem.data.__c.4689
                0x00000305        0x5 vem_03_05.o
 .progmem.data.__c.4590
                0x0000030a        0xc vem_03_05.o
 .progmem.data.__c.4588
                0x00000316        0x2 vem_03_05.o
 .progmem.data.__c.3744
                0x00000318       0x10 vem_03_05.o
 .progmem.data.__c.3732
                0x00000328       0x13 vem_03_05.o
 .progmem.data.__c.3721
                0x0000033b       0x1e vem_03_05.o
 .progmem.data.__c.3696
                0x00000359        0xd vem_03_05.o
 .progmem.data.__c.3672
                0x00000366       0x14 vem_03_05.o
 .progmem.data.__c.3646
                0x0000037a        0x3 vem_03_05.o
 .progmem.data.__c.3644
                0x0000037d        0x5 vem_03_05.o
 .progmem.data.aCRCLo.1930
                0x00000382      0x100 vem_03_05.o
 .progmem.data.aCRCHi.1929
                0x00000482      0x100 vem_03_05.o
 .progmem.data.WebSite
                0x00000582       0x12 vem_03_05.o
                0x00000582                WebSite
 .progmem.data.Web_system
                0x00000594        0xd vem_03_05.o
                0x00000594                Web_system
 .progmem.data.system_OField
                0x000005a1       0x18 vem_03_05.o
                0x000005a1                system_OField
 .progmem.data.Web_Tlow
                0x000005b9       0x10 vem_03_05.o
                0x000005b9                Web_Tlow
 .progmem.data.var_Tlow
                0x000005c9        0x5 vem_03_05.o
                0x000005c9                var_Tlow
 .progmem.data.Web_Thigh
                0x000005ce       0x10 vem_03_05.o
                0x000005ce                Web_Thigh
 .progmem.data.var_Thigh
                0x000005de        0x6 vem_03_05.o
                0x000005de                var_Thigh
 .progmem.data.Web_BLupgrade
                0x000005e4       0x10 vem_03_05.o
                0x000005e4                Web_BLupgrade
 .progmem.data.var_BLupgrade
                0x000005f4        0xa vem_03_05.o
                0x000005f4                var_BLupgrade
 .progmem.data.Web_Bootloader
                0x000005fe       0x10 vem_03_05.o
                0x000005fe                Web_Bootloader
 .progmem.data.var_Bootloader
                0x0000060e        0xb vem_03_05.o
                0x0000060e                var_Bootloader
 .progmem.data.Web_Reboot
                0x00000619       0x10 vem_03_05.o
                0x00000619                Web_Reboot
 .progmem.data.var_Reboot
                0x00000629        0x7 vem_03_05.o
                0x00000629                var_Reboot
 .progmem.data.Web_Title
                0x00000630       0x10 vem_03_05.o
                0x00000630                Web_Title
 .progmem.data.var_Title
                0x00000640        0x6 vem_03_05.o
                0x00000640                var_Title
 .progmem.data.system_page
                0x00000646      0x5fa vem_03_05.o
                0x00000646                system_page
 .progmem.data.system_IField
                0x00000c40       0x42 vem_03_05.o
                0x00000c40                system_IField
 .progmem.data.name_system
                0x00000c82        0xc vem_03_05.o
                0x00000c82                name_system
 .progmem.data.Web_csd
                0x00000c8e        0xd vem_03_05.o
                0x00000c8e                Web_csd
 .progmem.data.csd_OField
                0x00000c9b       0x2c vem_03_05.o
                0x00000c9b                csd_OField
 .progmem.data.Web_CSD_Number9
                0x00000cc7       0x10 vem_03_05.o
                0x00000cc7                Web_CSD_Number9
 .progmem.data.var_CSD_Number9
                0x00000cd7        0x5 vem_03_05.o
                0x00000cd7                var_CSD_Number9
 .progmem.data.Web_CSD_Number8
                0x00000cdc       0x10 vem_03_05.o
                0x00000cdc                Web_CSD_Number8
 .progmem.data.var_CSD_Number8
                0x00000cec        0x5 vem_03_05.o
                0x00000cec                var_CSD_Number8
 .progmem.data.Web_CSD_Number7
                0x00000cf1       0x10 vem_03_05.o
                0x00000cf1                Web_CSD_Number7
 .progmem.data.var_CSD_Number7
                0x00000d01        0x5 vem_03_05.o
                0x00000d01                var_CSD_Number7
 .progmem.data.Web_CSD_Number6
                0x00000d06       0x10 vem_03_05.o
                0x00000d06                Web_CSD_Number6
 .progmem.data.var_CSD_Number6
                0x00000d16        0x5 vem_03_05.o
                0x00000d16                var_CSD_Number6
 .progmem.data.Web_CSD_Number5
                0x00000d1b       0x10 vem_03_05.o
                0x00000d1b                Web_CSD_Number5
 .progmem.data.var_CSD_Number5
                0x00000d2b        0x5 vem_03_05.o
                0x00000d2b                var_CSD_Number5
 .progmem.data.Web_CSD_Number4
                0x00000d30       0x10 vem_03_05.o
                0x00000d30                Web_CSD_Number4
 .progmem.data.var_CSD_Number4
                0x00000d40        0x5 vem_03_05.o
                0x00000d40                var_CSD_Number4
 .progmem.data.Web_CSD_Number3
                0x00000d45       0x10 vem_03_05.o
                0x00000d45                Web_CSD_Number3
 .progmem.data.var_CSD_Number3
                0x00000d55        0x5 vem_03_05.o
                0x00000d55                var_CSD_Number3
 .progmem.data.Web_CSD_Number2
                0x00000d5a       0x10 vem_03_05.o
                0x00000d5a                Web_CSD_Number2
 .progmem.data.var_CSD_Number2
                0x00000d6a        0x5 vem_03_05.o
                0x00000d6a                var_CSD_Number2
 .progmem.data.Web_CSD_Number1
                0x00000d6f       0x10 vem_03_05.o
                0x00000d6f                Web_CSD_Number1
 .progmem.data.var_CSD_Number1
                0x00000d7f        0x5 vem_03_05.o
                0x00000d7f                var_CSD_Number1
 .progmem.data.Web_CSD_Number0
                0x00000d84       0x10 vem_03_05.o
                0x00000d84                Web_CSD_Number0
 .progmem.data.var_CSD_Number0
                0x00000d94        0x5 vem_03_05.o
                0x00000d94                var_CSD_Number0
 .progmem.data.Web_CLIP
                0x00000d99       0x10 vem_03_05.o
                0x00000d99                Web_CLIP
 .progmem.data.var_CLIP
                0x00000da9        0x7 vem_03_05.o
                0x00000da9                var_CLIP
 .progmem.data.csd_page
                0x00000db0      0x8c7 vem_03_05.o
                0x00000db0                csd_page
 .progmem.data.csd_IField
                0x00001677       0x60 vem_03_05.o
                0x00001677                csd_IField
 .progmem.data.name_csd
                0x000016d7        0x9 vem_03_05.o
                0x000016d7                name_csd
 .progmem.data.Web_gsm
                0x000016e0        0xd vem_03_05.o
                0x000016e0                Web_gsm
 .progmem.data.gsm_OField
                0x000016ed       0x1c vem_03_05.o
                0x000016ed                gsm_OField
 .progmem.data.Web_SMS_Number3
                0x00001709       0x10 vem_03_05.o
                0x00001709                Web_SMS_Number3
 .progmem.data.var_SMS_Number3
                0x00001719        0xc vem_03_05.o
                0x00001719                var_SMS_Number3
 .progmem.data.Web_SMS_Number2
                0x00001725       0x10 vem_03_05.o
                0x00001725                Web_SMS_Number2
 .progmem.data.var_SMS_Number2
                0x00001735        0xc vem_03_05.o
                0x00001735                var_SMS_Number2
 .progmem.data.Web_SMS_Number1
                0x00001741       0x10 vem_03_05.o
                0x00001741                Web_SMS_Number1
 .progmem.data.var_SMS_Number1
                0x00001751        0xc vem_03_05.o
                0x00001751                var_SMS_Number1
 .progmem.data.Web_SMS
                0x0000175d       0x10 vem_03_05.o
                0x0000175d                Web_SMS
 .progmem.data.var_SMS
                0x0000176d        0x6 vem_03_05.o
                0x0000176d                var_SMS
 .progmem.data.Web_GPRS_apn_psw
                0x00001773       0x10 vem_03_05.o
                0x00001773                Web_GPRS_apn_psw
 .progmem.data.var_GPRS_apn_psw
                0x00001783        0xd vem_03_05.o
                0x00001783                var_GPRS_apn_psw
 .progmem.data.Web_GPRS_apn_user_name
                0x00001790       0x10 vem_03_05.o
                0x00001790                Web_GPRS_apn_user_name
 .progmem.data.var_GPRS_apn_user_name
                0x000017a0       0x13 vem_03_05.o
                0x000017a0                var_GPRS_apn_user_name
 .progmem.data.Web_GPRS_apn1
                0x000017b3       0x10 vem_03_05.o
                0x000017b3                Web_GPRS_apn1
 .progmem.data.var_GPRS_apn1
                0x000017c3        0x9 vem_03_05.o
                0x000017c3                var_GPRS_apn1
 .progmem.data.gsm_page
                0x000017cc      0x4cf vem_03_05.o
                0x000017cc                gsm_page
 .progmem.data.gsm_IField
                0x00001c9b       0x30 vem_03_05.o
                0x00001c9b                gsm_IField
 .progmem.data.name_gsm
                0x00001ccb        0x9 vem_03_05.o
                0x00001ccb                name_gsm
 .progmem.data.Web_network
                0x00001cd4        0xd vem_03_05.o
                0x00001cd4                Web_network
 .progmem.data.network_OField
                0x00001ce1       0xa0 vem_03_05.o
                0x00001ce1                network_OField
 .progmem.data.Web_ResetGSM
                0x00001d81       0x10 vem_03_05.o
                0x00001d81                Web_ResetGSM
 .progmem.data.var_ResetGSM
                0x00001d91        0x9 vem_03_05.o
                0x00001d91                var_ResetGSM
 .progmem.data.Web_UDP3_Port
                0x00001d9a       0x10 vem_03_05.o
                0x00001d9a                Web_UDP3_Port
 .progmem.data.var_UDP3_Port
                0x00001daa        0xa vem_03_05.o
                0x00001daa                var_UDP3_Port
 .progmem.data.Web_UDP2_Port
                0x00001db4       0x10 vem_03_05.o
                0x00001db4                Web_UDP2_Port
 .progmem.data.var_UDP2_Port
                0x00001dc4        0xa vem_03_05.o
                0x00001dc4                var_UDP2_Port
 .progmem.data.Web_UDP1_Port
                0x00001dce       0x10 vem_03_05.o
                0x00001dce                Web_UDP1_Port
 .progmem.data.var_UDP1_Port
                0x00001dde        0xa vem_03_05.o
                0x00001dde                var_UDP1_Port
 .progmem.data.Web_UDP0_Port
                0x00001de8       0x10 vem_03_05.o
                0x00001de8                Web_UDP0_Port
 .progmem.data.var_UDP0_Port
                0x00001df8        0xa vem_03_05.o
                0x00001df8                var_UDP0_Port
 .progmem.data.Web_UDP3_IP4
                0x00001e02       0x10 vem_03_05.o
                0x00001e02                Web_UDP3_IP4
 .progmem.data.var_UDP3_IP4
                0x00001e12        0x6 vem_03_05.o
                0x00001e12                var_UDP3_IP4
 .progmem.data.Web_UDP3_IP3
                0x00001e18       0x10 vem_03_05.o
                0x00001e18                Web_UDP3_IP3
 .progmem.data.var_UDP3_IP3
                0x00001e28        0x6 vem_03_05.o
                0x00001e28                var_UDP3_IP3
 .progmem.data.Web_UDP3_IP2
                0x00001e2e       0x10 vem_03_05.o
                0x00001e2e                Web_UDP3_IP2
 .progmem.data.var_UDP3_IP2
                0x00001e3e        0x6 vem_03_05.o
                0x00001e3e                var_UDP3_IP2
 .progmem.data.Web_UDP3_IP1
                0x00001e44       0x10 vem_03_05.o
                0x00001e44                Web_UDP3_IP1
 .progmem.data.var_UDP3_IP1
                0x00001e54        0x6 vem_03_05.o
                0x00001e54                var_UDP3_IP1
 .progmem.data.Web_UDP2_IP4
                0x00001e5a       0x10 vem_03_05.o
                0x00001e5a                Web_UDP2_IP4
 .progmem.data.var_UDP2_IP4
                0x00001e6a        0x6 vem_03_05.o
                0x00001e6a                var_UDP2_IP4
 .progmem.data.Web_UDP2_IP3
                0x00001e70       0x10 vem_03_05.o
                0x00001e70                Web_UDP2_IP3
 .progmem.data.var_UDP2_IP3
                0x00001e80        0x6 vem_03_05.o
                0x00001e80                var_UDP2_IP3
 .progmem.data.Web_UDP2_IP2
                0x00001e86       0x10 vem_03_05.o
                0x00001e86                Web_UDP2_IP2
 .progmem.data.var_UDP2_IP2
                0x00001e96        0x6 vem_03_05.o
                0x00001e96                var_UDP2_IP2
 .progmem.data.Web_UDP2_IP1
                0x00001e9c       0x10 vem_03_05.o
                0x00001e9c                Web_UDP2_IP1
 .progmem.data.var_UDP2_IP1
                0x00001eac        0x6 vem_03_05.o
                0x00001eac                var_UDP2_IP1
 .progmem.data.Web_UDP1_IP4
                0x00001eb2       0x10 vem_03_05.o
                0x00001eb2                Web_UDP1_IP4
 .progmem.data.var_UDP1_IP4
                0x00001ec2        0x6 vem_03_05.o
                0x00001ec2                var_UDP1_IP4
 .progmem.data.Web_UDP1_IP3
                0x00001ec8       0x10 vem_03_05.o
                0x00001ec8                Web_UDP1_IP3
 .progmem.data.var_UDP1_IP3
                0x00001ed8        0x6 vem_03_05.o
                0x00001ed8                var_UDP1_IP3
 .progmem.data.Web_UDP1_IP2
                0x00001ede       0x10 vem_03_05.o
                0x00001ede                Web_UDP1_IP2
 .progmem.data.var_UDP1_IP2
                0x00001eee        0x6 vem_03_05.o
                0x00001eee                var_UDP1_IP2
 .progmem.data.Web_UDP1_IP1
                0x00001ef4       0x10 vem_03_05.o
                0x00001ef4                Web_UDP1_IP1
 .progmem.data.var_UDP1_IP1
                0x00001f04        0x6 vem_03_05.o
                0x00001f04                var_UDP1_IP1
 .progmem.data.Web_UDP0_IP4
                0x00001f0a       0x10 vem_03_05.o
                0x00001f0a                Web_UDP0_IP4
 .progmem.data.var_UDP0_IP4
                0x00001f1a        0x6 vem_03_05.o
                0x00001f1a                var_UDP0_IP4
 .progmem.data.Web_UDP0_IP3
                0x00001f20       0x10 vem_03_05.o
                0x00001f20                Web_UDP0_IP3
 .progmem.data.var_UDP0_IP3
                0x00001f30        0x6 vem_03_05.o
                0x00001f30                var_UDP0_IP3
 .progmem.data.Web_UDP0_IP2
                0x00001f36       0x10 vem_03_05.o
                0x00001f36                Web_UDP0_IP2
 .progmem.data.var_UDP0_IP2
                0x00001f46        0x6 vem_03_05.o
                0x00001f46                var_UDP0_IP2
 .progmem.data.Web_UDP0_IP1
                0x00001f4c       0x10 vem_03_05.o
                0x00001f4c                Web_UDP0_IP1
 .progmem.data.var_UDP0_IP1
                0x00001f5c        0x6 vem_03_05.o
                0x00001f5c                var_UDP0_IP1
 .progmem.data.Web_Cli3_IP4
                0x00001f62       0x10 vem_03_05.o
                0x00001f62                Web_Cli3_IP4
 .progmem.data.var_Cli3_IP4
                0x00001f72        0x9 vem_03_05.o
                0x00001f72                var_Cli3_IP4
 .progmem.data.Web_Cli3_IP3
                0x00001f7b       0x10 vem_03_05.o
                0x00001f7b                Web_Cli3_IP3
 .progmem.data.var_Cli3_IP3
                0x00001f8b        0x9 vem_03_05.o
                0x00001f8b                var_Cli3_IP3
 .progmem.data.Web_Cli3_IP2
                0x00001f94       0x10 vem_03_05.o
                0x00001f94                Web_Cli3_IP2
 .progmem.data.var_Cli3_IP2
                0x00001fa4        0x9 vem_03_05.o
                0x00001fa4                var_Cli3_IP2
 .progmem.data.Web_Cli3_IP1
                0x00001fad       0x10 vem_03_05.o
                0x00001fad                Web_Cli3_IP1
 .progmem.data.var_Cli3_IP1
                0x00001fbd        0x9 vem_03_05.o
                0x00001fbd                var_Cli3_IP1
 .progmem.data.Web_Cli2_IP4
                0x00001fc6       0x10 vem_03_05.o
                0x00001fc6                Web_Cli2_IP4
 .progmem.data.var_Cli2_IP4
                0x00001fd6        0x9 vem_03_05.o
                0x00001fd6                var_Cli2_IP4
 .progmem.data.Web_Cli2_IP3
                0x00001fdf       0x10 vem_03_05.o
                0x00001fdf                Web_Cli2_IP3
 .progmem.data.var_Cli2_IP3
                0x00001fef        0x9 vem_03_05.o
                0x00001fef                var_Cli2_IP3
 .progmem.data.Web_Cli2_IP2
                0x00001ff8       0x10 vem_03_05.o
                0x00001ff8                Web_Cli2_IP2
 .progmem.data.var_Cli2_IP2
                0x00002008        0x9 vem_03_05.o
                0x00002008                var_Cli2_IP2
 .progmem.data.Web_Cli2_IP1
                0x00002011       0x10 vem_03_05.o
                0x00002011                Web_Cli2_IP1
 .progmem.data.var_Cli2_IP1
                0x00002021        0x9 vem_03_05.o
                0x00002021                var_Cli2_IP1
 .progmem.data.Web_Cli1_IP4
                0x0000202a       0x10 vem_03_05.o
                0x0000202a                Web_Cli1_IP4
 .progmem.data.var_Cli1_IP4
                0x0000203a        0x9 vem_03_05.o
                0x0000203a                var_Cli1_IP4
 .progmem.data.Web_Cli1_IP3
                0x00002043       0x10 vem_03_05.o
                0x00002043                Web_Cli1_IP3
 .progmem.data.var_Cli1_IP3
                0x00002053        0x9 vem_03_05.o
                0x00002053                var_Cli1_IP3
 .progmem.data.Web_Cli1_IP2
                0x0000205c       0x10 vem_03_05.o
                0x0000205c                Web_Cli1_IP2
 .progmem.data.var_Cli1_IP2
                0x0000206c        0x9 vem_03_05.o
                0x0000206c                var_Cli1_IP2
 .progmem.data.Web_Cli1_IP1
                0x00002075       0x10 vem_03_05.o
                0x00002075                Web_Cli1_IP1
 .progmem.data.var_Cli1_IP1
                0x00002085        0x9 vem_03_05.o
                0x00002085                var_Cli1_IP1
 .progmem.data.Web_Cli0_IP4
                0x0000208e       0x10 vem_03_05.o
                0x0000208e                Web_Cli0_IP4
 .progmem.data.var_Cli0_IP4
                0x0000209e        0x9 vem_03_05.o
                0x0000209e                var_Cli0_IP4
 .progmem.data.Web_Cli0_IP3
                0x000020a7       0x10 vem_03_05.o
                0x000020a7                Web_Cli0_IP3
 .progmem.data.var_Cli0_IP3
                0x000020b7        0x9 vem_03_05.o
                0x000020b7                var_Cli0_IP3
 .progmem.data.Web_Cli0_IP2
                0x000020c0       0x10 vem_03_05.o
                0x000020c0                Web_Cli0_IP2
 .progmem.data.var_Cli0_IP2
                0x000020d0        0x9 vem_03_05.o
                0x000020d0                var_Cli0_IP2
 .progmem.data.Web_Cli0_IP1
                0x000020d9       0x10 vem_03_05.o
                0x000020d9                Web_Cli0_IP1
 .progmem.data.var_Cli0_IP1
                0x000020e9        0x9 vem_03_05.o
                0x000020e9                var_Cli0_IP1
 .progmem.data.Web_WebMaxSessionTime
                0x000020f2       0x10 vem_03_05.o
                0x000020f2                Web_WebMaxSessionTime
 .progmem.data.var_WebMaxSessionTime
                0x00002102       0x12 vem_03_05.o
                0x00002102                var_WebMaxSessionTime
 .progmem.data.Web_TCP_CONNECT_timeout
                0x00002114       0x10 vem_03_05.o
                0x00002114                Web_TCP_CONNECT_timeout
 .progmem.data.var_TCP_CONNECT_timeout
                0x00002124       0x14 vem_03_05.o
                0x00002124                var_TCP_CONNECT_timeout
 .progmem.data.Web_TCP_ListenPort
                0x00002138       0x10 vem_03_05.o
                0x00002138                Web_TCP_ListenPort
 .progmem.data.var_TCP_ListenPort
                0x00002148        0xf vem_03_05.o
                0x00002148                var_TCP_ListenPort
 .progmem.data.network_page
                0x00002157     0x104a vem_03_05.o
                0x00002157                network_page
 .progmem.data.network_IField
                0x000031a1      0x102 vem_03_05.o
                0x000031a1                network_IField
 .progmem.data.name_network
                0x000032a3        0xd vem_03_05.o
                0x000032a3                name_network
 .progmem.data.Web_name_access_error
                0x000032b0        0xd vem_03_05.o
                0x000032b0                Web_name_access_error
 .progmem.data.name_access_error_page
                0x000032bd      0x11a vem_03_05.o
                0x000032bd                name_access_error_page
 .progmem.data.name_access_error
                0x000033d7       0x12 vem_03_05.o
                0x000033d7                name_access_error
 .progmem.data.Web_favicon
                0x000033e9        0xd vem_03_05.o
                0x000033e9                Web_favicon
 .progmem.data.favicon
                0x000033f6      0x57e vem_03_05.o
                0x000033f6                favicon
 .progmem.data.name_favicon
                0x00003974        0xc vem_03_05.o
                0x00003974                name_favicon
 .progmem.data.Web_emeter
                0x00003980        0xd vem_03_05.o
                0x00003980                Web_emeter
 .progmem.data.emeter_OField
                0x0000398d       0x1c vem_03_05.o
                0x0000398d                emeter_OField
 .progmem.data.Web_CurrDataPeriod
                0x000039a9       0x10 vem_03_05.o
                0x000039a9                Web_CurrDataPeriod
 .progmem.data.var_CurrDataPeriod
                0x000039b9        0xf vem_03_05.o
                0x000039b9                var_CurrDataPeriod
 .progmem.data.Web_AutoSend
                0x000039c8       0x10 vem_03_05.o
                0x000039c8                Web_AutoSend
 .progmem.data.var_AutoSend
                0x000039d8        0x9 vem_03_05.o
                0x000039d8                var_AutoSend
 .progmem.data.Web_EM_UART_StopBits
                0x000039e1       0x10 vem_03_05.o
                0x000039e1                Web_EM_UART_StopBits
 .progmem.data.var_EM_UART_StopBits
                0x000039f1        0x9 vem_03_05.o
                0x000039f1                var_EM_UART_StopBits
 .progmem.data.Web_EM_UART_Parity
                0x000039fa       0x10 vem_03_05.o
                0x000039fa                Web_EM_UART_Parity
 .progmem.data.var_EM_UART_Parity
                0x00003a0a        0x7 vem_03_05.o
                0x00003a0a                var_EM_UART_Parity
 .progmem.data.Web_EM_UART_BitQt
                0x00003a11       0x10 vem_03_05.o
                0x00003a11                Web_EM_UART_BitQt
 .progmem.data.var_EM_UART_BitQt
                0x00003a21        0x6 vem_03_05.o
                0x00003a21                var_EM_UART_BitQt
 .progmem.data.Web_EM_UART_Rate
                0x00003a27       0x10 vem_03_05.o
                0x00003a27                Web_EM_UART_Rate
 .progmem.data.var_EM_UART_Rate
                0x00003a37        0x5 vem_03_05.o
                0x00003a37                var_EM_UART_Rate
 .progmem.data.Web_EMeterType
                0x00003a3c       0x10 vem_03_05.o
                0x00003a3c                Web_EMeterType
 .progmem.data.var_EMeterType
                0x00003a4c        0xb vem_03_05.o
                0x00003a4c                var_EMeterType
 .progmem.data.emeter_page
                0x00003a57      0x900 vem_03_05.o
                0x00003a57                emeter_page
 .progmem.data.emeter_IField
                0x00004357       0xcc vem_03_05.o
                0x00004357                emeter_IField
 .progmem.data.STB_2_List
                0x00004423        0x4 vem_03_05.o
                0x00004423                STB_2_List
 .progmem.data.STB_1_List
                0x00004427        0x4 vem_03_05.o
                0x00004427                STB_1_List
 .progmem.data.PAR_O_List
                0x0000442b        0x6 vem_03_05.o
                0x0000442b                PAR_O_List
 .progmem.data.PAR_E_List
                0x00004431        0x6 vem_03_05.o
                0x00004431                PAR_E_List
 .progmem.data.PAR_N_List
                0x00004437        0x6 vem_03_05.o
                0x00004437                PAR_N_List
 .progmem.data.BIT8_List
                0x0000443d        0x8 vem_03_05.o
                0x0000443d                BIT8_List
 .progmem.data.BIT7_List
                0x00004445        0x8 vem_03_05.o
                0x00004445                BIT7_List
 .progmem.data.BIT6_List
                0x0000444d        0x8 vem_03_05.o
                0x0000444d                BIT6_List
 .progmem.data.BIT5_List
                0x00004455        0x8 vem_03_05.o
                0x00004455                BIT5_List
 .progmem.data.BR57600_List
                0x0000445d       0x12 vem_03_05.o
                0x0000445d                BR57600_List
 .progmem.data.BR34800_List
                0x0000446f       0x12 vem_03_05.o
                0x0000446f                BR34800_List
 .progmem.data.BR28800_List
                0x00004481       0x12 vem_03_05.o
                0x00004481                BR28800_List
 .progmem.data.BR19200_List
                0x00004493       0x12 vem_03_05.o
                0x00004493                BR19200_List
 .progmem.data.BR14400_List
                0x000044a5       0x12 vem_03_05.o
                0x000044a5                BR14400_List
 .progmem.data.BR9600_List
                0x000044b7       0x12 vem_03_05.o
                0x000044b7                BR9600_List
 .progmem.data.BR4800_List
                0x000044c9       0x12 vem_03_05.o
                0x000044c9                BR4800_List
 .progmem.data.BR2400_List
                0x000044db       0x12 vem_03_05.o
                0x000044db                BR2400_List
 .progmem.data.BR1200_List
                0x000044ed       0x12 vem_03_05.o
                0x000044ed                BR1200_List
 .progmem.data.ELVIN_MODEM_List
                0x000044ff        0xa vem_03_05.o
                0x000044ff                ELVIN_MODEM_List
 .progmem.data.MERCURY_230_List
                0x00004509        0xa vem_03_05.o
                0x00004509                MERCURY_230_List
 .progmem.data.ELVIN_List
                0x00004513        0xa vem_03_05.o
                0x00004513                ELVIN_List
 .progmem.data.LANDIS_GYR_ZMR110_List
                0x0000451d        0xa vem_03_05.o
                0x0000451d                LANDIS_GYR_ZMR110_List
 .progmem.data.EM_NONE_List
                0x00004527        0xa vem_03_05.o
                0x00004527                EM_NONE_List
 .progmem.data.ON_List
                0x00004531        0x4 vem_03_05.o
                0x00004531                ON_List
 .progmem.data.OFF_List
                0x00004535        0x4 vem_03_05.o
                0x00004535                OFF_List
 .progmem.data.Selected_Str
                0x00004539        0x9 vem_03_05.o
                0x00004539                Selected_Str
 .progmem.data.Space_Str
                0x00004542        0x9 vem_03_05.o
                0x00004542                Space_Str
 .progmem.data.name_emeter
                0x0000454b        0xc vem_03_05.o
                0x0000454b                name_emeter
 .progmem.data.Web_index
                0x00004557        0xd vem_03_05.o
                0x00004557                Web_index
 .progmem.data.index_page
                0x00004564      0x2ea vem_03_05.o
                0x00004564                index_page
 .progmem.data.index_IField
                0x0000484e       0x3c vem_03_05.o
                0x0000484e                index_IField
 .progmem.data.name_index
                0x0000488a        0xb vem_03_05.o
                0x0000488a                name_index
 .progmem.data.Web_login
                0x00004895        0xd vem_03_05.o
                0x00004895                Web_login
 .progmem.data.vars_loginOField
                0x000048a2        0x8 vem_03_05.o
                0x000048a2                vars_loginOField
 .progmem.data.Web_PasswOF
                0x000048aa       0x10 vem_03_05.o
                0x000048aa                Web_PasswOF
 .progmem.data.vars_Passw
                0x000048ba        0x9 vem_03_05.o
                0x000048ba                vars_Passw
 .progmem.data.Web_LoginOF
                0x000048c3       0x10 vem_03_05.o
                0x000048c3                Web_LoginOF
 .progmem.data.vars_Login
                0x000048d3        0x6 vem_03_05.o
                0x000048d3                vars_Login
 .progmem.data.login_page
                0x000048d9      0x1e3 vem_03_05.o
                0x000048d9                login_page
 .progmem.data.login_InField
                0x00004abc       0x18 vem_03_05.o
                0x00004abc                login_InField
 .progmem.data.Web_LoginMsg_List
                0x00004ad4        0x8 vem_03_05.o
                0x00004ad4                Web_LoginMsg_List
 .progmem.data.Login_PSW_Str
                0x00004adc       0x32 vem_03_05.o
                0x00004adc                Login_PSW_Str
 .progmem.data.Login_Login_Str
                0x00004b0e       0x32 vem_03_05.o
                0x00004b0e                Login_Login_Str
 .progmem.data.Login_Busy_Str
                0x00004b40       0x32 vem_03_05.o
                0x00004b40                Login_Busy_Str
 .progmem.data.Login_Welcome_Str
                0x00004b72       0x32 vem_03_05.o
                0x00004b72                Login_Welcome_Str
 .progmem.data.name_login
                0x00004ba4        0xb vem_03_05.o
                0x00004ba4                name_login
 .progmem.data.METHOD_POST
                0x00004baf        0x7 vem_03_05.o
                0x00004baf                METHOD_POST
 .progmem.data.METHOD_GET
                0x00004bb6        0x6 vem_03_05.o
                0x00004bb6                METHOD_GET
 .progmem.data.Web_error_page
                0x00004bbc        0xd vem_03_05.o
                0x00004bbc                Web_error_page
 .progmem.data.error_page
                0x00004bc9       0x75 vem_03_05.o
                0x00004bc9                error_page
 .progmem.data.SESSID_pstr
                0x00004c3e        0x9 vem_03_05.o
                0x00004c3e                SESSID_pstr
 .progmem.data.inputSESSID_Str
                0x00004c47       0x2b vem_03_05.o
                0x00004c47                inputSESSID_Str
 .progmem.data.Connection_Close
                0x00004c72       0x16 vem_03_05.o
                0x00004c72                Connection_Close
 .progmem.data.jpeg_str
                0x00004c88        0x5 vem_03_05.o
                0x00004c88                jpeg_str
 .progmem.data.gif_str
                0x00004c8d        0x4 vem_03_05.o
                0x00004c8d                gif_str
 .progmem.data.ico_str
                0x00004c91        0x4 vem_03_05.o
                0x00004c91                ico_str
 .progmem.data.html_str
                0x00004c95        0x5 vem_03_05.o
                0x00004c95                html_str
 .progmem.data.image_str
                0x00004c9a        0x7 vem_03_05.o
                0x00004c9a                image_str
 .progmem.data.html_cp1251_str
                0x00004ca1       0x22 vem_03_05.o
                0x00004ca1                html_cp1251_str
 .progmem.data.Content_Length
                0x00004cc3       0x13 vem_03_05.o
                0x00004cc3                Content_Length
 .progmem.data.Content_Type
                0x00004cd6        0xf vem_03_05.o
                0x00004cd6                Content_Type
 .progmem.data.HTTP_200_OK
                0x00004ce5       0x12 vem_03_05.o
                0x00004ce5                HTTP_200_OK
 .progmem.data.MsgErr41
                0x00004cf7        0x1 vem_03_05.o
                0x00004cf7                MsgErr41
 .progmem.data.TestMsg_str
                0x00004cf8       0x13 vem_03_05.o
                0x00004cf8                TestMsg_str
 .progmem.data.MB_Master_List
                0x00004d0b        0x3 vem_03_05.o
                0x00004d0b                MB_Master_List
 .progmem.data.DO_M
                0x00004d0e        0xf vem_03_05.o
 .progmem.data.DI_M
                0x00004d1d       0x20 vem_03_05.o
 .progmem.data.AT_ATH
                0x00004d3d        0x4 vem_03_05.o
                0x00004d3d                AT_ATH
 .progmem.data.AT_ATA
                0x00004d41        0x4 vem_03_05.o
                0x00004d41                AT_ATA
 .progmem.data.AT_CSQ
                0x00004d45        0x7 vem_03_05.o
                0x00004d45                AT_CSQ
 .progmem.data.AT_CGATT_0
                0x00004d4c        0xb vem_03_05.o
                0x00004d4c                AT_CGATT_0
 .progmem.data.AT_CIPSHUT
                0x00004d57        0xb vem_03_05.o
                0x00004d57                AT_CIPSHUT
 .progmem.data.AT_CIPCLOSE
                0x00004d62        0xe vem_03_05.o
                0x00004d62                AT_CIPCLOSE
 .progmem.data.AT_CIPCLOSE_1
                0x00004d70       0x10 vem_03_05.o
                0x00004d70                AT_CIPCLOSE_1
 .progmem.data.AT_CIPSEND
                0x00004d80        0xc vem_03_05.o
                0x00004d80                AT_CIPSEND
 .progmem.data.AT_ATO
                0x00004d8c        0x4 vem_03_05.o
                0x00004d8c                AT_ATO
 .progmem.data.AT_CIPSTATUS
                0x00004d90        0xd vem_03_05.o
                0x00004d90                AT_CIPSTATUS
 .progmem.data.AT_SERVERCLOSE
                0x00004d9d        0xf vem_03_05.o
                0x00004d9d                AT_SERVERCLOSE
 .progmem.data.AT_CIPSERVER
                0x00004dac       0x10 vem_03_05.o
                0x00004dac                AT_CIPSERVER
 .progmem.data.AT_CIPSTART_TCP
                0x00004dbc       0x13 vem_03_05.o
                0x00004dbc                AT_CIPSTART_TCP
 .progmem.data.AT_CIPSTART
                0x00004dcf       0x15 vem_03_05.o
                0x00004dcf                AT_CIPSTART
 .progmem.data.AT_CIFSR
                0x00004de4        0x9 vem_03_05.o
                0x00004de4                AT_CIFSR
 .progmem.data.AT_CIICR
                0x00004ded        0x9 vem_03_05.o
                0x00004ded                AT_CIICR
 .progmem.data.AT_CSTT
                0x00004df6        0x8 vem_03_05.o
                0x00004df6                AT_CSTT
 .progmem.data.AT_CIPCSGP
                0x00004dfe        0xf vem_03_05.o
                0x00004dfe                AT_CIPCSGP
 .progmem.data.AT_CGATT
                0x00004e0d        0xb vem_03_05.o
                0x00004e0d                AT_CGATT
 .progmem.data.AT_CIPMUX_0
                0x00004e18        0xc vem_03_05.o
                0x00004e18                AT_CIPMUX_0
 .progmem.data.AT_CIPMODE_1
                0x00004e24        0xd vem_03_05.o
                0x00004e24                AT_CIPMODE_1
 .progmem.data.AT_CMGS
                0x00004e31        0xb vem_03_05.o
                0x00004e31                AT_CMGS
 .progmem.data.AT_CSMP
                0x00004e3c       0x13 vem_03_05.o
                0x00004e3c                AT_CSMP
 .progmem.data.AT_CMGF
                0x00004e4f        0xa vem_03_05.o
                0x00004e4f                AT_CMGF
 .progmem.data.AT_CCID
                0x00004e59        0x8 vem_03_05.o
                0x00004e59                AT_CCID
 .progmem.data.AT_CLIP
                0x00004e61        0xa vem_03_05.o
                0x00004e61                AT_CLIP
 .progmem.data.AT_CGMM
                0x00004e6b        0x8 vem_03_05.o
                0x00004e6b                AT_CGMM
 .progmem.data.AT_E0
                0x00004e73        0x5 vem_03_05.o
                0x00004e73                AT_E0
 .progmem.data.AT_W
                0x00004e78        0x5 vem_03_05.o
                0x00004e78                AT_W
 .progmem.data.AT_IPR9600
                0x00004e7d        0xc vem_03_05.o
                0x00004e7d                AT_IPR9600
 .progmem.data.AT_AT
                0x00004e89        0x3 vem_03_05.o
                0x00004e89                AT_AT
 .progmem.data.MODEM_EQUAL
                0x00004e8c        0xa vem_03_05.o
                0x00004e8c                MODEM_EQUAL
 .progmem.data.ESC_SEQ
                0x00004e96        0x4 vem_03_05.o
                0x00004e96                ESC_SEQ
 .progmem.data.RESP_STATE_CONNECT_OK
                0x00004e9a       0x12 vem_03_05.o
                0x00004e9a                RESP_STATE_CONNECT_OK
 .progmem.data.RESP_CONNECT_9600
                0x00004eac        0xd vem_03_05.o
                0x00004eac                RESP_CONNECT_9600
 .progmem.data.RESP_SHUT_OK
                0x00004eb9        0x8 vem_03_05.o
                0x00004eb9                RESP_SHUT_OK
 .progmem.data.RESP_CSQ
                0x00004ec1        0x6 vem_03_05.o
                0x00004ec1                RESP_CSQ
 .progmem.data.RESP_CLOSE_OK_FAST
                0x00004ec7        0xc vem_03_05.o
                0x00004ec7                RESP_CLOSE_OK_FAST
 .progmem.data.RESP_CLOSE_OK
                0x00004ed3        0x9 vem_03_05.o
                0x00004ed3                RESP_CLOSE_OK
 .progmem.data.RESP_SEND_OK
                0x00004edc        0xb vem_03_05.o
                0x00004edc                RESP_SEND_OK
 .progmem.data.RESP_SERVER_CLOSE
                0x00004ee7        0xd vem_03_05.o
                0x00004ee7                RESP_SERVER_CLOSE
 .progmem.data.RESP_SERVER_OK
                0x00004ef4        0xa vem_03_05.o
                0x00004ef4                RESP_SERVER_OK
 .progmem.data.RESP_CONNECT_OK
                0x00004efe        0xe vem_03_05.o
                0x00004efe                RESP_CONNECT_OK
 .progmem.data.RESP_CONNECT
                0x00004f0c        0x8 vem_03_05.o
                0x00004f0c                RESP_CONNECT
 .progmem.data.RESP_OK
                0x00004f14        0x3 vem_03_05.o
                0x00004f14                RESP_OK
 .progmem.data.URC_NO_CARRIER
                0x00004f17        0xb vem_03_05.o
                0x00004f17                URC_NO_CARRIER
 .progmem.data.URC_RING
                0x00004f22        0x5 vem_03_05.o
                0x00004f22                URC_RING
 .progmem.data.URC_PDPDEACT
                0x00004f27        0xb vem_03_05.o
                0x00004f27                URC_PDPDEACT
 .progmem.data.URC_CLOSED
                0x00004f32        0x9 vem_03_05.o
                0x00004f32                URC_CLOSED
 .progmem.data.URC_RECEIVE
                0x00004f3b        0xa vem_03_05.o
                0x00004f3b                URC_RECEIVE
 .progmem.data.URC_CONNECT
                0x00004f45        0x8 vem_03_05.o
                0x00004f45                URC_CONNECT
 .progmem.data.URC_REMOTE_IP
                0x00004f4d        0xa vem_03_05.o
                0x00004f4d                URC_REMOTE_IP
 .progmem.data.URC_SMS_READY
                0x00004f57        0xa vem_03_05.o
                0x00004f57                URC_SMS_READY
 .progmem.data.URC_CALL_READY
                0x00004f61        0xb vem_03_05.o
                0x00004f61                URC_CALL_READY
 .progmem.data.URC_RDY
                0x00004f6c        0x4 vem_03_05.o
                0x00004f6c                URC_RDY
 .progmem.data.GSM_SIMCOM_SIM800
                0x00004f70        0xe vem_03_05.o
                0x00004f70                GSM_SIMCOM_SIM800
 .progmem.data.GSM_SIMCOM_SIM900R
                0x00004f7e        0xf vem_03_05.o
                0x00004f7e                GSM_SIMCOM_SIM900R
 .progmem.data.MB_Timer
                0x00004f8d        0xc vem_03_05.o
 .progmem.data.MB_Port
                0x00004f99       0x14 vem_03_05.o
 .progmem.data.BR_Tbl
                0x00004fad       0x1b vem_03_05.o
                0x00004fad                BR_Tbl
 .progmem.data.Modbus_Map
                0x00004fc8       0x10 vem_03_05.o
                0x00004fc8                Modbus_Map
 .progmem.data.MB_Role
                0x00004fd8        0x1 vem_03_05.o
 .progmem.data  0x00004fd9        0xc c:/program files (x86)/atmel/atmel toolchain/avr8 gcc/native/3.4.1061/avr8-gnu-toolchain/bin/../lib/gcc/avr/4.8.1/../../../../avr/lib/avr51\libc.a(vfscanf_std.o)
                0x00004fe6                . = ALIGN (0x2)
 *fill*         0x00004fe5        0x1 
 *(.jumptables)
 *(.jumptables*)
 *(.lowtext)
 *(.lowtext*)
                0x00004fe6                __ctors_start = .
 *(.ctors)
                0x00004fe6                __ctors_end = .
                0x00004fe6                __dtors_start = .
 *(.dtors)
                0x00004fe6                __dtors_end = .
 SORT(*)(.ctors)
 SORT(*)(.dtors)
 *(.init0)
 .init0         0x00004fe6        0x0 c:/program files (x86)/atmel/atmel toolchain/avr8 gcc/native/3.4.1061/avr8-gnu-toolchain/bin/../lib/gcc/avr/4.8.1/../../../../avr/lib/avr51/crtm128.o
                0x00004fe6                __init
 *(.init0)
 *(.init1)
 *(.init1)
 *(.init2)
 .init2         0x00004fe6        0xc c:/program files (x86)/atmel/atmel toolchain/avr8 gcc/native/3.4.1061/avr8-gnu-toolchain/bin/../lib/gcc/avr/4.8.1/../../../../avr/lib/avr51/crtm128.o
 *(.init2)
 *(.init3)
 *(.init3)
 *(.init4)
 .init4         0x00004ff2       0x1a c:/program files (x86)/atmel/atmel toolchain/avr8 gcc/native/3.4.1061/avr8-gnu-toolchain/bin/../lib/gcc/avr/4.8.1/avr51\libgcc.a(_copy_data.o)
                0x00004ff2                __do_copy_data
 .init4         0x0000500c       0x10 c:/program files (x86)/atmel/atmel toolchain/avr8 gcc/native/3.4.1061/avr8-gnu-toolchain/bin/../lib/gcc/avr/4.8.1/avr51\libgcc.a(_clear_bss.o)
                0x0000500c                __do_clear_bss
 *(.init4)
 *(.init5)
 *(.init5)
 *(.init6)
 *(.init6)
 *(.init7)
 *(.init7)
 *(.init8)
 *(.init8)
 *(.init9)
 .init9         0x0000501c        0x8 c:/program files (x86)/atmel/atmel toolchain/avr8 gcc/native/3.4.1061/avr8-gnu-toolchain/bin/../lib/gcc/avr/4.8.1/../../../../avr/lib/avr51/crtm128.o
 *(.init9)
 *(.text)
 .text          0x00005024        0x4 c:/program files (x86)/atmel/atmel toolchain/avr8 gcc/native/3.4.1061/avr8-gnu-toolchain/bin/../lib/gcc/avr/4.8.1/../../../../avr/lib/avr51/crtm128.o
                0x00005024                __vector_22
                0x00005024                __vector_28
                0x00005024                __vector_1
                0x00005024                __vector_34
                0x00005024                __vector_24
                0x00005024                __bad_interrupt
                0x00005024                __vector_6
                0x00005024                __vector_3
                0x00005024                __vector_23
                0x00005024                __vector_25
                0x00005024                __vector_11
                0x00005024                __vector_13
                0x00005024                __vector_17
                0x00005024                __vector_7
                0x00005024                __vector_27
                0x00005024                __vector_5
                0x00005024                __vector_33
                0x00005024                __vector_4
                0x00005024                __vector_2
                0x00005024                __vector_21
                0x00005024                __vector_29
                0x00005024                __vector_8
                0x00005024                __vector_26
                0x00005024                __vector_14
                0x00005024                __vector_10
                0x00005024                __vector_16
                0x00005028                . = ALIGN (0x2)
 *(.text.*)
 .text.rrb      0x00005028        0x6 vem_03_05.o
                0x00005028                rrb
 .text.prb      0x0000502e        0x6 vem_03_05.o
                0x0000502e                prb
 .text.prb_f    0x00005034        0xe vem_03_05.o
                0x00005034                prb_f
 .text.RS485_1  0x00005042        0xa vem_03_05.o
                0x00005042                RS485_1
 .text.MB_LED1  0x0000504c        0x2 vem_03_05.o
                0x0000504c                MB_LED1
 .text.MB_LED_Err_On_1
                0x0000504e        0x2 vem_03_05.o
                0x0000504e                MB_LED_Err_On_1
 .text.MB_LED_Err_Off_1
                0x00005050        0x2 vem_03_05.o
                0x00005050                MB_LED_Err_Off_1
 .text.StartTimer0
                0x00005052        0xc vem_03_05.o
                0x00005052                StartTimer0
 .text.StartTimer2
                0x0000505e        0xc vem_03_05.o
                0x0000505e                StartTimer2
 .text.MB_Timer_ISR
                0x0000506a       0x8e vem_03_05.o
 .text.MBRecept
                0x000050f8       0x84 vem_03_05.o
 .text.GetSlave
                0x0000517c       0x2a vem_03_05.o
 .text.DI_Init_Hard
                0x000051a6       0x42 vem_03_05.o
 .text.Reboot   0x000051e8        0x4 vem_03_05.o
                0x000051e8                Reboot
 .text.ResetGSMState
                0x000051ec        0x8 vem_03_05.o
                0x000051ec                ResetGSMState
 .text.Start_Updater
                0x000051f4        0x8 vem_03_05.o
                0x000051f4                Start_Updater
 .text.Web_Login_Request
                0x000051fc        0x8 vem_03_05.o
                0x000051fc                Web_Login_Request
 .text.erb      0x00005204        0x4 vem_03_05.o
                0x00005204                erb
 .text.GetReg   0x00005208       0x76 vem_03_05.o
 .text.prd      0x0000527e        0xc vem_03_05.o
                0x0000527e                prd
 .text.CRC_Seed
                0x0000528a       0x9a vem_03_05.o
                0x0000528a                CRC_Seed
 .text.CRC      0x00005324       0x12 vem_03_05.o
                0x00005324                CRC
 .text.CRC_EEPROM_calc
                0x00005336       0x38 vem_03_05.o
 .text.CRC_EEPROM_upd
                0x0000536e       0x18 vem_03_05.o
 .text.ewb      0x00005386        0x8 vem_03_05.o
                0x00005386                ewb
 .text.Start_Bootloader
                0x0000538e        0xe vem_03_05.o
                0x0000538e                Start_Bootloader
 .text.eww      0x0000539c        0x8 vem_03_05.o
                0x0000539c                eww
 .text.ewd      0x000053a4        0x8 vem_03_05.o
                0x000053a4                ewd
 .text.ewbl     0x000053ac        0x8 vem_03_05.o
                0x000053ac                ewbl
 .text.CRC_Flash_calc
                0x000053b4       0x34 vem_03_05.o
 .text.MemCheckInit
                0x000053e8       0x34 vem_03_05.o
                0x000053e8                MemCheckInit
 .text.IntOff   0x0000541c       0x10 vem_03_05.o
                0x0000541c                IntOff
 .text.IntOn    0x0000542c       0x10 vem_03_05.o
                0x0000542c                IntOn
 .text.Modbus_ReadHoldReg
                0x0000543c       0x68 vem_03_05.o
                0x0000543c                Modbus_ReadHoldReg
 .text.WdtOn    0x000054a4       0x16 vem_03_05.o
                0x000054a4                WdtOn
 .text.Timer16Alloc
                0x000054ba        0xe vem_03_05.o
                0x000054ba                Timer16Alloc
 .text.Timer32Alloc
                0x000054c8        0xe vem_03_05.o
                0x000054c8                Timer32Alloc
 .text.StartTimer8
                0x000054d6       0x5c vem_03_05.o
                0x000054d6                StartTimer8
 .text.StartTimer16
                0x00005532       0x58 vem_03_05.o
                0x00005532                StartTimer16
 .text.SlavesOn
                0x0000558a       0x36 vem_03_05.o
 .text.NextSlave
                0x000055c0      0x124 vem_03_05.o
 .text.FailSlave
                0x000056e4       0xd0 vem_03_05.o
 .text.StartTimer32
                0x000057b4       0x7e vem_03_05.o
                0x000057b4                StartTimer32
 .text.Timer8Stopp
                0x00005832       0x36 vem_03_05.o
                0x00005832                Timer8Stopp
 .text.Timer16Stopp
                0x00005868       0x4e vem_03_05.o
                0x00005868                Timer16Stopp
 .text.Timer32Stopp
                0x000058b6       0x56 vem_03_05.o
                0x000058b6                Timer32Stopp
 .text.ResetTimer16
                0x0000590c       0x42 vem_03_05.o
                0x0000590c                ResetTimer16
 .text.OnTimeSave
                0x0000594e       0x1c vem_03_05.o
                0x0000594e                OnTimeSave
 .text.TimeInit
                0x0000596a       0x7c vem_03_05.o
                0x0000596a                TimeInit
 .text.ScanCycleInit
                0x000059e6       0x16 vem_03_05.o
                0x000059e6                ScanCycleInit
 .text.__vector_12
                0x000059fc       0x96 vem_03_05.o
                0x000059fc                __vector_12
 .text.TimersInc
                0x00005a92      0x1f8 vem_03_05.o
                0x00005a92                TimersInc
 .text.TimeCycle
                0x00005c8a       0x3a vem_03_05.o
                0x00005c8a                TimeCycle
 .text.Delay_us
                0x00005cc4       0x30 vem_03_05.o
                0x00005cc4                Delay_us
 .text.MB_PLC_Init
                0x00005cf4        0x6 vem_03_05.o
                0x00005cf4                MB_PLC_Init
 .text.OW_MasterPullLowBus
                0x00005cfa       0x1a vem_03_05.o
                0x00005cfa                OW_MasterPullLowBus
 .text.OW_MasterReleaseBus
                0x00005d14       0x1a vem_03_05.o
                0x00005d14                OW_MasterReleaseBus
 .text.GSM_PWRCNTRL_Config
                0x00005d2e        0x8 vem_03_05.o
                0x00005d2e                GSM_PWRCNTRL_Config
 .text.GSM_PWRCNTRL_OFF
                0x00005d36        0x8 vem_03_05.o
                0x00005d36                GSM_PWRCNTRL_OFF
 .text.GSM_PWRCNTRL_ON
                0x00005d3e        0x8 vem_03_05.o
                0x00005d3e                GSM_PWRCNTRL_ON
 .text.CTS_Config
                0x00005d46        0x4 vem_03_05.o
                0x00005d46                CTS_Config
 .text.CTS_OFF  0x00005d4a        0x4 vem_03_05.o
                0x00005d4a                CTS_OFF
 .text.RTS_Config
                0x00005d4e        0x6 vem_03_05.o
                0x00005d4e                RTS_Config
 .text.__vector_15
                0x00005d54       0x60 vem_03_05.o
                0x00005d54                __vector_15
 .text.__vector_9
                0x00005db4       0x60 vem_03_05.o
                0x00005db4                __vector_9
 .text.SetParity
                0x00005e14       0x86 vem_03_05.o
                0x00005e14                SetParity
 .text.SetBAUD  0x00005e9a       0x86 vem_03_05.o
                0x00005e9a                SetBAUD
 .text.MB_Transm
                0x00005f20       0x84 vem_03_05.o
                0x00005f20                MB_Transm
 .text.Modbus_RX
                0x00005fa4       0xbe vem_03_05.o
                0x00005fa4                Modbus_RX
 .text.CommErr  0x00006062       0xc2 vem_03_05.o
                0x00006062                CommErr
 .text.SetCRC_MB
                0x00006124       0x38 vem_03_05.o
                0x00006124                SetCRC_MB
 .text.FormData
                0x0000615c      0x1de vem_03_05.o
 .text.FormQuery
                0x0000633a       0x94 vem_03_05.o
 .text.FormSingle
                0x000063ce       0x54 vem_03_05.o
 .text.MB_FrameReg
                0x00006422       0x28 vem_03_05.o
                0x00006422                MB_FrameReg
 .text.MB_S_Timer_ISR
                0x0000644a      0x5ce vem_03_05.o
                0x0000644a                MB_S_Timer_ISR
 .text.MB_S_Tx  0x00006a18       0x16 vem_03_05.o
                0x00006a18                MB_S_Tx
 .text.MB_S_Init
                0x00006a2e       0x1e vem_03_05.o
                0x00006a2e                MB_S_Init
 .text.MB_M_Init
                0x00006a4c       0x7a vem_03_05.o
                0x00006a4c                MB_M_Init
 .text.MB_Init  0x00006ac6       0x54 vem_03_05.o
                0x00006ac6                MB_Init
 .text.MB_M_Timer_ISR
                0x00006b1a      0x560 vem_03_05.o
                0x00006b1a                MB_M_Timer_ISR
 .text.MB_M_Tx  0x0000707a       0x16 vem_03_05.o
                0x0000707a                MB_M_Tx
 .text.Modbus_TX
                0x00007090      0x170 vem_03_05.o
                0x00007090                Modbus_TX
 .text.MB_M_Cycle
                0x00007200       0xd2 vem_03_05.o
                0x00007200                MB_M_Cycle
 .text.MB_Cycle
                0x000072d2       0x44 vem_03_05.o
                0x000072d2                MB_Cycle
 .text.IP_compare_Const
                0x00007316       0x22 vem_03_05.o
                0x00007316                IP_compare_Const
 .text.IP_E_compare_Const
                0x00007338       0x60 vem_03_05.o
                0x00007338                IP_E_compare_Const
 .text.InitFIFO
                0x00007398       0x10 vem_03_05.o
                0x00007398                InitFIFO
 .text.GetByteFromFIFO
                0x000073a8       0xbe vem_03_05.o
                0x000073a8                GetByteFromFIFO
 .text.GetStringFromFIFO
                0x00007466       0x5e vem_03_05.o
                0x00007466                GetStringFromFIFO
 .text.ForceEndStringFromFIFO
                0x000074c4       0x24 vem_03_05.o
                0x000074c4                ForceEndStringFromFIFO
 .text.GetDataFromFIFO
                0x000074e8       0x36 vem_03_05.o
                0x000074e8                GetDataFromFIFO
 .text.strcpy_EE
                0x0000751e       0x44 vem_03_05.o
                0x0000751e                strcpy_EE
 .text.GSM_Init
                0x00007562       0x6a vem_03_05.o
                0x00007562                GSM_Init
 .text.GSM_Wait_Response
                0x000075cc       0x16 vem_03_05.o
                0x000075cc                GSM_Wait_Response
 .text.GSM_Wait_Response_P
                0x000075e2       0x52 vem_03_05.o
                0x000075e2                GSM_Wait_Response_P
 .text.GSM_Wait_Char
                0x00007634       0x42 vem_03_05.o
                0x00007634                GSM_Wait_Char
 .text.GSM_TX   0x00007676       0x18 vem_03_05.o
                0x00007676                GSM_TX
 .text.__vector_20
                0x0000768e       0x56 vem_03_05.o
                0x0000768e                __vector_20
 .text.DI_State
                0x000076e4       0x24 vem_03_05.o
                0x000076e4                DI_State
 .text.DI_Status
                0x00007708       0x24 vem_03_05.o
                0x00007708                DI_Status
 .text.DigitIn  0x0000772c       0x96 vem_03_05.o
                0x0000772c                DigitIn
 .text.SetDigOut
                0x000077c2       0x24 vem_03_05.o
                0x000077c2                SetDigOut
 .text.ResDigOut
                0x000077e6       0x26 vem_03_05.o
                0x000077e6                ResDigOut
 .text.DigitOut
                0x0000780c       0x66 vem_03_05.o
                0x0000780c                DigitOut
 .text.DO_Init  0x00007872       0x28 vem_03_05.o
                0x00007872                DO_Init
 .text.Pow10    0x0000789a       0x1c vem_03_05.o
                0x0000789a                Pow10
 .text.PowL10   0x000078b6       0x1e vem_03_05.o
                0x000078b6                PowL10
 .text.OW_MasterTx_Command
                0x000078d4       0x76 vem_03_05.o
                0x000078d4                OW_MasterTx_Command
 .text.OW_MasterRx_Data
                0x0000794a       0x72 vem_03_05.o
                0x0000794a                OW_MasterRx_Data
 .text.OneWire_Init
                0x000079bc       0x18 vem_03_05.o
                0x000079bc                OneWire_Init
 .text.OneWireStartADC
                0x000079d4       0xb6 vem_03_05.o
                0x000079d4                OneWireStartADC
 .text.OneWireReadTemp
                0x00007a8a      0x1a8 vem_03_05.o
                0x00007a8a                OneWireReadTemp
 .text.DS18B20  0x00007c32       0x52 vem_03_05.o
                0x00007c32                DS18B20
 .text.PutEnum  0x00007c84       0x4c vem_03_05.o
                0x00007c84                PutEnum
 .text.PutVal   0x00007cd0       0xf6 vem_03_05.o
                0x00007cd0                PutVal
 .text.Put_sVal
                0x00007dc6      0x154 vem_03_05.o
                0x00007dc6                Put_sVal
 .text.Put_zVal
                0x00007f1a       0xf6 vem_03_05.o
                0x00007f1a                Put_zVal
 .text.Put_zVal_h
                0x00008010       0x6c vem_03_05.o
                0x00008010                Put_zVal_h
 .text.PutDVal  0x0000807c      0x126 vem_03_05.o
                0x0000807c                PutDVal
 .text.Put_sDVal
                0x000081a2      0x1f0 vem_03_05.o
                0x000081a2                Put_sDVal
 .text.Put_zDVal
                0x00008392      0x126 vem_03_05.o
                0x00008392                Put_zDVal
 .text.Put_FFVal
                0x000084b8       0x7c vem_03_05.o
                0x000084b8                Put_FFVal
 .text.Put_GFVal
                0x00008534       0xa6 vem_03_05.o
                0x00008534                Put_GFVal
 .text.Put_TextValAlignLeft
                0x000085da       0x86 vem_03_05.o
                0x000085da                Put_TextValAlignLeft
 .text.HideMsg  0x00008660       0x1c vem_03_05.o
                0x00008660                HideMsg
 .text.WebInit  0x0000867c       0x66 vem_03_05.o
                0x0000867c                WebInit
 .text.WebPresicionHanler
                0x000086e2       0x7a vem_03_05.o
                0x000086e2                WebPresicionHanler
 .text.WebBuf2Field
                0x0000875c      0x6e4 vem_03_05.o
 .text.strcmp_PP
                0x00008e40       0x3c vem_03_05.o
                0x00008e40                strcmp_PP
 .text.strcmp_E
                0x00008e7c       0x48 vem_03_05.o
                0x00008e7c                strcmp_E
 .text.SeekTagFORM
                0x00008ec4       0x78 vem_03_05.o
                0x00008ec4                SeekTagFORM
 .text.SeekTagA_HREF
                0x00008f3c       0x78 vem_03_05.o
                0x00008f3c                SeekTagA_HREF
 .text.SeekTagIMG_SRC
                0x00008fb4       0x82 vem_03_05.o
                0x00008fb4                SeekTagIMG_SRC
 .text.Web_Login_Error
                0x00009036      0x116 vem_03_05.o
                0x00009036                Web_Login_Error
 .text.WebRequest
                0x0000914c      0x418 vem_03_05.o
                0x0000914c                WebRequest
 .text.EM_InitFIFO
                0x00009564       0x18 vem_03_05.o
                0x00009564                EM_InitFIFO
 .text.EM_SetUARTParam
                0x0000957c       0xe6 vem_03_05.o
                0x0000957c                EM_SetUARTParam
 .text.ApplyUARTParam
                0x00009662       0x58 vem_03_05.o
                0x00009662                ApplyUARTParam
 .text.ChangeUARTParam
                0x000096ba       0x44 vem_03_05.o
                0x000096ba                ChangeUARTParam
 .text.EMeter_ReInit
                0x000096fe       0x4e vem_03_05.o
                0x000096fe                EMeter_ReInit
 .text.GSM_CloseTransparent
                0x0000974c       0x20 vem_03_05.o
                0x0000974c                GSM_CloseTransparent
 .text.GSM_Transparent2Modbus
                0x0000976c        0xc vem_03_05.o
                0x0000976c                GSM_Transparent2Modbus
 .text.EMeter_Init
                0x00009778       0x3a vem_03_05.o
                0x00009778                EMeter_Init
 .text.USART_Init
                0x000097b2       0x48 vem_03_05.o
                0x000097b2                USART_Init
 .text.EMeter_RX
                0x000097fa       0x6e vem_03_05.o
                0x000097fa                EMeter_RX
 .text.__vector_30
                0x00009868       0x68 vem_03_05.o
                0x00009868                __vector_30
 .text.EMeter_TX
                0x000098d0       0x1e vem_03_05.o
                0x000098d0                EMeter_TX
 .text.__vector_32
                0x000098ee       0x68 vem_03_05.o
                0x000098ee                __vector_32
 .text.EMeter_Link
                0x00009956        0xc vem_03_05.o
                0x00009956                EMeter_Link
 .text.IsEMReady
                0x00009962        0xe vem_03_05.o
                0x00009962                IsEMReady
 .text.EMRead   0x00009970       0x12 vem_03_05.o
                0x00009970                EMRead
 .text.GPRS_AppInit
                0x00009982       0x38 vem_03_05.o
                0x00009982                GPRS_AppInit
 .text.GPRS_AddHeader
                0x000099ba       0x56 vem_03_05.o
                0x000099ba                GPRS_AddHeader
 .text.GPRS_CurDataSend
                0x00009a10      0x438 vem_03_05.o
                0x00009a10                GPRS_CurDataSend
 .text.GPRS_SendData
                0x00009e48       0xca vem_03_05.o
                0x00009e48                GPRS_SendData
 .text.GPRS_NewMsg
                0x00009f12       0xc0 vem_03_05.o
                0x00009f12                GPRS_NewMsg
 .text.GPRS_SendNewCrash
                0x00009fd2       0x20 vem_03_05.o
                0x00009fd2                GPRS_SendNewCrash
 .text.GPRS_SendRepCrash
                0x00009ff2       0x26 vem_03_05.o
                0x00009ff2                GPRS_SendRepCrash
 .text.GPRS_Check_PSW
                0x0000a018       0x3c vem_03_05.o
                0x0000a018                GPRS_Check_PSW
 .text.GPRS_Get_Session_ID
                0x0000a054       0x80 vem_03_05.o
                0x0000a054                GPRS_Get_Session_ID
 .text.GPRS_RemoteDisplayControl
                0x0000a0d4       0x14 vem_03_05.o
                0x0000a0d4                GPRS_RemoteDisplayControl
 .text.GPRS_SendDisplay
                0x0000a0e8       0x42 vem_03_05.o
                0x0000a0e8                GPRS_SendDisplay
 .text.GPRS_SendChange
                0x0000a12a       0x1c vem_03_05.o
                0x0000a12a                GPRS_SendChange
 .text.GPRS_ReadParamReply
                0x0000a146       0x60 vem_03_05.o
                0x0000a146                GPRS_ReadParamReply
 .text.GPRS_WriteParamReply
                0x0000a1a6       0x58 vem_03_05.o
                0x0000a1a6                GPRS_WriteParamReply
 .text.GPRS_Param
                0x0000a1fe       0x90 vem_03_05.o
                0x0000a1fe                GPRS_Param
 .text.GPRS_CriticalCMD_Process
                0x0000a28e       0x48 vem_03_05.o
                0x0000a28e                GPRS_CriticalCMD_Process
 .text.GPRS_Param00
                0x0000a2d6       0xd8 vem_03_05.o
                0x0000a2d6                GPRS_Param00
 .text.GPRS_Param01
                0x0000a3ae       0x22 vem_03_05.o
                0x0000a3ae                GPRS_Param01
 .text.GPRS_Param02
                0x0000a3d0       0x22 vem_03_05.o
                0x0000a3d0                GPRS_Param02
 .text.GPRS_Param03
                0x0000a3f2       0x24 vem_03_05.o
                0x0000a3f2                GPRS_Param03
 .text.GPRS_Param04
                0x0000a416       0x24 vem_03_05.o
                0x0000a416                GPRS_Param04
 .text.GPRS_Param05
                0x0000a43a       0x24 vem_03_05.o
                0x0000a43a                GPRS_Param05
 .text.GPRS_Param06
                0x0000a45e       0x46 vem_03_05.o
                0x0000a45e                GPRS_Param06
 .text.GPRS_Param07
                0x0000a4a4       0x24 vem_03_05.o
                0x0000a4a4                GPRS_Param07
 .text.GPRS_Param08
                0x0000a4c8       0x24 vem_03_05.o
                0x0000a4c8                GPRS_Param08
 .text.GPRS_Param09
                0x0000a4ec      0x148 vem_03_05.o
                0x0000a4ec                GPRS_Param09
 .text.GPRS_Param10
                0x0000a634       0x3e vem_03_05.o
                0x0000a634                GPRS_Param10
 .text.GPRS_Param11
                0x0000a672       0x46 vem_03_05.o
                0x0000a672                GPRS_Param11
 .text.GPRS_Parameter
                0x0000a6b8       0x82 vem_03_05.o
                0x0000a6b8                GPRS_Parameter
 .text.ReadParamBlock
                0x0000a73a      0x144 vem_03_05.o
                0x0000a73a                ReadParamBlock
 .text.GPRS_ReciveData
                0x0000a87e      0x128 vem_03_05.o
                0x0000a87e                GPRS_ReciveData
 .text.GPRS_Arbitr
                0x0000a9a6       0xa4 vem_03_05.o
                0x0000a9a6                GPRS_Arbitr
 .text.GPRS_App
                0x0000aa4a       0xb0 vem_03_05.o
                0x0000aa4a                GPRS_App
 .text.GSMApply
                0x0000aafa       0x56 vem_03_05.o
                0x0000aafa                GSMApply
 .text.Modbus_App
                0x0000ab50      0x1fe vem_03_05.o
                0x0000ab50                Modbus_App
 .text.StartDebug
                0x0000ad4e       0x28 vem_03_05.o
                0x0000ad4e                StartDebug
 .text.StopDebug
                0x0000ad76       0x14 vem_03_05.o
                0x0000ad76                StopDebug
 .text.SendDebug
                0x0000ad8a       0x3c vem_03_05.o
                0x0000ad8a                SendDebug
 .text.GSM_RX   0x0000adc6       0x80 vem_03_05.o
                0x0000adc6                GSM_RX
 .text.__vector_18
                0x0000ae46       0x56 vem_03_05.o
                0x0000ae46                __vector_18
 .text.GSM_SendFirstChar
                0x0000ae9c       0x3e vem_03_05.o
                0x0000ae9c                GSM_SendFirstChar
 .text.GSM_SendCR
                0x0000aeda       0x4a vem_03_05.o
                0x0000aeda                GSM_SendCR
 .text.GSM_Execute_Command
                0x0000af24       0x38 vem_03_05.o
                0x0000af24                GSM_Execute_Command
 .text.GSM_AddHeaderSendData
                0x0000af5c       0x18 vem_03_05.o
                0x0000af5c                GSM_AddHeaderSendData
 .text.GSM_SendData
                0x0000af74       0x18 vem_03_05.o
                0x0000af74                GSM_SendData
 .text.GSM_Cycle
                0x0000af8c     0x199e vem_03_05.o
                0x0000af8c                GSM_Cycle
 .text.USART_Cycle
                0x0000c92a       0x72 vem_03_05.o
                0x0000c92a                USART_Cycle
 .text.WebServer
                0x0000c99c      0x890 vem_03_05.o
                0x0000c99c                WebServer
 .text.GSM_DRE  0x0000d22c       0xfe vem_03_05.o
                0x0000d22c                GSM_DRE
 .text.__vector_19
                0x0000d32a       0x56 vem_03_05.o
                0x0000d32a                __vector_19
 .text.Debug_DRE
                0x0000d380       0x3c vem_03_05.o
                0x0000d380                Debug_DRE
 .text.EMeter_DRE
                0x0000d3bc       0xfc vem_03_05.o
                0x0000d3bc                EMeter_DRE
 .text.__vector_31
                0x0000d4b8       0x68 vem_03_05.o
                0x0000d4b8                __vector_31
 .text.ToggleLED
                0x0000d520       0x1a vem_03_05.o
                0x0000d520                ToggleLED
 .text.ApplInit
                0x0000d53a        0xc vem_03_05.o
                0x0000d53a                ApplInit
 .text.ApplCycle
                0x0000d546      0x132 vem_03_05.o
                0x0000d546                ApplCycle
 .text.startup.main
                0x0000d678       0x5c vem_03_05.o
                0x0000d678                main
 .text.avr-libc
                0x0000d6d4       0xb6 c:/program files (x86)/atmel/atmel toolchain/avr8 gcc/native/3.4.1061/avr8-gnu-toolchain/bin/../lib/gcc/avr/4.8.1/../../../../avr/lib/avr51\libc.a(random.o)
                0x0000d76c                random_r
                0x0000d770                random
                0x0000d778                srandom
 .text.avr-libc
                0x0000d78a        0x6 c:/program files (x86)/atmel/atmel toolchain/avr8 gcc/native/3.4.1061/avr8-gnu-toolchain/bin/../lib/gcc/avr/4.8.1/../../../../avr/lib/avr51\libc.a(exit.o)
                0x0000d78a                exit
 .text.avr-libc
                0x0000d790       0x12 c:/program files (x86)/atmel/atmel toolchain/avr8 gcc/native/3.4.1061/avr8-gnu-toolchain/bin/../lib/gcc/avr/4.8.1/../../../../avr/lib/avr51\libc.a(memcpy_P.o)
                0x0000d790                memcpy_P
 .text.avr-libc
                0x0000d7a2       0x16 c:/program files (x86)/atmel/atmel toolchain/avr8 gcc/native/3.4.1061/avr8-gnu-toolchain/bin/../lib/gcc/avr/4.8.1/../../../../avr/lib/avr51\libc.a(strchr_P.o)
                0x0000d7a2                strchr_P
 .text.avr-libc
                0x0000d7b8       0x12 c:/program files (x86)/atmel/atmel toolchain/avr8 gcc/native/3.4.1061/avr8-gnu-toolchain/bin/../lib/gcc/avr/4.8.1/../../../../avr/lib/avr51\libc.a(strcmp_P.o)
                0x0000d7b8                strcmp_P
 .text.avr-libc
                0x0000d7ca        0xe c:/program files (x86)/atmel/atmel toolchain/avr8 gcc/native/3.4.1061/avr8-gnu-toolchain/bin/../lib/gcc/avr/4.8.1/../../../../avr/lib/avr51\libc.a(strcpy_P.o)
                0x0000d7ca                strcpy_P
 .text.avr-libc
                0x0000d7d8       0x28 c:/program files (x86)/atmel/atmel toolchain/avr8 gcc/native/3.4.1061/avr8-gnu-toolchain/bin/../lib/gcc/avr/4.8.1/../../../../avr/lib/avr51\libc.a(strlcpy_P.o)
                0x0000d7d8                strlcpy_P
 .text.avr-libc
                0x0000d800       0x12 c:/program files (x86)/atmel/atmel toolchain/avr8 gcc/native/3.4.1061/avr8-gnu-toolchain/bin/../lib/gcc/avr/4.8.1/../../../../avr/lib/avr51\libc.a(strlen_P.o)
                0x0000d800                __strlen_P
 .text.avr-libc
                0x0000d812       0x1c c:/program files (x86)/atmel/atmel toolchain/avr8 gcc/native/3.4.1061/avr8-gnu-toolchain/bin/../lib/gcc/avr/4.8.1/../../../../avr/lib/avr51\libc.a(strncmp_P.o)
                0x0000d812                strncmp_P
 .text.avr-libc
                0x0000d82e       0x34 c:/program files (x86)/atmel/atmel toolchain/avr8 gcc/native/3.4.1061/avr8-gnu-toolchain/bin/../lib/gcc/avr/4.8.1/../../../../avr/lib/avr51\libc.a(strstr_P.o)
                0x0000d82e                strstr_P
 .text.avr-libc
                0x0000d862       0x12 c:/program files (x86)/atmel/atmel toolchain/avr8 gcc/native/3.4.1061/avr8-gnu-toolchain/bin/../lib/gcc/avr/4.8.1/../../../../avr/lib/avr51\libc.a(memcpy.o)
                0x0000d862                memcpy
 .text.avr-libc
                0x0000d874       0x16 c:/program files (x86)/atmel/atmel toolchain/avr8 gcc/native/3.4.1061/avr8-gnu-toolchain/bin/../lib/gcc/avr/4.8.1/../../../../avr/lib/avr51\libc.a(strchr.o)
                0x0000d874                strchr
 .text.avr-libc
                0x0000d88a       0x12 c:/program files (x86)/atmel/atmel toolchain/avr8 gcc/native/3.4.1061/avr8-gnu-toolchain/bin/../lib/gcc/avr/4.8.1/../../../../avr/lib/avr51\libc.a(strcmp.o)
                0x0000d88a                strcmp
 .text.avr-libc
                0x0000d89c        0xe c:/program files (x86)/atmel/atmel toolchain/avr8 gcc/native/3.4.1061/avr8-gnu-toolchain/bin/../lib/gcc/avr/4.8.1/../../../../avr/lib/avr51\libc.a(strcpy.o)
                0x0000d89c                strcpy
 .text.avr-libc
                0x0000d8aa       0x1c c:/program files (x86)/atmel/atmel toolchain/avr8 gcc/native/3.4.1061/avr8-gnu-toolchain/bin/../lib/gcc/avr/4.8.1/../../../../avr/lib/avr51\libc.a(strncmp.o)
                0x0000d8aa                strncmp
 .text.avr-libc
                0x0000d8c6       0x5e c:/program files (x86)/atmel/atmel toolchain/avr8 gcc/native/3.4.1061/avr8-gnu-toolchain/bin/../lib/gcc/avr/4.8.1/../../../../avr/lib/avr51\libc.a(sprintf.o)
                0x0000d8c6                sprintf
 .text.avr-libc
                0x0000d924       0x5e c:/program files (x86)/atmel/atmel toolchain/avr8 gcc/native/3.4.1061/avr8-gnu-toolchain/bin/../lib/gcc/avr/4.8.1/../../../../avr/lib/avr51\libc.a(sprintf_p.o)
                0x0000d924                sprintf_P
 .text.avr-libc
                0x0000d982       0x44 c:/program files (x86)/atmel/atmel toolchain/avr8 gcc/native/3.4.1061/avr8-gnu-toolchain/bin/../lib/gcc/avr/4.8.1/../../../../avr/lib/avr51\libc.a(sscanf.o)
                0x0000d982                sscanf
 .text.avr-libc
                0x0000d9c6       0x44 c:/program files (x86)/atmel/atmel toolchain/avr8 gcc/native/3.4.1061/avr8-gnu-toolchain/bin/../lib/gcc/avr/4.8.1/../../../../avr/lib/avr51\libc.a(sscanf_p.o)
                0x0000d9c6                sscanf_P
 .text.avr-libc.fplib
                0x0000da0a        0x4 c:/program files (x86)/atmel/atmel toolchain/avr8 gcc/native/3.4.1061/avr8-gnu-toolchain/bin/../lib/gcc/avr/4.8.1/../../../../avr/lib/avr51\libc.a(divsf3.o)
                0x0000da0a                __divsf3
 .text.avr-libc.fplib
                0x0000da0e       0xcc c:/program files (x86)/atmel/atmel toolchain/avr8 gcc/native/3.4.1061/avr8-gnu-toolchain/bin/../lib/gcc/avr/4.8.1/../../../../avr/lib/avr51\libc.a(divsf3x.o)
                0x0000da24                __divsf3x
                0x0000da28                __divsf3_pse
 .text.avr-libc.fplib
                0x0000dada        0xa c:/program files (x86)/atmel/atmel toolchain/avr8 gcc/native/3.4.1061/avr8-gnu-toolchain/bin/../lib/gcc/avr/4.8.1/../../../../avr/lib/avr51\libc.a(fixsfsi.o)
                0x0000dada                __fixsfsi
 .text.avr-libc.fplib
                0x0000dae4       0x58 c:/program files (x86)/atmel/atmel toolchain/avr8 gcc/native/3.4.1061/avr8-gnu-toolchain/bin/../lib/gcc/avr/4.8.1/../../../../avr/lib/avr51\libc.a(fixunssfsi.o)
                0x0000dae4                __fixunssfsi
 .text.avr-libc.fplib
                0x0000db3c       0x7a c:/program files (x86)/atmel/atmel toolchain/avr8 gcc/native/3.4.1061/avr8-gnu-toolchain/bin/../lib/gcc/avr/4.8.1/../../../../avr/lib/avr51\libc.a(floatsisf.o)
                0x0000db3c                __floatunsisf
                0x0000db40                __floatsisf
 .text.avr-libc.fplib
                0x0000dbb6        0xc c:/program files (x86)/atmel/atmel toolchain/avr8 gcc/native/3.4.1061/avr8-gnu-toolchain/bin/../lib/gcc/avr/4.8.1/../../../../avr/lib/avr51\libc.a(fp_inf.o)
                0x0000dbb6                __fp_inf
 .text.avr-libc.fplib
                0x0000dbc2        0x6 c:/program files (x86)/atmel/atmel toolchain/avr8 gcc/native/3.4.1061/avr8-gnu-toolchain/bin/../lib/gcc/avr/4.8.1/../../../../avr/lib/avr51\libc.a(fp_nan.o)
                0x0000dbc2                __fp_nan
 .text.avr-libc.fplib
                0x0000dbc8        0xe c:/program files (x86)/atmel/atmel toolchain/avr8 gcc/native/3.4.1061/avr8-gnu-toolchain/bin/../lib/gcc/avr/4.8.1/../../../../avr/lib/avr51\libc.a(fp_pscA.o)
                0x0000dbc8                __fp_pscA
 .text.avr-libc.fplib
                0x0000dbd6        0xe c:/program files (x86)/atmel/atmel toolchain/avr8 gcc/native/3.4.1061/avr8-gnu-toolchain/bin/../lib/gcc/avr/4.8.1/../../../../avr/lib/avr51\libc.a(fp_pscB.o)
                0x0000dbd6                __fp_pscB
 .text.avr-libc.fplib
                0x0000dbe4       0x22 c:/program files (x86)/atmel/atmel toolchain/avr8 gcc/native/3.4.1061/avr8-gnu-toolchain/bin/../lib/gcc/avr/4.8.1/../../../../avr/lib/avr51\libc.a(fp_round.o)
                0x0000dbe4                __fp_round
 .text.avr-libc.fplib
                0x0000dc06       0x44 c:/program files (x86)/atmel/atmel toolchain/avr8 gcc/native/3.4.1061/avr8-gnu-toolchain/bin/../lib/gcc/avr/4.8.1/../../../../avr/lib/avr51\libc.a(fp_split3.o)
                0x0000dc06                __fp_split3
                0x0000dc16                __fp_splitA
 .text.avr-libc.fplib
                0x0000dc4a        0xe c:/program files (x86)/atmel/atmel toolchain/avr8 gcc/native/3.4.1061/avr8-gnu-toolchain/bin/../lib/gcc/avr/4.8.1/../../../../avr/lib/avr51\libc.a(fp_zero.o)
                0x0000dc4a                __fp_zero
                0x0000dc4c                __fp_szero
 .text.avr-libc.fplib
                0x0000dc58        0x4 c:/program files (x86)/atmel/atmel toolchain/avr8 gcc/native/3.4.1061/avr8-gnu-toolchain/bin/../lib/gcc/avr/4.8.1/../../../../avr/lib/avr51\libc.a(mulsf3.o)
                0x0000dc58                __mulsf3
 .text.avr-libc.fplib
                0x0000dc5c       0xc2 c:/program files (x86)/atmel/atmel toolchain/avr8 gcc/native/3.4.1061/avr8-gnu-toolchain/bin/../lib/gcc/avr/4.8.1/../../../../avr/lib/avr51\libc.a(mulsf3x.o)
                0x0000dc70                __mulsf3x
                0x0000dc74                __mulsf3_pse
 .text.avr-libc
                0x0000dd1e      0x3f6 c:/program files (x86)/atmel/atmel toolchain/avr8 gcc/native/3.4.1061/avr8-gnu-toolchain/bin/../lib/gcc/avr/4.8.1/../../../../avr/lib/avr51\libc.a(vfprintf_std.o)
                0x0000dd1e                vfprintf
 .text.avr-libc
                0x0000e114      0x5a8 c:/program files (x86)/atmel/atmel toolchain/avr8 gcc/native/3.4.1061/avr8-gnu-toolchain/bin/../lib/gcc/avr/4.8.1/../../../../avr/lib/avr51\libc.a(vfscanf_std.o)
                0x0000e44e                vfscanf
 .text.avr-libc
                0x0000e6bc       0x20 c:/program files (x86)/atmel/atmel toolchain/avr8 gcc/native/3.4.1061/avr8-gnu-toolchain/bin/../lib/gcc/avr/4.8.1/../../../../avr/lib/avr51\libc.a(eerd_block_atmega128.o)
                0x0000e6bc                __eerd_block_m128
                0x0000e6c0                __eerd_blraw_m128
 .text.avr-libc
                0x0000e6dc       0x10 c:/program files (x86)/atmel/atmel toolchain/avr8 gcc/native/3.4.1061/avr8-gnu-toolchain/bin/../lib/gcc/avr/4.8.1/../../../../avr/lib/avr51\libc.a(eerd_byte_atmega128.o)
                0x0000e6dc                __eerd_byte_m128
 .text.avr-libc
                0x0000e6ec        0xc c:/program files (x86)/atmel/atmel toolchain/avr8 gcc/native/3.4.1061/avr8-gnu-toolchain/bin/../lib/gcc/avr/4.8.1/../../../../avr/lib/avr51\libc.a(eerd_dword_atmega128.o)
                0x0000e6ec                __eerd_float_m128
                0x0000e6ec                __eerd_dword_m128
 .text.avr-libc
                0x0000e6f8        0xc c:/program files (x86)/atmel/atmel toolchain/avr8 gcc/native/3.4.1061/avr8-gnu-toolchain/bin/../lib/gcc/avr/4.8.1/../../../../avr/lib/avr51\libc.a(eerd_word_atmega128.o)
                0x0000e6f8                __eerd_word_m128
 .text.avr-libc
                0x0000e704       0x14 c:/program files (x86)/atmel/atmel toolchain/avr8 gcc/native/3.4.1061/avr8-gnu-toolchain/bin/../lib/gcc/avr/4.8.1/../../../../avr/lib/avr51\libc.a(eewr_block_atmega128.o)
                0x0000e704                __eewr_block_m128
 .text.avr-libc
                0x0000e718       0x1a c:/program files (x86)/atmel/atmel toolchain/avr8 gcc/native/3.4.1061/avr8-gnu-toolchain/bin/../lib/gcc/avr/4.8.1/../../../../avr/lib/avr51\libc.a(eewr_byte_atmega128.o)
                0x0000e718                __eewr_byte_m128
                0x0000e71a                __eewr_r18_m128
 .text.avr-libc
                0x0000e732       0x10 c:/program files (x86)/atmel/atmel toolchain/avr8 gcc/native/3.4.1061/avr8-gnu-toolchain/bin/../lib/gcc/avr/4.8.1/../../../../avr/lib/avr51\libc.a(eewr_dword_atmega128.o)
                0x0000e732                __eewr_dword_m128
                0x0000e732                __eewr_float_m128
 .text.avr-libc
                0x0000e742        0xa c:/program files (x86)/atmel/atmel toolchain/avr8 gcc/native/3.4.1061/avr8-gnu-toolchain/bin/../lib/gcc/avr/4.8.1/../../../../avr/lib/avr51\libc.a(eewr_word_atmega128.o)
                0x0000e742                __eewr_word_m128
 .text.avr-libc
                0x0000e74c       0x10 c:/program files (x86)/atmel/atmel toolchain/avr8 gcc/native/3.4.1061/avr8-gnu-toolchain/bin/../lib/gcc/avr/4.8.1/../../../../avr/lib/avr51\libc.a(isspace.o)
                0x0000e74c                isspace
 .text.avr-libc
                0x0000e75c       0x16 c:/program files (x86)/atmel/atmel toolchain/avr8 gcc/native/3.4.1061/avr8-gnu-toolchain/bin/../lib/gcc/avr/4.8.1/../../../../avr/lib/avr51\libc.a(strnlen_P.o)
                0x0000e75c                strnlen_P
 .text.avr-libc
                0x0000e772       0x16 c:/program files (x86)/atmel/atmel toolchain/avr8 gcc/native/3.4.1061/avr8-gnu-toolchain/bin/../lib/gcc/avr/4.8.1/../../../../avr/lib/avr51\libc.a(strnlen.o)
                0x0000e772                strnlen
 .text.avr-libc
                0x0000e788       0x7c c:/program files (x86)/atmel/atmel toolchain/avr8 gcc/native/3.4.1061/avr8-gnu-toolchain/bin/../lib/gcc/avr/4.8.1/../../../../avr/lib/avr51\libc.a(fgetc.o)
                0x0000e788                fgetc
 .text.avr-libc
                0x0000e804       0x64 c:/program files (x86)/atmel/atmel toolchain/avr8 gcc/native/3.4.1061/avr8-gnu-toolchain/bin/../lib/gcc/avr/4.8.1/../../../../avr/lib/avr51\libc.a(fputc.o)
                0x0000e804                fputc
 .text.avr-libc
                0x0000e868       0x32 c:/program files (x86)/atmel/atmel toolchain/avr8 gcc/native/3.4.1061/avr8-gnu-toolchain/bin/../lib/gcc/avr/4.8.1/../../../../avr/lib/avr51\libc.a(ungetc.o)
                0x0000e868                ungetc
 .text.avr-libc
                0x0000e89a       0xbc c:/program files (x86)/atmel/atmel toolchain/avr8 gcc/native/3.4.1061/avr8-gnu-toolchain/bin/../lib/gcc/avr/4.8.1/../../../../avr/lib/avr51\libc.a(ultoa_invert.o)
                0x0000e89a                __ultoa_invert
 .text.avr-libc
                0x0000e956        0x6 c:/program files (x86)/atmel/atmel toolchain/avr8 gcc/native/3.4.1061/avr8-gnu-toolchain/bin/../lib/gcc/avr/4.8.1/../../../../avr/lib/avr51\libc.a(cty_isfalse.o)
                0x0000e956                __ctype_isfalse
                0x0000e95a                __ctype_istrue
 .text.libgcc.div
                0x0000e95c       0x18 c:/program files (x86)/atmel/atmel toolchain/avr8 gcc/native/3.4.1061/avr8-gnu-toolchain/bin/../lib/gcc/avr/4.8.1/avr51\libgcc.a(_udivmodqi4.o)
                0x0000e95c                __udivmodqi4
 .text.libgcc.div
                0x0000e974       0x28 c:/program files (x86)/atmel/atmel toolchain/avr8 gcc/native/3.4.1061/avr8-gnu-toolchain/bin/../lib/gcc/avr/4.8.1/avr51\libgcc.a(_udivmodhi4.o)
                0x0000e974                __udivmodhi4
 .text.libgcc.div
                0x0000e99c       0x28 c:/program files (x86)/atmel/atmel toolchain/avr8 gcc/native/3.4.1061/avr8-gnu-toolchain/bin/../lib/gcc/avr/4.8.1/avr51\libgcc.a(_divmodhi4.o)
                0x0000e99c                _div
                0x0000e99c                __divmodhi4
 .text.libgcc.div
                0x0000e9c4       0x44 c:/program files (x86)/atmel/atmel toolchain/avr8 gcc/native/3.4.1061/avr8-gnu-toolchain/bin/../lib/gcc/avr/4.8.1/avr51\libgcc.a(_udivmodsi4.o)
                0x0000e9c4                __udivmodsi4
 .text.libgcc.div
                0x0000ea08       0x2e c:/program files (x86)/atmel/atmel toolchain/avr8 gcc/native/3.4.1061/avr8-gnu-toolchain/bin/../lib/gcc/avr/4.8.1/avr51\libgcc.a(_divmodsi4.o)
                0x0000ea08                __divmodsi4
 .text.libgcc.div
                0x0000ea36       0x10 c:/program files (x86)/atmel/atmel toolchain/avr8 gcc/native/3.4.1061/avr8-gnu-toolchain/bin/../lib/gcc/avr/4.8.1/avr51\libgcc.a(_negsi2.o)
                0x0000ea36                __negsi2
 .text.libgcc   0x0000ea46        0xc c:/program files (x86)/atmel/atmel toolchain/avr8 gcc/native/3.4.1061/avr8-gnu-toolchain/bin/../lib/gcc/avr/4.8.1/avr51\libgcc.a(_tablejump.o)
                0x0000ea46                __tablejump2__
                0x0000ea4a                __tablejump__
 .text.libgcc.mul
                0x0000ea52       0x16 c:/program files (x86)/atmel/atmel toolchain/avr8 gcc/native/3.4.1061/avr8-gnu-toolchain/bin/../lib/gcc/avr/4.8.1/avr51\libgcc.a(_muluhisi3.o)
                0x0000ea52                __muluhisi3
 .text.libgcc.mul
                0x0000ea68       0x10 c:/program files (x86)/atmel/atmel toolchain/avr8 gcc/native/3.4.1061/avr8-gnu-toolchain/bin/../lib/gcc/avr/4.8.1/avr51\libgcc.a(_mulshisi3.o)
                0x0000ea68                __mulshisi3
                0x0000ea6e                __mulohisi3
 .text.libgcc.mul
                0x0000ea78       0xa0 c:/program files (x86)/atmel/atmel toolchain/avr8 gcc/native/3.4.1061/avr8-gnu-toolchain/bin/../lib/gcc/avr/4.8.1/avr51\libgcc.a(_muldi3.o)
                0x0000ea78                __muldi3
 .text.libgcc.mul
                0x0000eb18       0x12 c:/program files (x86)/atmel/atmel toolchain/avr8 gcc/native/3.4.1061/avr8-gnu-toolchain/bin/../lib/gcc/avr/4.8.1/avr51\libgcc.a(_muldi3_6.o)
                0x0000eb18                __muldi3_6
 .text.libgcc   0x0000eb2a       0x12 c:/program files (x86)/atmel/atmel toolchain/avr8 gcc/native/3.4.1061/avr8-gnu-toolchain/bin/../lib/gcc/avr/4.8.1/avr51\libgcc.a(_adddi3.o)
                0x0000eb2a                __adddi3
 .text.libgcc.mul
                0x0000eb3c       0x1e c:/program files (x86)/atmel/atmel toolchain/avr8 gcc/native/3.4.1061/avr8-gnu-toolchain/bin/../lib/gcc/avr/4.8.1/avr51\libgcc.a(_umulhisi3.o)
                0x0000eb3c                __umulhisi3
                0x0000eb5a                . = ALIGN (0x2)
 *(.fini9)
 .fini9         0x0000eb5a        0x0 c:/program files (x86)/atmel/atmel toolchain/avr8 gcc/native/3.4.1061/avr8-gnu-toolchain/bin/../lib/gcc/avr/4.8.1/avr51\libgcc.a(_exit.o)
                0x0000eb5a                _exit
 *(.fini9)
 *(.fini8)
 *(.fini8)
 *(.fini7)
 *(.fini7)
 *(.fini6)
 *(.fini6)
 *(.fini5)
 *(.fini5)
 *(.fini4)
 *(.fini4)
 *(.fini3)
 *(.fini3)
 *(.fini2)
 *(.fini2)
 *(.fini1)
 *(.fini1)
 *(.fini0)
 .fini0         0x0000eb5a        0x4 c:/program files (x86)/atmel/atmel toolchain/avr8 gcc/native/3.4.1061/avr8-gnu-toolchain/bin/../lib/gcc/avr/4.8.1/avr51\libgcc.a(_exit.o)
 *(.fini0)
                0x0000eb5e                _etext = .

.data           0x00800100      0x134 load address 0x0000eb5e
                0x00800100                PROVIDE (__data_start, .)
 *(.data)
 .data          0x00800100        0x4 c:/program files (x86)/atmel/atmel toolchain/avr8 gcc/native/3.4.1061/avr8-gnu-toolchain/bin/../lib/gcc/avr/4.8.1/../../../../avr/lib/avr51\libc.a(random.o)
 *(.data*)
 .data.GPRS_CrashID
                0x00800104        0x1 vem_03_05.o
                0x00800104                GPRS_CrashID
 .data.EM_Retry
                0x00800105        0x1 vem_03_05.o
                0x00800105                EM_Retry
 .data.WebMode  0x00800106        0x1 vem_03_05.o
 .data.GSM_ActiveConnection
                0x00800107        0x1 vem_03_05.o
                0x00800107                GSM_ActiveConnection
 .data.GSM_Flag
                0x00800108        0x1 vem_03_05.o
                0x00800108                GSM_Flag
 .data.GPRS_RECONNECT_period
                0x00800109        0x2 vem_03_05.o
                0x00800109                GPRS_RECONNECT_period
 .data.Connection_check_period
                0x0080010b        0x2 vem_03_05.o
                0x0080010b                Connection_check_period
 .data.VacantTimer32Sys
                0x0080010d        0x1 vem_03_05.o
                0x0080010d                VacantTimer32Sys
 .data.VacantTimer16Sys
                0x0080010e        0x1 vem_03_05.o
                0x0080010e                VacantTimer16Sys
 .data.VacantTimer8Sys
                0x0080010f        0x1 vem_03_05.o
                0x0080010f                VacantTimer8Sys
 .data.VacantTimer32
                0x00800110        0x1 vem_03_05.o
                0x00800110                VacantTimer32
 .data.VacantTimer16
                0x00800111        0x1 vem_03_05.o
                0x00800111                VacantTimer16
 .data.VacantTimer8
                0x00800112        0x1 vem_03_05.o
                0x00800112                VacantTimer8
 *(.rodata)
 *(.rodata*)
 .rodata.str1.1
                0x00800113       0xc2 vem_03_05.o
                                 0xcb (size before relaxing)
 .rodata.CSWTCH.1344
                0x008001d5        0xa vem_03_05.o
 .rodata.CSWTCH.1339
                0x008001df        0x7 vem_03_05.o
 .rodata.CSWTCH.1338
                0x008001e6        0xe vem_03_05.o
 .rodata.Web_Logins
                0x008001f4       0x40 vem_03_05.o
                0x008001f4                Web_Logins
 *(.gnu.linkonce.d*)
                0x00800234                . = ALIGN (0x2)
                0x00800234                _edata = .
                0x00800234                PROVIDE (__data_end, .)

.bss            0x00800234      0xc05
                0x00800234                PROVIDE (__bss_start, .)
 *(.bss)
 *(.bss*)
 .bss.PacketByteCount.4685
                0x00800234        0x2 vem_03_05.o
 .bss.ptrIF.4683
                0x00800236        0x2 vem_03_05.o
 .bss.StartTimeoutWaitRequest.4686
                0x00800238        0x1 vem_03_05.o
 .bss.ptrPage.4684