Archive member included because of file (symbol)

c:/program files (x86)/atmel/atmel toolchain/avr8 gcc/native/3.4.1061/avr8-gnu-toolchain/bin/../lib/gcc/avr/4.8.1/../../../../avr/lib/avr51\libc.a(random.o)
                              vem_03_05.o (random)
c:/program files (x86)/atmel/atmel toolchain/avr8 gcc/native/3.4.1061/avr8-gnu-toolchain/bin/../lib/gcc/avr/4.8.1/../../../../avr/lib/avr51\libc.a(exit.o)
                              c:/program files (x86)/atmel/atmel toolchain/avr8 gcc/native/3.4.1061/avr8-gnu-toolchain/bin/../lib/gcc/avr/4.8.1/../../../../avr/lib/avr51/crtm128.o (exit)
c:/program files (x86)/atmel/atmel toolchain/avr8 gcc/native/3.4.1061/avr8-gnu-toolchain/bin/../lib/gcc/avr/4.8.1/../../../../avr/lib/avr51\libc.a(memcpy_P.o)
                              vem_03_05.o (memcpy_P)
c:/program files (x86)/atmel/atmel toolchain/avr8 gcc/native/3.4.1061/avr8-gnu-toolchain/bin/../lib/gcc/avr/4.8.1/../../../../avr/lib/avr51\libc.a(strchr_P.o)
                              vem_03_05.o (strchr_P)
c:/program files (x86)/atmel/atmel toolchain/avr8 gcc/native/3.4.1061/avr8-gnu-toolchain/bin/../lib/gcc/avr/4.8.1/../../../../avr/lib/avr51\libc.a(strcmp_P.o)
                              vem_03_05.o (strcmp_P)
c:/program files (x86)/atmel/atmel toolchain/avr8 gcc/native/3.4.1061/avr8-gnu-toolchain/bin/../lib/gcc/avr/4.8.1/../../../../avr/lib/avr51\libc.a(strcpy_P.o)
                              vem_03_05.o (strcpy_P)
c:/program files (x86)/atmel/atmel toolchain/avr8 gcc/native/3.4.1061/avr8-gnu-toolchain/bin/../lib/gcc/avr/4.8.1/../../../../avr/lib/avr51\libc.a(strlcpy_P.o)
                              vem_03_05.o (strlcpy_P)
c:/program files (x86)/atmel/atmel toolchain/avr8 gcc/native/3.4.1061/avr8-gnu-toolchain/bin/../lib/gcc/avr/4.8.1/../../../../avr/lib/avr51\libc.a(strlen_P.o)
                              vem_03_05.o (__strlen_P)
c:/program files (x86)/atmel/atmel toolchain/avr8 gcc/native/3.4.1061/avr8-gnu-toolchain/bin/../lib/gcc/avr/4.8.1/../../../../avr/lib/avr51\libc.a(strncmp_P.o)
                              vem_03_05.o (strncmp_P)
c:/program files (x86)/atmel/atmel toolchain/avr8 gcc/native/3.4.1061/avr8-gnu-toolchain/bin/../lib/gcc/avr/4.8.1/../../../../avr/lib/avr51\libc.a(strstr_P.o)
                              vem_03_05.o (strstr_P)
c:/program files (x86)/atmel/atmel toolchain/avr8 gcc/native/3.4.1061/avr8-gnu-toolchain/bin/../lib/gcc/avr/4.8.1/../../../../avr/lib/avr51\libc.a(memcpy.o)
                              vem_03_05.o (memcpy)
c:/program files (x86)/atmel/atmel toolchain/avr8 gcc/native/3.4.1061/avr8-gnu-toolchain/bin/../lib/gcc/avr/4.8.1/../../../../avr/lib/avr51\libc.a(strchr.o)
                              vem_03_05.o (strchr)
c:/program files (x86)/atmel/atmel toolchain/avr8 gcc/native/3.4.1061/avr8-gnu-toolchain/bin/../lib/gcc/avr/4.8.1/../../../../avr/lib/avr51\libc.a(strcmp.o)
                              vem_03_05.o (strcmp)
c:/program files (x86)/atmel/atmel toolchain/avr8 gcc/native/3.4.1061/avr8-gnu-toolchain/bin/../lib/gcc/avr/4.8.1/../../../../avr/lib/avr51\libc.a(strcpy.o)
                              vem_03_05.o (strcpy)
c:/program files (x86)/atmel/atmel toolchain/avr8 gcc/native/3.4.1061/avr8-gnu-toolchain/bin/../lib/gcc/avr/4.8.1/../../../../avr/lib/avr51\libc.a(strncmp.o)
                              vem_03_05.o (strncmp)
c:/program files (x86)/atmel/atmel toolchain/avr8 gcc/native/3.4.1061/avr8-gnu-toolchain/bin/../lib/gcc/avr/4.8.1/../../../../avr/lib/avr51\libc.a(sprintf.o)
                              vem_03_05.o (sprintf)
c:/program files (x86)/atmel/atmel toolchain/avr8 gcc/native/3.4.1061/avr8-gnu-toolchain/bin/../lib/gcc/avr/4.8.1/../../../../avr/lib/avr51\libc.a(sprintf_p.o)
                              vem_03_05.o (sprintf_P)
c:/program files (x86)/atmel/atmel toolchain/avr8 gcc/native/3.4.1061/avr8-gnu-toolchain/bin/../lib/gcc/avr/4.8.1/../../../../avr/lib/avr51\libc.a(sscanf.o)
                              vem_03_05.o (sscanf)
c:/program files (x86)/atmel/atmel toolchain/avr8 gcc/native/3.4.1061/avr8-gnu-toolchain/bin/../lib/gcc/avr/4.8.1/../../../../avr/lib/avr51\libc.a(sscanf_p.o)
                              vem_03_05.o (sscanf_P)
c:/program files (x86)/atmel/atmel toolchain/avr8 gcc/native/3.4.1061/avr8-gnu-toolchain/bin/../lib/gcc/avr/4.8.1/../../../../avr/lib/avr51\libc.a(addsf3.o)
                              vem_03_05.o (__subsf3)
c:/program files (x86)/atmel/atmel toolchain/avr8 gcc/native/3.4.1061/avr8-gnu-toolchain/bin/../lib/gcc/avr/4.8.1/../../../../avr/lib/avr51\libc.a(addsf3x.o)
                              c:/program files (x86)/atmel/atmel toolchain/avr8 gcc/native/3.4.1061/avr8-gnu-toolchain/bin/../lib/gcc/avr/4.8.1/../../../../avr/lib/avr51\libc.a(addsf3.o) (__addsf3x)
c:/program files (x86)/atmel/atmel toolchain/avr8 gcc/native/3.4.1061/avr8-gnu-toolchain/bin/../lib/gcc/avr/4.8.1/../../../../avr/lib/avr51\libc.a(divsf3.o)
                              vem_03_05.o (__divsf3)
[...]
Memory Configuration

Name             Origin             Length             Attributes
text             0x00000000         0x00020000         xr
data             0x00800100         0x0000ff00         rw !x
eeprom           0x00810000         0x00010000         rw !x
fuse             0x00820000         0x00000400         rw !x
lock             0x00830000         0x00000400         rw !x
signature        0x00840000         0x00000400         rw !x
user_signatures  0x00850000         0x00000400         rw !x
*default*        0x00000000         0xffffffff

Linker script and memory map

Address of section .data set to 0x800100
LOAD c:/program files (x86)/atmel/atmel toolchain/avr8 gcc/native/3.4.1061/avr8-gnu-toolchain/bin/../lib/gcc/avr/4.8.1/../../../../avr/lib/avr51/crtm128.o
LOAD vem_03_05.o
START GROUP
LOAD c:/program files (x86)/atmel/atmel toolchain/avr8 gcc/native/3.4.1061/avr8-gnu-toolchain/bin/../lib/gcc/avr/4.8.1/../../../../avr/lib/avr51\libc.a
LOAD c:/program files (x86)/atmel/atmel toolchain/avr8 gcc/native/3.4.1061/avr8-gnu-toolchain/bin/../lib/gcc/avr/4.8.1/../../../../avr/lib/avr51\libm.a
END GROUP
START GROUP
LOAD c:/program files (x86)/atmel/atmel toolchain/avr8 gcc/native/3.4.1061/avr8-gnu-toolchain/bin/../lib/gcc/avr/4.8.1/avr51\libgcc.a
LOAD c:/program files (x86)/atmel/atmel toolchain/avr8 gcc/native/3.4.1061/avr8-gnu-toolchain/bin/../lib/gcc/avr/4.8.1/../../../../avr/lib/avr51\libm.a
LOAD c:/program files (x86)/atmel/atmel toolchain/avr8 gcc/native/3.4.1061/avr8-gnu-toolchain/bin/../lib/gcc/avr/4.8.1/../../../../avr/lib/avr51\libc.a
END GROUP

.hash
 *(.hash)

.dynsym
 *(.dynsym)

.dynstr
 *(.dynstr)

.gnu.version
 *(.gnu.version)

.gnu.version_d
 *(.gnu.version_d)

.gnu.version_r
 *(.gnu.version_r)

.rel.init
 *(.rel.init)

.rela.init
 *(.rela.init)

.rel.text
 *(.rel.text)
 *(.rel.text.*)
 *(.rel.gnu.linkonce.t*)

.rela.text
 *(.rela.text)
 *(.rela.text.*)
 *(.rela.gnu.linkonce.t*)

.rel.fini
 *(.rel.fini)

.rela.fini
 *(.rela.fini)

.rel.rodata
 *(.rel.rodata)
 *(.rel.rodata.*)
 *(.rel.gnu.linkonce.r*)

.rela.rodata
 *(.rela.rodata)
 *(.rela.rodata.*)
 *(.rela.gnu.linkonce.r*)

.rel.data
 *(.rel.data)
 *(.rel.data.*)
 *(.rel.gnu.linkonce.d*)

.rela.data
 *(.rela.data)
 *(.rela.data.*)
 *(.rela.gnu.linkonce.d*)

.rel.ctors
 *(.rel.ctors)

.rela.ctors
 *(.rela.ctors)

.rel.dtors
 *(.rel.dtors)

.rela.dtors
 *(.rela.dtors)

.rel.got
 *(.rel.got)

.rela.got
 *(.rela.got)

.rel.bss
 *(.rel.bss)

.rela.bss
 *(.rela.bss)

.rel.plt
 *(.rel.plt)

.rela.plt
 *(.rela.plt)

.text           0x00000000     0xec76
 *(.vectors)
 .vectors       0x00000000       0x8c c:/program files (x86)/atmel/atmel toolchain/avr8 gcc/native/3.4.1061/avr8-gnu-toolchain/bin/../lib/gcc/avr/4.8.1/../../../../avr/lib/avr51/crtm128.o
                0x00000000                __vector_default
                0x00000000                __vectors
 *(.vectors)
 *(.progmem.gcc*)
 .progmem.gcc_sw_table.MB_S_Timer_ISR
                0x0000008c       0x20 vem_03_05.o
 .progmem.gcc_sw_table.MB_M_Timer_ISR
                0x000000ac       0x20 vem_03_05.o
 .progmem.gcc_sw_table.WebBuf2Field
                0x000000cc       0x46 vem_03_05.o
 .progmem.gcc_sw_table.SeekTagFORM
                0x00000112       0x12 vem_03_05.o
 .progmem.gcc_sw_table.SeekTagA_HREF
                0x00000124       0x12 vem_03_05.o
 .progmem.gcc_sw_table.SeekTagIMG_SRC
                0x00000136       0x14 vem_03_05.o
 .progmem.gcc_sw_table.EM_SetUARTParam
                0x0000014a       0x12 vem_03_05.o
 .progmem.gcc_sw_table.GPRS_Param09
                0x0000015c       0x2c vem_03_05.o
 .progmem.gcc_sw_table.GPRS_Parameter
                0x00000188       0x18 vem_03_05.o
 .progmem.gcc_sw_table.GSM_Cycle
                0x000001a0       0xe8 vem_03_05.o
 .progmem.gcc_sw_table.WebServer
                0x00000288       0x46 vem_03_05.o
                0x000002ce                . = ALIGN (0x2)
                0x000002ce                __trampolines_start = .
 *(.trampolines)
 .trampolines   0x000002ce        0x0 linker stubs
 *(.trampolines*)
                0x000002ce                __trampolines_end = .
 *(.progmem*)
 .progmem.data.__c.5172
                0x000002ce       0x10 vem_03_05.o
 .progmem.data.__c.5170
                0x000002de       0x10 vem_03_05.o
 .progmem.data.__c.5168
                0x000002ee        0xb vem_03_05.o
 .progmem.data.__c.4714
                0x000002f9        0xa vem_03_05.o
 .progmem.data.__c.4712
                0x00000303        0x6 vem_03_05.o
 .progmem.data.__c.4695
                0x00000309        0x5 vem_03_05.o
 .progmem.data.__c.4596
                0x0000030e        0xc vem_03_05.o
 .progmem.data.__c.4594
                0x0000031a        0x2 vem_03_05.o
 .progmem.data.__c.3750
                0x0000031c       0x10 vem_03_05.o
 .progmem.data.__c.3738
                0x0000032c       0x13 vem_03_05.o
 .progmem.data.__c.3727
                0x0000033f       0x1e vem_03_05.o
 .progmem.data.__c.3702
                0x0000035d        0xd vem_03_05.o
 .progmem.data.__c.3678
                0x0000036a       0x14 vem_03_05.o
 .progmem.data.__c.3650
                0x0000037e        0x3 vem_03_05.o
 .progmem.data.__c.3648
                0x00000381        0x5 vem_03_05.o
 .progmem.data.aCRCLo.1930
                0x00000386      0x100 vem_03_05.o
 .progmem.data.aCRCHi.1929
                0x00000486      0x100 vem_03_05.o
 .progmem.data.WebSite
                0x00000586       0x12 vem_03_05.o
                0x00000586                WebSite
 .progmem.data.Web_system
                0x00000598        0xd vem_03_05.o
                0x00000598                Web_system
 .progmem.data.system_OField
                0x000005a5       0x18 vem_03_05.o
                0x000005a5                system_OField
 .progmem.data.Web_Tlow
                0x000005bd       0x10 vem_03_05.o
                0x000005bd                Web_Tlow
 .progmem.data.var_Tlow
                0x000005cd        0x5 vem_03_05.o
                0x000005cd                var_Tlow
 .progmem.data.Web_Thigh
                0x000005d2       0x10 vem_03_05.o
                0x000005d2                Web_Thigh
 .progmem.data.var_Thigh
                0x000005e2        0x6 vem_03_05.o
                0x000005e2                var_Thigh
 .progmem.data.Web_BLupgrade
                0x000005e8       0x10 vem_03_05.o
                0x000005e8                Web_BLupgrade
 .progmem.data.var_BLupgrade
                0x000005f8        0xa vem_03_05.o
                0x000005f8                var_BLupgrade
 .progmem.data.Web_Bootloader
                0x00000602       0x10 vem_03_05.o
                0x00000602                Web_Bootloader
 .progmem.data.var_Bootloader
                0x00000612        0xb vem_03_05.o
                0x00000612                var_Bootloader
 .progmem.data.Web_Reboot
                0x0000061d       0x10 vem_03_05.o
                0x0000061d                Web_Reboot
 .progmem.data.var_Reboot
                0x0000062d        0x7 vem_03_05.o
                0x0000062d                var_Reboot
 .progmem.data.Web_Title
                0x00000634       0x10 vem_03_05.o
                0x00000634                Web_Title
 .progmem.data.var_Title
                0x00000644        0x6 vem_03_05.o
                0x00000644                var_Title
 .progmem.data.system_page
                0x0000064a      0x5fa vem_03_05.o
                0x0000064a                system_page
 .progmem.data.system_IField
                0x00000c44       0x42 vem_03_05.o
                0x00000c44                system_IField
 .progmem.data.name_system
                0x00000c86        0xc vem_03_05.o
                0x00000c86                name_system
 .progmem.data.Web_csd
                0x00000c92        0xd vem_03_05.o
                0x00000c92                Web_csd
 .progmem.data.csd_OField
                0x00000c9f       0x2c vem_03_05.o
                0x00000c9f                csd_OField
 .progmem.data.Web_CSD_Number9
                0x00000ccb       0x10 vem_03_05.o
                0x00000ccb                Web_CSD_Number9
 .progmem.data.var_CSD_Number9
                0x00000cdb        0x5 vem_03_05.o
                0x00000cdb                var_CSD_Number9
 .progmem.data.Web_CSD_Number8
                0x00000ce0       0x10 vem_03_05.o
                0x00000ce0                Web_CSD_Number8
 .progmem.data.var_CSD_Number8
                0x00000cf0        0x5 vem_03_05.o
                0x00000cf0                var_CSD_Number8
 .progmem.data.Web_CSD_Number7
                0x00000cf5       0x10 vem_03_05.o
                0x00000cf5                Web_CSD_Number7
 .progmem.data.var_CSD_Number7
                0x00000d05        0x5 vem_03_05.o
                0x00000d05                var_CSD_Number7
 .progmem.data.Web_CSD_Number6
                0x00000d0a       0x10 vem_03_05.o
                0x00000d0a                Web_CSD_Number6
 .progmem.data.var_CSD_Number6
                0x00000d1a        0x5 vem_03_05.o
                0x00000d1a                var_CSD_Number6
 .progmem.data.Web_CSD_Number5
                0x00000d1f       0x10 vem_03_05.o
                0x00000d1f                Web_CSD_Number5
 .progmem.data.var_CSD_Number5
                0x00000d2f        0x5 vem_03_05.o
                0x00000d2f                var_CSD_Number5
 .progmem.data.Web_CSD_Number4
                0x00000d34       0x10 vem_03_05.o
                0x00000d34                Web_CSD_Number4
 .progmem.data.var_CSD_Number4
                0x00000d44        0x5 vem_03_05.o
                0x00000d44                var_CSD_Number4
 .progmem.data.Web_CSD_Number3
                0x00000d49       0x10 vem_03_05.o
                0x00000d49                Web_CSD_Number3
 .progmem.data.var_CSD_Number3
                0x00000d59        0x5 vem_03_05.o
                0x00000d59                var_CSD_Number3
 .progmem.data.Web_CSD_Number2
                0x00000d5e       0x10 vem_03_05.o
                0x00000d5e                Web_CSD_Number2
 .progmem.data.var_CSD_Number2
                0x00000d6e        0x5 vem_03_05.o
                0x00000d6e                var_CSD_Number2
 .progmem.data.Web_CSD_Number1
                0x00000d73       0x10 vem_03_05.o
                0x00000d73                Web_CSD_Number1
 .progmem.data.var_CSD_Number1
                0x00000d83        0x5 vem_03_05.o
                0x00000d83                var_CSD_Number1
 .progmem.data.Web_CSD_Number0
                0x00000d88       0x10 vem_03_05.o
                0x00000d88                Web_CSD_Number0
 .progmem.data.var_CSD_Number0
                0x00000d98        0x5 vem_03_05.o
                0x00000d98                var_CSD_Number0
 .progmem.data.Web_CLIP
                0x00000d9d       0x10 vem_03_05.o
                0x00000d9d                Web_CLIP
 .progmem.data.var_CLIP
                0x00000dad        0x7 vem_03_05.o
                0x00000dad                var_CLIP
 .progmem.data.csd_page
                0x00000db4      0x8c7 vem_03_05.o
                0x00000db4                csd_page
 .progmem.data.csd_IField
                0x0000167b       0x60 vem_03_05.o
                0x0000167b                csd_IField
 .progmem.data.name_csd
                0x000016db        0x9 vem_03_05.o
                0x000016db                name_csd
 .progmem.data.Web_gsm
                0x000016e4        0xd vem_03_05.o
                0x000016e4                Web_gsm
 .progmem.data.gsm_OField
                0x000016f1       0x1c vem_03_05.o
                0x000016f1                gsm_OField
 .progmem.data.Web_SMS_Number3
                0x0000170d       0x10 vem_03_05.o
                0x0000170d                Web_SMS_Number3
 .progmem.data.var_SMS_Number3
                0x0000171d        0xc vem_03_05.o
                0x0000171d                var_SMS_Number3
 .progmem.data.Web_SMS_Number2
                0x00001729       0x10 vem_03_05.o
                0x00001729                Web_SMS_Number2
 .progmem.data.var_SMS_Number2
                0x00001739        0xc vem_03_05.o
                0x00001739                var_SMS_Number2
 .progmem.data.Web_SMS_Number1
                0x00001745       0x10 vem_03_05.o
                0x00001745                Web_SMS_Number1
 .progmem.data.var_SMS_Number1
                0x00001755        0xc vem_03_05.o
                0x00001755                var_SMS_Number1
 .progmem.data.Web_SMS
                0x00001761       0x10 vem_03_05.o
                0x00001761                Web_SMS
 .progmem.data.var_SMS
                0x00001771        0x6 vem_03_05.o
                0x00001771                var_SMS
 .progmem.data.Web_GPRS_apn_psw
                0x00001777       0x10 vem_03_05.o
                0x00001777                Web_GPRS_apn_psw
 .progmem.data.var_GPRS_apn_psw
                0x00001787        0xd vem_03_05.o
                0x00001787                var_GPRS_apn_psw
 .progmem.data.Web_GPRS_apn_user_name
                0x00001794       0x10 vem_03_05.o
                0x00001794                Web_GPRS_apn_user_name
 .progmem.data.var_GPRS_apn_user_name
                0x000017a4       0x13 vem_03_05.o
                0x000017a4                var_GPRS_apn_user_name
 .progmem.data.Web_GPRS_apn1
                0x000017b7       0x10 vem_03_05.o
                0x000017b7                Web_GPRS_apn1
 .progmem.data.var_GPRS_apn1
                0x000017c7        0x9 vem_03_05.o
                0x000017c7                var_GPRS_apn1
 .progmem.data.gsm_page
                0x000017d0      0x4cf vem_03_05.o
                0x000017d0                gsm_page
 .progmem.data.gsm_IField
                0x00001c9f       0x30 vem_03_05.o
                0x00001c9f                gsm_IField
 .progmem.data.name_gsm
                0x00001ccf        0x9 vem_03_05.o
                0x00001ccf                name_gsm
 .progmem.data.Web_network
                0x00001cd8        0xd vem_03_05.o
                0x00001cd8                Web_network
 .progmem.data.network_OField
                0x00001ce5       0xa0 vem_03_05.o
                0x00001ce5                network_OField
 .progmem.data.Web_ResetGSM
                0x00001d85       0x10 vem_03_05.o
                0x00001d85                Web_ResetGSM
 .progmem.data.var_ResetGSM
                0x00001d95        0x9 vem_03_05.o
                0x00001d95                var_ResetGSM
 .progmem.data.Web_UDP3_Port
                0x00001d9e       0x10 vem_03_05.o
                0x00001d9e                Web_UDP3_Port
 .progmem.data.var_UDP3_Port
                0x00001dae        0xa vem_03_05.o
                0x00001dae                var_UDP3_Port
 .progmem.data.Web_UDP2_Port
                0x00001db8       0x10 vem_03_05.o
                0x00001db8                Web_UDP2_Port
 .progmem.data.var_UDP2_Port
                0x00001dc8        0xa vem_03_05.o
                0x00001dc8                var_UDP2_Port
 .progmem.data.Web_UDP1_Port
                0x00001dd2       0x10 vem_03_05.o
                0x00001dd2                Web_UDP1_Port
 .progmem.data.var_UDP1_Port
                0x00001de2        0xa vem_03_05.o
                0x00001de2                var_UDP1_Port
 .progmem.data.Web_UDP0_Port
                0x00001dec       0x10 vem_03_05.o
                0x00001dec                Web_UDP0_Port
 .progmem.data.var_UDP0_Port
                0x00001dfc        0xa vem_03_05.o
                0x00001dfc                var_UDP0_Port
 .progmem.data.Web_UDP3_IP4
                0x00001e06       0x10 vem_03_05.o
                0x00001e06                Web_UDP3_IP4
 .progmem.data.var_UDP3_IP4
                0x00001e16        0x6 vem_03_05.o
                0x00001e16                var_UDP3_IP4
 .progmem.data.Web_UDP3_IP3
                0x00001e1c       0x10 vem_03_05.o
                0x00001e1c                Web_UDP3_IP3
 .progmem.data.var_UDP3_IP3
                0x00001e2c        0x6 vem_03_05.o
                0x00001e2c                var_UDP3_IP3
 .progmem.data.Web_UDP3_IP2
                0x00001e32       0x10 vem_03_05.o
                0x00001e32                Web_UDP3_IP2
 .progmem.data.var_UDP3_IP2
                0x00001e42        0x6 vem_03_05.o
                0x00001e42                var_UDP3_IP2
 .progmem.data.Web_UDP3_IP1
                0x00001e48       0x10 vem_03_05.o
                0x00001e48                Web_UDP3_IP1
 .progmem.data.var_UDP3_IP1
                0x00001e58        0x6 vem_03_05.o
                0x00001e58                var_UDP3_IP1
 .progmem.data.Web_UDP2_IP4
                0x00001e5e       0x10 vem_03_05.o
                0x00001e5e                Web_UDP2_IP4
 .progmem.data.var_UDP2_IP4
                0x00001e6e        0x6 vem_03_05.o
                0x00001e6e                var_UDP2_IP4
 .progmem.data.Web_UDP2_IP3
                0x00001e74       0x10 vem_03_05.o
                0x00001e74                Web_UDP2_IP3
 .progmem.data.var_UDP2_IP3
                0x00001e84        0x6 vem_03_05.o
                0x00001e84                var_UDP2_IP3
 .progmem.data.Web_UDP2_IP2
                0x00001e8a       0x10 vem_03_05.o
                0x00001e8a                Web_UDP2_IP2
 .progmem.data.var_UDP2_IP2
                0x00001e9a        0x6 vem_03_05.o
                0x00001e9a                var_UDP2_IP2
 .progmem.data.Web_UDP2_IP1
                0x00001ea0       0x10 vem_03_05.o
                0x00001ea0                Web_UDP2_IP1
 .progmem.data.var_UDP2_IP1
                0x00001eb0        0x6 vem_03_05.o
                0x00001eb0                var_UDP2_IP1
 .progmem.data.Web_UDP1_IP4
                0x00001eb6       0x10 vem_03_05.o
                0x00001eb6                Web_UDP1_IP4
 .progmem.data.var_UDP1_IP4
                0x00001ec6        0x6 vem_03_05.o
                0x00001ec6                var_UDP1_IP4
 .progmem.data.Web_UDP1_IP3
                0x00001ecc       0x10 vem_03_05.o
                0x00001ecc                Web_UDP1_IP3
 .progmem.data.var_UDP1_IP3
                0x00001edc        0x6 vem_03_05.o
                0x00001edc                var_UDP1_IP3
 .progmem.data.Web_UDP1_IP2
                0x00001ee2       0x10 vem_03_05.o
                0x00001ee2                Web_UDP1_IP2
 .progmem.data.var_UDP1_IP2
                0x00001ef2        0x6 vem_03_05.o
                0x00001ef2                var_UDP1_IP2
 .progmem.data.Web_UDP1_IP1
                0x00001ef8       0x10 vem_03_05.o
                0x00001ef8                Web_UDP1_IP1
 .progmem.data.var_UDP1_IP1
                0x00001f08        0x6 vem_03_05.o
                0x00001f08                var_UDP1_IP1
 .progmem.data.Web_UDP0_IP4
                0x00001f0e       0x10 vem_03_05.o
                0x00001f0e                Web_UDP0_IP4
 .progmem.data.var_UDP0_IP4
                0x00001f1e        0x6 vem_03_05.o
                0x00001f1e                var_UDP0_IP4
 .progmem.data.Web_UDP0_IP3
                0x00001f24       0x10 vem_03_05.o
                0x00001f24                Web_UDP0_IP3
 .progmem.data.var_UDP0_IP3
                0x00001f34        0x6 vem_03_05.o
                0x00001f34                var_UDP0_IP3
 .progmem.data.Web_UDP0_IP2
                0x00001f3a       0x10 vem_03_05.o
                0x00001f3a                Web_UDP0_IP2
 .progmem.data.var_UDP0_IP2
                0x00001f4a        0x6 vem_03_05.o
                0x00001f4a                var_UDP0_IP2
 .progmem.data.Web_UDP0_IP1
                0x00001f50       0x10 vem_03_05.o
                0x00001f50                Web_UDP0_IP1
 .progmem.data.var_UDP0_IP1
                0x00001f60        0x6 vem_03_05.o
                0x00001f60                var_UDP0_IP1
 .progmem.data.Web_Cli3_IP4
                0x00001f66       0x10 vem_03_05.o
                0x00001f66                Web_Cli3_IP4
 .progmem.data.var_Cli3_IP4
                0x00001f76        0x9 vem_03_05.o
                0x00001f76                var_Cli3_IP4
 .progmem.data.Web_Cli3_IP3
                0x00001f7f       0x10 vem_03_05.o
                0x00001f7f                Web_Cli3_IP3
 .progmem.data.var_Cli3_IP3
                0x00001f8f        0x9 vem_03_05.o
                0x00001f8f                var_Cli3_IP3
 .progmem.data.Web_Cli3_IP2
                0x00001f98       0x10 vem_03_05.o
                0x00001f98                Web_Cli3_IP2
 .progmem.data.var_Cli3_IP2
                0x00001fa8        0x9 vem_03_05.o
                0x00001fa8                var_Cli3_IP2
 .progmem.data.Web_Cli3_IP1
                0x00001fb1       0x10 vem_03_05.o
                0x00001fb1                Web_Cli3_IP1
 .progmem.data.var_Cli3_IP1
                0x00001fc1        0x9 vem_03_05.o
                0x00001fc1                var_Cli3_IP1
 .progmem.data.Web_Cli2_IP4
                0x00001fca       0x10 vem_03_05.o
                0x00001fca                Web_Cli2_IP4
 .progmem.data.var_Cli2_IP4
                0x00001fda        0x9 vem_03_05.o
                0x00001fda                var_Cli2_IP4
 .progmem.data.Web_Cli2_IP3
                0x00001fe3       0x10 vem_03_05.o
                0x00001fe3                Web_Cli2_IP3
 .progmem.data.var_Cli2_IP3
                0x00001ff3        0x9 vem_03_05.o
                0x00001ff3                var_Cli2_IP3
 .progmem.data.Web_Cli2_IP2
                0x00001ffc       0x10 vem_03_05.o
                0x00001ffc                Web_Cli2_IP2
 .progmem.data.var_Cli2_IP2
                0x0000200c        0x9 vem_03_05.o
                0x0000200c                var_Cli2_IP2
 .progmem.data.Web_Cli2_IP1
                0x00002015       0x10 vem_03_05.o
                0x00002015                Web_Cli2_IP1
 .progmem.data.var_Cli2_IP1
                0x00002025        0x9 vem_03_05.o
                0x00002025                var_Cli2_IP1
 .progmem.data.Web_Cli1_IP4
                0x0000202e       0x10 vem_03_05.o
                0x0000202e                Web_Cli1_IP4
 .progmem.data.var_Cli1_IP4
                0x0000203e        0x9 vem_03_05.o
                0x0000203e                var_Cli1_IP4
 .progmem.data.Web_Cli1_IP3
                0x00002047       0x10 vem_03_05.o
                0x00002047                Web_Cli1_IP3
 .progmem.data.var_Cli1_IP3
                0x00002057        0x9 vem_03_05.o
                0x00002057                var_Cli1_IP3
 .progmem.data.Web_Cli1_IP2
                0x00002060       0x10 vem_03_05.o
                0x00002060                Web_Cli1_IP2
 .progmem.data.var_Cli1_IP2
                0x00002070        0x9 vem_03_05.o
                0x00002070                var_Cli1_IP2
 .progmem.data.Web_Cli1_IP1
                0x00002079       0x10 vem_03_05.o
                0x00002079                Web_Cli1_IP1
 .progmem.data.var_Cli1_IP1
                0x00002089        0x9 vem_03_05.o
                0x00002089                var_Cli1_IP1
 .progmem.data.Web_Cli0_IP4
                0x00002092       0x10 vem_03_05.o
                0x00002092                Web_Cli0_IP4
 .progmem.data.var_Cli0_IP4
                0x000020a2        0x9 vem_03_05.o
                0x000020a2                var_Cli0_IP4
 .progmem.data.Web_Cli0_IP3
                0x000020ab       0x10 vem_03_05.o
                0x000020ab                Web_Cli0_IP3
 .progmem.data.var_Cli0_IP3
                0x000020bb        0x9 vem_03_05.o
                0x000020bb                var_Cli0_IP3
 .progmem.data.Web_Cli0_IP2
                0x000020c4       0x10 vem_03_05.o
                0x000020c4                Web_Cli0_IP2
 .progmem.data.var_Cli0_IP2
                0x000020d4        0x9 vem_03_05.o
                0x000020d4                var_Cli0_IP2
 .progmem.data.Web_Cli0_IP1
                0x000020dd       0x10 vem_03_05.o
                0x000020dd                Web_Cli0_IP1
 .progmem.data.var_Cli0_IP1
                0x000020ed        0x9 vem_03_05.o
                0x000020ed                var_Cli0_IP1
 .progmem.data.Web_WebMaxSessionTime
                0x000020f6       0x10 vem_03_05.o
                0x000020f6                Web_WebMaxSessionTime
 .progmem.data.var_WebMaxSessionTime
                0x00002106       0x12 vem_03_05.o
                0x00002106                var_WebMaxSessionTime
 .progmem.data.Web_TCP_CONNECT_timeout
                0x00002118       0x10 vem_03_05.o
                0x00002118                Web_TCP_CONNECT_timeout
 .progmem.data.var_TCP_CONNECT_timeout
                0x00002128       0x14 vem_03_05.o
                0x00002128                var_TCP_CONNECT_timeout
 .progmem.data.Web_TCP_ListenPort
                0x0000213c       0x10 vem_03_05.o
                0x0000213c                Web_TCP_ListenPort
 .progmem.data.var_TCP_ListenPort
                0x0000214c        0xf vem_03_05.o
                0x0000214c                var_TCP_ListenPort
 .progmem.data.network_page
                0x0000215b     0x104a vem_03_05.o
                0x0000215b                network_page
 .progmem.data.network_IField
                0x000031a5      0x102 vem_03_05.o
                0x000031a5                network_IField
 .progmem.data.name_network
                0x000032a7        0xd vem_03_05.o
                0x000032a7                name_network
 .progmem.data.Web_name_access_error
                0x000032b4        0xd vem_03_05.o
                0x000032b4                Web_name_access_error
 .progmem.data.name_access_error_page
                0x000032c1      0x11a vem_03_05.o
                0x000032c1                name_access_error_page
 .progmem.data.name_access_error
                0x000033db       0x12 vem_03_05.o
                0x000033db                name_access_error
 .progmem.data.Web_favicon
                0x000033ed        0xd vem_03_05.o
                0x000033ed                Web_favicon
 .progmem.data.favicon
                0x000033fa      0x57e vem_03_05.o
                0x000033fa                favicon
 .progmem.data.name_favicon
                0x00003978        0xc vem_03_05.o
                0x00003978                name_favicon
 .progmem.data.Web_emeter
                0x00003984        0xd vem_03_05.o
                0x00003984                Web_emeter
 .progmem.data.emeter_OField
                0x00003991       0x1c vem_03_05.o
                0x00003991                emeter_OField
 .progmem.data.Web_CurrDataPeriod
                0x000039ad       0x10 vem_03_05.o
                0x000039ad                Web_CurrDataPeriod
 .progmem.data.var_CurrDataPeriod
                0x000039bd        0xf vem_03_05.o
                0x000039bd                var_CurrDataPeriod
 .progmem.data.Web_AutoSend
                0x000039cc       0x10 vem_03_05.o
                0x000039cc                Web_AutoSend
 .progmem.data.var_AutoSend
                0x000039dc        0x9 vem_03_05.o
                0x000039dc                var_AutoSend
 .progmem.data.Web_EM_UART_StopBits
                0x000039e5       0x10 vem_03_05.o
                0x000039e5                Web_EM_UART_StopBits
 .progmem.data.var_EM_UART_StopBits
                0x000039f5        0x9 vem_03_05.o
                0x000039f5                var_EM_UART_StopBits
 .progmem.data.Web_EM_UART_Parity
                0x000039fe       0x10 vem_03_05.o
                0x000039fe                Web_EM_UART_Parity
 .progmem.data.var_EM_UART_Parity
                0x00003a0e        0x7 vem_03_05.o
                0x00003a0e                var_EM_UART_Parity
 .progmem.data.Web_EM_UART_BitQt
                0x00003a15       0x10 vem_03_05.o
                0x00003a15                Web_EM_UART_BitQt
 .progmem.data.var_EM_UART_BitQt
                0x00003a25        0x6 vem_03_05.o
                0x00003a25                var_EM_UART_BitQt
 .progmem.data.Web_EM_UART_Rate
                0x00003a2b       0x10 vem_03_05.o
                0x00003a2b                Web_EM_UART_Rate
 .progmem.data.var_EM_UART_Rate
                0x00003a3b        0x5 vem_03_05.o
                0x00003a3b                var_EM_UART_Rate
 .progmem.data.Web_EMeterType
                0x00003a40       0x10 vem_03_05.o
                0x00003a40                Web_EMeterType
 .progmem.data.var_EMeterType
                0x00003a50        0xb vem_03_05.o
                0x00003a50                var_EMeterType
 .progmem.data.emeter_page
                0x00003a5b      0x900 vem_03_05.o
                0x00003a5b                emeter_page
 .progmem.data.emeter_IField
                0x0000435b       0xcc vem_03_05.o
                0x0000435b                emeter_IField
 .progmem.data.STB_2_List
                0x00004427        0x4 vem_03_05.o
                0x00004427                STB_2_List
 .progmem.data.STB_1_List
                0x0000442b        0x4 vem_03_05.o
                0x0000442b                STB_1_List
 .progmem.data.PAR_O_List
                0x0000442f        0x6 vem_03_05.o
                0x0000442f                PAR_O_List
 .progmem.data.PAR_E_List
                0x00004435        0x6 vem_03_05.o
                0x00004435                PAR_E_List
 .progmem.data.PAR_N_List
                0x0000443b        0x6 vem_03_05.o
                0x0000443b                PAR_N_List
 .progmem.data.BIT8_List
                0x00004441        0x8 vem_03_05.o
                0x00004441                BIT8_List
 .progmem.data.BIT7_List
                0x00004449        0x8 vem_03_05.o
                0x00004449                BIT7_List
 .progmem.data.BIT6_List
                0x00004451        0x8 vem_03_05.o
                0x00004451                BIT6_List
 .progmem.data.BIT5_List
                0x00004459        0x8 vem_03_05.o
                0x00004459                BIT5_List
 .progmem.data.BR57600_List
                0x00004461       0x12 vem_03_05.o
                0x00004461                BR57600_List
 .progmem.data.BR34800_List
                0x00004473       0x12 vem_03_05.o
                0x00004473                BR34800_List
 .progmem.data.BR28800_List
                0x00004485       0x12 vem_03_05.o
                0x00004485                BR28800_List
 .progmem.data.BR19200_List
                0x00004497       0x12 vem_03_05.o
                0x00004497                BR19200_List
 .progmem.data.BR14400_List
                0x000044a9       0x12 vem_03_05.o
                0x000044a9                BR14400_List
 .progmem.data.BR9600_List
                0x000044bb       0x12 vem_03_05.o
                0x000044bb                BR9600_List
 .progmem.data.BR4800_List
                0x000044cd       0x12 vem_03_05.o
                0x000044cd                BR4800_List
 .progmem.data.BR2400_List
                0x000044df       0x12 vem_03_05.o
                0x000044df                BR2400_List
 .progmem.data.BR1200_List
                0x000044f1       0x12 vem_03_05.o
                0x000044f1                BR1200_List
 .progmem.data.ELVIN_MODEM_List
                0x00004503        0xa vem_03_05.o
                0x00004503                ELVIN_MODEM_List
 .progmem.data.MERCURY_230_List
                0x0000450d        0xa vem_03_05.o
                0x0000450d                MERCURY_230_List
 .progmem.data.ELVIN_List
                0x00004517        0xa vem_03_05.o
                0x00004517                ELVIN_List
 .progmem.data.LANDIS_GYR_ZMR110_List
                0x00004521        0xa vem_03_05.o
                0x00004521                LANDIS_GYR_ZMR110_List
 .progmem.data.EM_NONE_List
                0x0000452b        0xa vem_03_05.o
                0x0000452b                EM_NONE_List
 .progmem.data.ON_List
                0x00004535        0x4 vem_03_05.o
                0x00004535                ON_List
 .progmem.data.OFF_List
                0x00004539        0x4 vem_03_05.o
                0x00004539                OFF_List
 .progmem.data.Selected_Str
                0x0000453d        0x9 vem_03_05.o
                0x0000453d                Selected_Str
 .progmem.data.Space_Str
                0x00004546        0x9 vem_03_05.o
                0x00004546                Space_Str
 .progmem.data.name_emeter
                0x0000454f        0xc vem_03_05.o
                0x0000454f                name_emeter
 .progmem.data.Web_index
                0x0000455b        0xd vem_03_05.o
                0x0000455b                Web_index
 .progmem.data.index_page
                0x00004568      0x2ea vem_03_05.o
                0x00004568                index_page
 .progmem.data.index_IField
                0x00004852       0x3c vem_03_05.o
                0x00004852                index_IField
 .progmem.data.name_index
                0x0000488e        0xb vem_03_05.o
                0x0000488e                name_index
 .progmem.data.Web_login
                0x00004899        0xd vem_03_05.o
                0x00004899                Web_login
 .progmem.data.vars_loginOField
                0x000048a6        0x8 vem_03_05.o
                0x000048a6                vars_loginOField
 .progmem.data.Web_PasswOF
                0x000048ae       0x10 vem_03_05.o
                0x000048ae                Web_PasswOF
 .progmem.data.vars_Passw
                0x000048be        0x9 vem_03_05.o
                0x000048be                vars_Passw
 .progmem.data.Web_LoginOF
                0x000048c7       0x10 vem_03_05.o
                0x000048c7                Web_LoginOF
 .progmem.data.vars_Login
                0x000048d7        0x6 vem_03_05.o
                0x000048d7                vars_Login
 .progmem.data.login_page
                0x000048dd      0x1e3 vem_03_05.o
                0x000048dd                login_page
 .progmem.data.login_InField
                0x00004ac0       0x18 vem_03_05.o
                0x00004ac0                login_InField
 .progmem.data.Web_LoginMsg_List
                0x00004ad8        0x8 vem_03_05.o
                0x00004ad8                Web_LoginMsg_List
 .progmem.data.Login_PSW_Str
                0x00004ae0       0x32 vem_03_05.o
                0x00004ae0                Login_PSW_Str
 .progmem.data.Login_Login_Str
                0x00004b12       0x32 vem_03_05.o
                0x00004b12                Login_Login_Str
 .progmem.data.Login_Busy_Str
                0x00004b44       0x32 vem_03_05.o
                0x00004b44                Login_Busy_Str
 .progmem.data.Login_Welcome_Str
                0x00004b76       0x32 vem_03_05.o
                0x00004b76                Login_Welcome_Str
 .progmem.data.name_login
                0x00004ba8        0xb vem_03_05.o
                0x00004ba8                name_login
 .progmem.data.METHOD_POST
                0x00004bb3        0x7 vem_03_05.o
                0x00004bb3                METHOD_POST
 .progmem.data.METHOD_GET
                0x00004bba        0x6 vem_03_05.o
                0x00004bba                METHOD_GET
 .progmem.data.Web_error_page
                0x00004bc0        0xd vem_03_05.o
                0x00004bc0                Web_error_page
 .progmem.data.error_page
                0x00004bcd       0x75 vem_03_05.o
                0x00004bcd                error_page
 .progmem.data.SESSID_pstr
                0x00004c42        0x9 vem_03_05.o
                0x00004c42                SESSID_pstr
 .progmem.data.inputSESSID_Str
                0x00004c4b       0x2b vem_03_05.o
                0x00004c4b                inputSESSID_Str
 .progmem.data.Connection_Close
                0x00004c76       0x16 vem_03_05.o
                0x00004c76                Connection_Close
 .progmem.data.jpeg_str
                0x00004c8c        0x5 vem_03_05.o
                0x00004c8c                jpeg_str
 .progmem.data.gif_str
                0x00004c91        0x4 vem_03_05.o
                0x00004c91                gif_str
 .progmem.data.ico_str
                0x00004c95        0x4 vem_03_05.o
                0x00004c95                ico_str
 .progmem.data.html_str
                0x00004c99        0x5 vem_03_05.o
                0x00004c99                html_str
 .progmem.data.image_str
                0x00004c9e        0x7 vem_03_05.o
                0x00004c9e                image_str
 .progmem.data.html_cp1251_str
                0x00004ca5       0x22 vem_03_05.o
                0x00004ca5                html_cp1251_str
 .progmem.data.Content_Length
                0x00004cc7       0x13 vem_03_05.o
                0x00004cc7                Content_Length
 .progmem.data.Content_Type
                0x00004cda        0xf vem_03_05.o
                0x00004cda                Content_Type
 .progmem.data.HTTP_200_OK
                0x00004ce9       0x12 vem_03_05.o
                0x00004ce9                HTTP_200_OK
 .progmem.data.MsgErr41
                0x00004cfb        0x1 vem_03_05.o
                0x00004cfb                MsgErr41
 .progmem.data.TestMsg_str
                0x00004cfc       0x13 vem_03_05.o
                0x00004cfc                TestMsg_str
 .progmem.data.MB_Master_List
                0x00004d0f        0x3 vem_03_05.o
                0x00004d0f                MB_Master_List
 .progmem.data.DO_M
                0x00004d12        0xf vem_03_05.o
 .progmem.data.DI_M
                0x00004d21       0x20 vem_03_05.o
 .progmem.data.AT_ATH
                0x00004d41        0x4 vem_03_05.o
                0x00004d41                AT_ATH
 .progmem.data.AT_ATA
                0x00004d45        0x4 vem_03_05.o
                0x00004d45                AT_ATA
 .progmem.data.AT_CSQ
                0x00004d49        0x7 vem_03_05.o
                0x00004d49                AT_CSQ
 .progmem.data.AT_CGATT_0
                0x00004d50        0xb vem_03_05.o
                0x00004d50                AT_CGATT_0
 .progmem.data.AT_CIPSHUT
                0x00004d5b        0xb vem_03_05.o
                0x00004d5b                AT_CIPSHUT
 .progmem.data.AT_CIPCLOSE
                0x00004d66        0xe vem_03_05.o
                0x00004d66                AT_CIPCLOSE
 .progmem.data.AT_CIPCLOSE_1
                0x00004d74       0x10 vem_03_05.o
                0x00004d74                AT_CIPCLOSE_1
 .progmem.data.AT_CIPSEND
                0x00004d84        0xc vem_03_05.o
                0x00004d84                AT_CIPSEND
 .progmem.data.AT_ATO
                0x00004d90        0x4 vem_03_05.o
                0x00004d90                AT_ATO
 .progmem.data.AT_CIPSTATUS
                0x00004d94        0xd vem_03_05.o
                0x00004d94                AT_CIPSTATUS
 .progmem.data.AT_SERVERCLOSE
                0x00004da1        0xf vem_03_05.o
                0x00004da1                AT_SERVERCLOSE
 .progmem.data.AT_CIPSERVER
                0x00004db0       0x10 vem_03_05.o
                0x00004db0                AT_CIPSERVER
 .progmem.data.AT_CIPSTART_TCP
                0x00004dc0       0x13 vem_03_05.o
                0x00004dc0                AT_CIPSTART_TCP
 .progmem.data.AT_CIPSTART
                0x00004dd3       0x15 vem_03_05.o
                0x00004dd3                AT_CIPSTART
 .progmem.data.AT_CIFSR
                0x00004de8        0x9 vem_03_05.o
                0x00004de8                AT_CIFSR
 .progmem.data.AT_CIICR
                0x00004df1        0x9 vem_03_05.o
                0x00004df1                AT_CIICR
 .progmem.data.AT_CSTT
                0x00004dfa        0x8 vem_03_05.o
                0x00004dfa                AT_CSTT
 .progmem.data.AT_CIPCSGP
                0x00004e02        0xf vem_03_05.o
                0x00004e02                AT_CIPCSGP
 .progmem.data.AT_CGATT
                0x00004e11        0xb vem_03_05.o
                0x00004e11                AT_CGATT
 .progmem.data.AT_CIPTKA
                0x00004e1c       0x14 vem_03_05.o
                0x00004e1c                AT_CIPTKA
 .progmem.data.AT_CIPMUX_0
                0x00004e30        0xc vem_03_05.o
                0x00004e30                AT_CIPMUX_0
 .progmem.data.AT_CIPMODE_1
                0x00004e3c        0xd vem_03_05.o
                0x00004e3c                AT_CIPMODE_1
 .progmem.data.AT_CMGS
                0x00004e49        0xb vem_03_05.o
                0x00004e49                AT_CMGS
 .progmem.data.AT_CSMP
                0x00004e54       0x13 vem_03_05.o
                0x00004e54                AT_CSMP
 .progmem.data.AT_CMGF
                0x00004e67        0xa vem_03_05.o
                0x00004e67                AT_CMGF
 .progmem.data.AT_CCID
                0x00004e71        0x8 vem_03_05.o
                0x00004e71                AT_CCID
 .progmem.data.AT_CLIP
                0x00004e79        0xa vem_03_05.o
                0x00004e79                AT_CLIP
 .progmem.data.AT_CGMM
                0x00004e83        0x8 vem_03_05.o
                0x00004e83                AT_CGMM
 .progmem.data.AT_E0
                0x00004e8b        0x5 vem_03_05.o
                0x00004e8b                AT_E0
 .progmem.data.AT_W
                0x00004e90        0x5 vem_03_05.o
                0x00004e90                AT_W
 .progmem.data.AT_IPR9600
                0x00004e95        0xc vem_03_05.o
                0x00004e95                AT_IPR9600
 .progmem.data.AT_AT
                0x00004ea1        0x3 vem_03_05.o
                0x00004ea1                AT_AT
 .progmem.data.ESC_SEQ
                0x00004ea4        0x4 vem_03_05.o
                0x00004ea4                ESC_SEQ
 .progmem.data.RESP_STATE_CONNECT_OK
                0x00004ea8       0x12 vem_03_05.o
                0x00004ea8                RESP_STATE_CONNECT_OK
 .progmem.data.RESP_CONNECT_9600
                0x00004eba        0xd vem_03_05.o
                0x00004eba                RESP_CONNECT_9600
 .progmem.data.RESP_SHUT_OK
                0x00004ec7        0x8 vem_03_05.o
                0x00004ec7                RESP_SHUT_OK
 .progmem.data.RESP_CSQ
                0x00004ecf        0x6 vem_03_05.o
                0x00004ecf                RESP_CSQ
 .progmem.data.RESP_CLOSE_OK_FAST
                0x00004ed5        0xc vem_03_05.o
                0x00004ed5                RESP_CLOSE_OK_FAST
 .progmem.data.RESP_CLOSE_OK
                0x00004ee1        0x9 vem_03_05.o
                0x00004ee1                RESP_CLOSE_OK
 .progmem.data.RESP_SEND_OK
                0x00004eea        0xb vem_03_05.o
                0x00004eea                RESP_SEND_OK
 .progmem.data.RESP_SERVER_CLOSE
                0x00004ef5        0xd vem_03_05.o
                0x00004ef5                RESP_SERVER_CLOSE
 .progmem.data.RESP_SERVER_OK
                0x00004f02        0xa vem_03_05.o
                0x00004f02                RESP_SERVER_OK
 .progmem.data.RESP_CONNECT_OK
                0x00004f0c        0xe vem_03_05.o
                0x00004f0c                RESP_CONNECT_OK
 .progmem.data.RESP_CONNECT
                0x00004f1a        0x8 vem_03_05.o
                0x00004f1a                RESP_CONNECT
 .progmem.data.RESP_OK
                0x00004f22        0x3 vem_03_05.o
                0x00004f22                RESP_OK
 .progmem.data.URC_NO_CARRIER
                0x00004f25        0xb vem_03_05.o
                0x00004f25                URC_NO_CARRIER
 .progmem.data.URC_RING
                0x00004f30        0x5 vem_03_05.o
                0x00004f30                URC_RING
 .progmem.data.URC_PDPDEACT
                0x00004f35        0xb vem_03_05.o
                0x00004f35                URC_PDPDEACT
 .progmem.data.URC_CLOSED
                0x00004f40        0x9 vem_03_05.o
                0x00004f40                URC_CLOSED
 .progmem.data.URC_RECEIVE
                0x00004f49        0xa vem_03_05.o
                0x00004f49                URC_RECEIVE
 .progmem.data.URC_CONNECT
                0x00004f53        0x8 vem_03_05.o
                0x00004f53                URC_CONNECT
 .progmem.data.URC_REMOTE_IP
                0x00004f5b        0xa vem_03_05.o
                0x00004f5b                URC_REMOTE_IP
 .progmem.data.URC_SMS_READY
                0x00004f65        0xa vem_03_05.o
                0x00004f65                URC_SMS_READY
 .progmem.data.URC_CALL_READY
                0x00004f6f        0xb vem_03_05.o
                0x00004f6f                URC_CALL_READY
 .progmem.data.URC_RDY
                0x00004f7a        0x4 vem_03_05.o
                0x00004f7a                URC_RDY
 .progmem.data.GSM_SIMCOM_SIM800
                0x00004f7e        0xe vem_03_05.o
                0x00004f7e                GSM_SIMCOM_SIM800
 .progmem.data.GSM_SIMCOM_SIM900R
                0x00004f8c        0xf vem_03_05.o
                0x00004f8c                GSM_SIMCOM_SIM900R
 .progmem.data.MB_Timer
                0x00004f9b        0xc vem_03_05.o
 .progmem.data.MB_Port
                0x00004fa7       0x14 vem_03_05.o
 .progmem.data.BR_Tbl
                0x00004fbb       0x1b vem_03_05.o
                0x00004fbb                BR_Tbl
 .progmem.data.Modbus_Map
                0x00004fd6       0x10 vem_03_05.o
                0x00004fd6                Modbus_Map
 .progmem.data.MB_Role
                0x00004fe6        0x1 vem_03_05.o
 .progmem.data  0x00004fe7        0xc c:/program files (x86)/atmel/atmel toolchain/avr8 gcc/native/3.4.1061/avr8-gnu-toolchain/bin/../lib/gcc/avr/4.8.1/../../../../avr/lib/avr51\libc.a(vfscanf_std.o)
                0x00004ff4                . = ALIGN (0x2)
 *fill*         0x00004ff3        0x1 
 *(.jumptables)
 *(.jumptables*)
 *(.lowtext)
 *(.lowtext*)
                0x00004ff4                __ctors_start = .
 *(.ctors)
                0x00004ff4                __ctors_end = .
                0x00004ff4                __dtors_start = .
 *(.dtors)
                0x00004ff4                __dtors_end = .
 SORT(*)(.ctors)
 SORT(*)(.dtors)
 *(.init0)
 .init0         0x00004ff4        0x0 c:/program files (x86)/atmel/atmel toolchain/avr8 gcc/native/3.4.1061/avr8-gnu-toolchain/bin/../lib/gcc/avr/4.8.1/../../../../avr/lib/avr51/crtm128.o
                0x00004ff4                __init
 *(.init0)
 *(.init1)
 *(.init1)
 *(.init2)
 .init2         0x00004ff4        0xc c:/program files (x86)/atmel/atmel toolchain/avr8 gcc/native/3.4.1061/avr8-gnu-toolchain/bin/../lib/gcc/avr/4.8.1/../../../../avr/lib/avr51/crtm128.o
 *(.init2)
 *(.init3)
 *(.init3)
 *(.init4)
 .init4         0x00005000       0x1a c:/program files (x86)/atmel/atmel toolchain/avr8 gcc/native/3.4.1061/avr8-gnu-toolchain/bin/../lib/gcc/avr/4.8.1/avr51\libgcc.a(_copy_data.o)
                0x00005000                __do_copy_data
 .init4         0x0000501a       0x10 c:/program files (x86)/atmel/atmel toolchain/avr8 gcc/native/3.4.1061/avr8-gnu-toolchain/bin/../lib/gcc/avr/4.8.1/avr51\libgcc.a(_clear_bss.o)
                0x0000501a                __do_clear_bss
 *(.init4)
 *(.init5)
 *(.init5)
 *(.init6)
 *(.init6)
 *(.init7)
 *(.init7)
 *(.init8)
 *(.init8)
 *(.init9)
 .init9         0x0000502a        0x8 c:/program files (x86)/atmel/atmel toolchain/avr8 gcc/native/3.4.1061/avr8-gnu-toolchain/bin/../lib/gcc/avr/4.8.1/../../../../avr/lib/avr51/crtm128.o
 *(.init9)
 *(.text)
 .text          0x00005032        0x4 c:/program files (x86)/atmel/atmel toolchain/avr8 gcc/native/3.4.1061/avr8-gnu-toolchain/bin/../lib/gcc/avr/4.8.1/../../../../avr/lib/avr51/crtm128.o
                0x00005032                __vector_22
                0x00005032                __vector_28
                0x00005032                __vector_1
                0x00005032                __vector_34
                0x00005032                __vector_24
                0x00005032                __bad_interrupt
                0x00005032                __vector_6
                0x00005032                __vector_3
                0x00005032                __vector_23
                0x00005032                __vector_25
                0x00005032                __vector_11
                0x00005032                __vector_13
                0x00005032                __vector_17
                0x00005032                __vector_7
                0x00005032                __vector_27
                0x00005032                __vector_5
                0x00005032                __vector_33
                0x00005032                __vector_4
                0x00005032                __vector_2
                0x00005032                __vector_21
                0x00005032                __vector_29
                0x00005032                __vector_8
                0x00005032                __vector_26
                0x00005032                __vector_14
                0x00005032                __vector_10
                0x00005032                __vector_16
                0x00005036                . = ALIGN (0x2)
 *(.text.*)
 .text.rrb      0x00005036        0x6 vem_03_05.o
                0x00005036                rrb
 .text.prb      0x0000503c        0x6 vem_03_05.o
                0x0000503c                prb
 .text.prb_f    0x00005042        0xe vem_03_05.o
                0x00005042                prb_f
 .text.RS485_1  0x00005050        0xa vem_03_05.o
                0x00005050                RS485_1
 .text.MB_LED1  0x0000505a        0x2 vem_03_05.o
                0x0000505a                MB_LED1
 .text.MB_LED_Err_On_1
                0x0000505c        0x2 vem_03_05.o
                0x0000505c                MB_LED_Err_On_1
 .text.MB_LED_Err_Off_1
                0x0000505e        0x2 vem_03_05.o
                0x0000505e                MB_LED_Err_Off_1
 .text.StartTimer0
                0x00005060        0xc vem_03_05.o
                0x00005060                StartTimer0
 .text.StartTimer2
                0x0000506c        0xc vem_03_05.o
                0x0000506c                StartTimer2
 .text.MB_Timer_ISR
                0x00005078       0x8e vem_03_05.o
 .text.MBRecept
                0x00005106       0x84 vem_03_05.o
 .text.GetSlave
                0x0000518a       0x2a vem_03_05.o
 .text.DI_Init_Hard
                0x000051b4       0x42 vem_03_05.o
 .text.Reboot   0x000051f6        0x4 vem_03_05.o
                0x000051f6                Reboot
 .text.ResetGSMState
                0x000051fa        0x8 vem_03_05.o
                0x000051fa                ResetGSMState
 .text.Start_Updater
                0x00005202        0x8 vem_03_05.o
                0x00005202                Start_Updater
 .text.Web_Login_Request
                0x0000520a        0x8 vem_03_05.o
                0x0000520a                Web_Login_Request
 .text.erb      0x00005212        0x4 vem_03_05.o
                0x00005212                erb
 .text.GetReg   0x00005216       0x76 vem_03_05.o
 .text.prd      0x0000528c        0xc vem_03_05.o
                0x0000528c                prd
 .text.CRC_Seed
                0x00005298       0x9a vem_03_05.o
                0x00005298                CRC_Seed
 .text.CRC      0x00005332       0x12 vem_03_05.o
                0x00005332                CRC
 .text.CRC_EEPROM_calc
                0x00005344       0x38 vem_03_05.o
 .text.CRC_EEPROM_upd
                0x0000537c       0x18 vem_03_05.o
 .text.ewb      0x00005394        0x8 vem_03_05.o
                0x00005394                ewb
 .text.Start_Bootloader
                0x0000539c        0xe vem_03_05.o
                0x0000539c                Start_Bootloader
 .text.eww      0x000053aa        0x8 vem_03_05.o
                0x000053aa                eww
 .text.ewd      0x000053b2        0x8 vem_03_05.o
                0x000053b2                ewd
 .text.ewbl     0x000053ba        0x8 vem_03_05.o
                0x000053ba                ewbl
 .text.CRC_Flash_calc
                0x000053c2       0x34 vem_03_05.o
 .text.MemCheckInit
                0x000053f6       0x34 vem_03_05.o
                0x000053f6                MemCheckInit
 .text.IntOff   0x0000542a       0x10 vem_03_05.o
                0x0000542a                IntOff
 .text.IntOn    0x0000543a       0x10 vem_03_05.o
                0x0000543a                IntOn
 .text.Modbus_ReadHoldReg
                0x0000544a       0xd0 vem_03_05.o
                0x0000544a                Modbus_ReadHoldReg
 .text.WdtOn    0x0000551a       0x16 vem_03_05.o
                0x0000551a                WdtOn
 .text.Timer16Alloc
                0x00005530        0xe vem_03_05.o
                0x00005530                Timer16Alloc
 .text.Timer32Alloc
                0x0000553e        0xe vem_03_05.o
                0x0000553e                Timer32Alloc
 .text.StartTimer8
                0x0000554c       0x5c vem_03_05.o
                0x0000554c                StartTimer8
 .text.StartTimer16
                0x000055a8       0x58 vem_03_05.o
                0x000055a8                StartTimer16
 .text.SlavesOn
                0x00005600       0x36 vem_03_05.o
 .text.NextSlave
                0x00005636      0x124 vem_03_05.o
 .text.FailSlave
                0x0000575a       0xd0 vem_03_05.o
 .text.StartTimer32
                0x0000582a       0x7e vem_03_05.o
                0x0000582a                StartTimer32
 .text.Timer8Stopp
                0x000058a8       0x36 vem_03_05.o
                0x000058a8                Timer8Stopp
 .text.Timer16Stopp
                0x000058de       0x4e vem_03_05.o
                0x000058de                Timer16Stopp
 .text.Timer32Stopp
                0x0000592c       0x56 vem_03_05.o
                0x0000592c                Timer32Stopp
 .text.ResetTimer16
                0x00005982       0x42 vem_03_05.o
                0x00005982                ResetTimer16
 .text.OnTimeSave
                0x000059c4       0x1c vem_03_05.o
                0x000059c4                OnTimeSave
 .text.TimeInit
                0x000059e0       0x7c vem_03_05.o
                0x000059e0                TimeInit
 .text.ScanCycleInit
                0x00005a5c       0x16 vem_03_05.o
                0x00005a5c                ScanCycleInit
 .text.__vector_12
                0x00005a72       0x96 vem_03_05.o
                0x00005a72                __vector_12
 .text.TimersInc
                0x00005b08      0x1f8 vem_03_05.o
                0x00005b08                TimersInc
 .text.TimeCycle
                0x00005d00       0x3a vem_03_05.o
                0x00005d00                TimeCycle
 .text.Delay_us
                0x00005d3a       0x30 vem_03_05.o
                0x00005d3a                Delay_us
 .text.MB_PLC_Init
                0x00005d6a        0x6 vem_03_05.o
                0x00005d6a                MB_PLC_Init
 .text.OW_MasterPullLowBus
                0x00005d70       0x1a vem_03_05.o
                0x00005d70                OW_MasterPullLowBus
 .text.OW_MasterReleaseBus
                0x00005d8a       0x1a vem_03_05.o
                0x00005d8a                OW_MasterReleaseBus
 .text.GSM_PWRCNTRL_Config
                0x00005da4        0x8 vem_03_05.o
                0x00005da4                GSM_PWRCNTRL_Config
 .text.GSM_PWRCNTRL_OFF
                0x00005dac        0x8 vem_03_05.o
                0x00005dac                GSM_PWRCNTRL_OFF
 .text.GSM_PWRCNTRL_ON
                0x00005db4        0x8 vem_03_05.o
                0x00005db4                GSM_PWRCNTRL_ON
 .text.CTS_Config
                0x00005dbc        0x4 vem_03_05.o
                0x00005dbc                CTS_Config
 .text.CTS_OFF  0x00005dc0        0x4 vem_03_05.o
                0x00005dc0                CTS_OFF
 .text.RTS_Config
                0x00005dc4        0x6 vem_03_05.o
                0x00005dc4                RTS_Config
 .text.__vector_15
                0x00005dca       0x60 vem_03_05.o
                0x00005dca                __vector_15
 .text.__vector_9
                0x00005e2a       0x60 vem_03_05.o
                0x00005e2a                __vector_9
 .text.SetParity
                0x00005e8a       0x86 vem_03_05.o
                0x00005e8a                SetParity
 .text.SetBAUD  0x00005f10       0x86 vem_03_05.o
                0x00005f10                SetBAUD
 .text.MB_Transm
                0x00005f96       0x84 vem_03_05.o
                0x00005f96                MB_Transm
 .text.Modbus_RX
                0x0000601a       0xbe vem_03_05.o
                0x0000601a                Modbus_RX
 .text.CommErr  0x000060d8       0xc2 vem_03_05.o
                0x000060d8                CommErr
 .text.SetCRC_MB
                0x0000619a       0x38 vem_03_05.o
                0x0000619a                SetCRC_MB
 .text.FormData
                0x000061d2      0x1de vem_03_05.o
 .text.FormQuery
                0x000063b0       0x94 vem_03_05.o
 .text.FormSingle
                0x00006444       0x54 vem_03_05.o
 .text.MB_FrameReg
                0x00006498       0x28 vem_03_05.o
                0x00006498                MB_FrameReg
 .text.MB_S_Timer_ISR
                0x000064c0      0x5ce vem_03_05.o
                0x000064c0                MB_S_Timer_ISR
 .text.MB_S_Tx  0x00006a8e       0x16 vem_03_05.o
                0x00006a8e                MB_S_Tx
 .text.MB_S_Init
                0x00006aa4       0x1e vem_03_05.o
                0x00006aa4                MB_S_Init
 .text.MB_M_Init
                0x00006ac2       0x7a vem_03_05.o
                0x00006ac2                MB_M_Init
 .text.MB_Init  0x00006b3c       0x54 vem_03_05.o
                0x00006b3c                MB_Init
 .text.MB_M_Timer_ISR
                0x00006b90      0x560 vem_03_05.o
                0x00006b90                MB_M_Timer_ISR
 .text.MB_M_Tx  0x000070f0       0x16 vem_03_05.o
                0x000070f0                MB_M_Tx
 .text.Modbus_TX
                0x00007106      0x170 vem_03_05.o
                0x00007106                Modbus_TX
 .text.MB_M_Cycle
                0x00007276       0xd2 vem_03_05.o
                0x00007276                MB_M_Cycle
 .text.MB_Cycle
                0x00007348       0x44 vem_03_05.o
                0x00007348                MB_Cycle
 .text.IP_compare_Const
                0x0000738c       0x22 vem_03_05.o
                0x0000738c                IP_compare_Const
 .text.IP_E_compare_Const
                0x000073ae       0x60 vem_03_05.o
                0x000073ae                IP_E_compare_Const
 .text.InitFIFO
                0x0000740e       0x10 vem_03_05.o
                0x0000740e                InitFIFO
 .text.GetByteFromFIFO
                0x0000741e       0xbe vem_03_05.o
                0x0000741e                GetByteFromFIFO
 .text.GetStringFromFIFO
                0x000074dc       0x5e vem_03_05.o
                0x000074dc                GetStringFromFIFO
 .text.ForceEndStringFromFIFO
                0x0000753a       0x24 vem_03_05.o
                0x0000753a                ForceEndStringFromFIFO
 .text.GetDataFromFIFO
                0x0000755e       0x36 vem_03_05.o
                0x0000755e                GetDataFromFIFO
 .text.strcpy_EE
                0x00007594       0x44 vem_03_05.o
                0x00007594                strcpy_EE
 .text.GSM_Init
                0x000075d8       0x6a vem_03_05.o
                0x000075d8                GSM_Init
 .text.GSM_Wait_Response
                0x00007642       0x16 vem_03_05.o
                0x00007642                GSM_Wait_Response
 .text.GSM_Wait_Response_P
                0x00007658       0x52 vem_03_05.o
                0x00007658                GSM_Wait_Response_P
 .text.GSM_Wait_Char
                0x000076aa       0x42 vem_03_05.o
                0x000076aa                GSM_Wait_Char
 .text.GSM_TX   0x000076ec       0x18 vem_03_05.o
                0x000076ec                GSM_TX
 .text.__vector_20
                0x00007704       0x56 vem_03_05.o
                0x00007704                __vector_20
 .text.DI_State
                0x0000775a       0x24 vem_03_05.o
                0x0000775a                DI_State
 .text.DI_Status
                0x0000777e       0x24 vem_03_05.o
                0x0000777e                DI_Status
 .text.DigitIn  0x000077a2       0x96 vem_03_05.o
                0x000077a2                DigitIn
 .text.SetDigOut
                0x00007838       0x24 vem_03_05.o
                0x00007838                SetDigOut
 .text.ResDigOut
                0x0000785c       0x26 vem_03_05.o
                0x0000785c                ResDigOut
 .text.DigitOut
                0x00007882       0x66 vem_03_05.o
                0x00007882                DigitOut
 .text.DO_Init  0x000078e8       0x28 vem_03_05.o
                0x000078e8                DO_Init
 .text.Pow10    0x00007910       0x1c vem_03_05.o
                0x00007910                Pow10
 .text.PowL10   0x0000792c       0x1e vem_03_05.o
                0x0000792c                PowL10
 .text.OW_MasterTx_Command
                0x0000794a       0x76 vem_03_05.o
                0x0000794a                OW_MasterTx_Command
 .text.OW_MasterRx_Data
                0x000079c0       0x72 vem_03_05.o
                0x000079c0                OW_MasterRx_Data
 .text.OneWire_Init
                0x00007a32       0x18 vem_03_05.o
                0x00007a32                OneWire_Init
 .text.OneWireStartADC
                0x00007a4a       0xb6 vem_03_05.o
                0x00007a4a                OneWireStartADC
 .text.OneWireReadTemp
                0x00007b00      0x1a8 vem_03_05.o
                0x00007b00                OneWireReadTemp
 .text.DS18B20  0x00007ca8       0x52 vem_03_05.o
                0x00007ca8                DS18B20
 .text.PutEnum  0x00007cfa       0x4c vem_03_05.o
                0x00007cfa                PutEnum
 .text.PutVal   0x00007d46       0xf6 vem_03_05.o
                0x00007d46                PutVal
 .text.Put_sVal
                0x00007e3c      0x154 vem_03_05.o
                0x00007e3c                Put_sVal
 .text.Put_zVal
                0x00007f90       0xf6 vem_03_05.o
                0x00007f90                Put_zVal
 .text.Put_zVal_h
                0x00008086       0x6c vem_03_05.o
                0x00008086                Put_zVal_h
 .text.PutDVal  0x000080f2      0x126 vem_03_05.o
                0x000080f2                PutDVal
 .text.Put_sDVal
                0x00008218      0x1f0 vem_03_05.o
                0x00008218                Put_sDVal
 .text.Put_zDVal
                0x00008408      0x126 vem_03_05.o
                0x00008408                Put_zDVal
 .text.Put_FFVal
                0x0000852e       0x7c vem_03_05.o
                0x0000852e                Put_FFVal
 .text.Put_GFVal
                0x000085aa       0xa6 vem_03_05.o
                0x000085aa                Put_GFVal
 .text.Put_TextValAlignLeft
                0x00008650       0x86 vem_03_05.o
                0x00008650                Put_TextValAlignLeft
 .text.HideMsg  0x000086d6       0x1c vem_03_05.o
                0x000086d6                HideMsg
 .text.WebInit  0x000086f2       0x66 vem_03_05.o
                0x000086f2                WebInit
 .text.WebPresicionHanler
                0x00008758       0x7a vem_03_05.o
                0x00008758                WebPresicionHanler
 .text.WebBuf2Field
                0x000087d2      0x6e4 vem_03_05.o
 .text.strcmp_PP
                0x00008eb6       0x3c vem_03_05.o
                0x00008eb6                strcmp_PP
 .text.strcmp_E
                0x00008ef2       0x48 vem_03_05.o
                0x00008ef2                strcmp_E
 .text.SeekTagFORM
                0x00008f3a       0x78 vem_03_05.o
                0x00008f3a                SeekTagFORM
 .text.SeekTagA_HREF
                0x00008fb2       0x78 vem_03_05.o
                0x00008fb2                SeekTagA_HREF
 .text.SeekTagIMG_SRC
                0x0000902a       0x82 vem_03_05.o
                0x0000902a                SeekTagIMG_SRC
 .text.Web_Login_Error
                0x000090ac      0x116 vem_03_05.o
                0x000090ac                Web_Login_Error
 .text.WebRequest
                0x000091c2      0x418 vem_03_05.o
                0x000091c2                WebRequest
 .text.EM_InitFIFO
                0x000095da       0x18 vem_03_05.o
                0x000095da                EM_InitFIFO
 .text.EM_SetUARTParam
                0x000095f2       0xe6 vem_03_05.o
                0x000095f2                EM_SetUARTParam
 .text.ApplyUARTParam
                0x000096d8       0x58 vem_03_05.o
                0x000096d8                ApplyUARTParam
 .text.ChangeUARTParam
                0x00009730       0x44 vem_03_05.o
                0x00009730                ChangeUARTParam
 .text.EMeter_ReInit
                0x00009774       0x4e vem_03_05.o
                0x00009774                EMeter_ReInit
 .text.GSM_CloseTransparent
                0x000097c2       0x20 vem_03_05.o
                0x000097c2                GSM_CloseTransparent
 .text.EMeter_Init
                0x000097e2       0x3a vem_03_05.o
                0x000097e2                EMeter_Init
 .text.USART_Init
                0x0000981c       0x48 vem_03_05.o
                0x0000981c                USART_Init
 .text.EMeter_RX
                0x00009864       0x74 vem_03_05.o
                0x00009864                EMeter_RX
 .text.__vector_30
                0x000098d8       0x68 vem_03_05.o
                0x000098d8                __vector_30
 .text.EMeter_TX
                0x00009940       0x1e vem_03_05.o
                0x00009940                EMeter_TX
 .text.__vector_32
                0x0000995e       0x68 vem_03_05.o
                0x0000995e                __vector_32
 .text.EMeter_Link
                0x000099c6        0xc vem_03_05.o
                0x000099c6                EMeter_Link
 .text.IsEMReady
                0x000099d2        0xe vem_03_05.o
                0x000099d2                IsEMReady
 .text.EMRead   0x000099e0       0x12 vem_03_05.o
                0x000099e0                EMRead
 .text.GPRS_AppInit
                0x000099f2       0x38 vem_03_05.o
                0x000099f2                GPRS_AppInit
 .text.GPRS_AddHeader
                0x00009a2a       0x56 vem_03_05.o
                0x00009a2a                GPRS_AddHeader
 .text.GPRS_CurDataSend
                0x00009a80      0x438 vem_03_05.o
                0x00009a80                GPRS_CurDataSend
 .text.GPRS_SendData
                0x00009eb8       0xca vem_03_05.o
                0x00009eb8                GPRS_SendData
 .text.GPRS_NewMsg
                0x00009f82       0xc0 vem_03_05.o
                0x00009f82                GPRS_NewMsg
 .text.GPRS_SendNewCrash
                0x0000a042       0x20 vem_03_05.o
                0x0000a042                GPRS_SendNewCrash
 .text.GPRS_SendRepCrash
                0x0000a062       0x26 vem_03_05.o
                0x0000a062                GPRS_SendRepCrash
 .text.GPRS_Check_PSW
                0x0000a088       0x3c vem_03_05.o
                0x0000a088                GPRS_Check_PSW
 .text.GPRS_Get_Session_ID
                0x0000a0c4       0x80 vem_03_05.o
                0x0000a0c4                GPRS_Get_Session_ID
 .text.GPRS_RemoteDisplayControl
                0x0000a144       0x14 vem_03_05.o
                0x0000a144                GPRS_RemoteDisplayControl
 .text.GPRS_SendDisplay
                0x0000a158       0x42 vem_03_05.o
                0x0000a158                GPRS_SendDisplay
 .text.GPRS_SendChange
                0x0000a19a       0x1c vem_03_05.o
                0x0000a19a                GPRS_SendChange
 .text.GPRS_ReadParamReply
                0x0000a1b6       0x60 vem_03_05.o
                0x0000a1b6                GPRS_ReadParamReply
 .text.GPRS_WriteParamReply
                0x0000a216       0x58 vem_03_05.o
                0x0000a216                GPRS_WriteParamReply
 .text.GPRS_Param
                0x0000a26e       0x90 vem_03_05.o
                0x0000a26e                GPRS_Param
 .text.GPRS_CriticalCMD_Process
                0x0000a2fe       0x48 vem_03_05.o
                0x0000a2fe                GPRS_CriticalCMD_Process
 .text.GPRS_Param00
                0x0000a346       0xd8 vem_03_05.o
                0x0000a346                GPRS_Param00
 .text.GPRS_Param01
                0x0000a41e       0x22 vem_03_05.o
                0x0000a41e                GPRS_Param01
 .text.GPRS_Param02
                0x0000a440       0x22 vem_03_05.o
                0x0000a440                GPRS_Param02
 .text.GPRS_Param03
                0x0000a462       0x24 vem_03_05.o
                0x0000a462                GPRS_Param03
 .text.GPRS_Param04
                0x0000a486       0x24 vem_03_05.o
                0x0000a486                GPRS_Param04
 .text.GPRS_Param05
                0x0000a4aa       0x24 vem_03_05.o
                0x0000a4aa                GPRS_Param05
 .text.GPRS_Param06
                0x0000a4ce       0x46 vem_03_05.o
                0x0000a4ce                GPRS_Param06
 .text.GPRS_Param07
                0x0000a514       0x24 vem_03_05.o
                0x0000a514                GPRS_Param07
 .text.GPRS_Param08
                0x0000a538       0x24 vem_03_05.o
                0x0000a538                GPRS_Param08
 .text.GPRS_Param09
                0x0000a55c      0x148 vem_03_05.o
                0x0000a55c                GPRS_Param09
 .text.GPRS_Param10
                0x0000a6a4       0x3e vem_03_05.o
                0x0000a6a4                GPRS_Param10
 .text.GPRS_Param11
                0x0000a6e2       0x46 vem_03_05.o
                0x0000a6e2                GPRS_Param11
 .text.GPRS_Parameter
                0x0000a728       0x82 vem_03_05.o
                0x0000a728                GPRS_Parameter
 .text.ReadParamBlock
                0x0000a7aa      0x144 vem_03_05.o
                0x0000a7aa                ReadParamBlock
 .text.GPRS_ReciveData
                0x0000a8ee      0x128 vem_03_05.o
                0x0000a8ee                GPRS_ReciveData
 .text.GPRS_Arbitr
                0x0000aa16       0xa4 vem_03_05.o
                0x0000aa16                GPRS_Arbitr
 .text.GPRS_App
                0x0000aaba       0xb0 vem_03_05.o
                0x0000aaba                GPRS_App
 .text.GSMApply
                0x0000ab6a       0xa6 vem_03_05.o
                0x0000ab6a                GSMApply
 .text.Modbus_App
                0x0000ac10      0x1fe vem_03_05.o
                0x0000ac10                Modbus_App
 .text.StartDebug
                0x0000ae0e       0x28 vem_03_05.o
                0x0000ae0e                StartDebug
 .text.StopDebug
                0x0000ae36       0x14 vem_03_05.o
                0x0000ae36                StopDebug
 .text.SendDebug
                0x0000ae4a       0x3c vem_03_05.o
                0x0000ae4a                SendDebug
 .text.GSM_RX   0x0000ae86       0x96 vem_03_05.o
                0x0000ae86                GSM_RX
 .text.__vector_18
                0x0000af1c       0x56 vem_03_05.o
                0x0000af1c                __vector_18
 .text.GSM_SendFirstChar
                0x0000af72       0x3e vem_03_05.o
                0x0000af72                GSM_SendFirstChar
 .text.GSM_SendCR
                0x0000afb0       0x4a vem_03_05.o
                0x0000afb0                GSM_SendCR
 .text.GSM_Execute_Command
                0x0000affa       0x38 vem_03_05.o
                0x0000affa                GSM_Execute_Command
 .text.GSM_AddHeaderSendData
                0x0000b032       0x18 vem_03_05.o
                0x0000b032                GSM_AddHeaderSendData
 .text.GSM_SendData
                0x0000b04a       0x18 vem_03_05.o
                0x0000b04a                GSM_SendData
 .text.GSM_Cycle
                0x0000b062     0x19de vem_03_05.o
                0x0000b062                GSM_Cycle
 .text.USART_Cycle
                0x0000ca40       0x68 vem_03_05.o
                0x0000ca40                USART_Cycle
 .text.WebServer
                0x0000caa8      0x890 vem_03_05.o
                0x0000caa8                WebServer
 .text.GSM_DRE  0x0000d338       0xfe vem_03_05.o
                0x0000d338                GSM_DRE
 .text.__vector_19
                0x0000d436       0x56 vem_03_05.o
                0x0000d436                __vector_19
 .text.Debug_DRE
                0x0000d48c       0x3c vem_03_05.o
                0x0000d48c                Debug_DRE
 .text.EMeter_DRE
                0x0000d4c8      0x100 vem_03_05.o
                0x0000d4c8                EMeter_DRE
 .text.__vector_31
                0x0000d5c8       0x68 vem_03_05.o
                0x0000d5c8                __vector_31
 .text.ToggleLED
                0x0000d630       0x1a vem_03_05.o
                0x0000d630                ToggleLED
 .text.ApplInit
                0x0000d64a        0xc vem_03_05.o
                0x0000d64a                ApplInit
 .text.ApplCycle
                0x0000d656      0x13a vem_03_05.o
                0x0000d656                ApplCycle
 .text.startup.main
                0x0000d790       0x5c vem_03_05.o
                0x0000d790                main
 .text.avr-libc
                0x0000d7ec       0xb6 c:/program files (x86)/atmel/atmel toolchain/avr8 gcc/native/3.4.1061/avr8-gnu-toolchain/bin/../lib/gcc/avr/4.8.1/../../../../avr/lib/avr51\libc.a(random.o)
                0x0000d884                random_r
                0x0000d888                random
                0x0000d890                srandom
 .text.avr-libc
                0x0000d8a2        0x6 c:/program files (x86)/atmel/atmel toolchain/avr8 gcc/native/3.4.1061/avr8-gnu-toolchain/bin/../lib/gcc/avr/4.8.1/../../../../avr/lib/avr51\libc.a(exit.o)
                0x0000d8a2                exit
 .text.avr-libc
                0x0000d8a8       0x12 c:/program files (x86)/atmel/atmel toolchain/avr8 gcc/native/3.4.1061/avr8-gnu-toolchain/bin/../lib/gcc/avr/4.8.1/../../../../avr/lib/avr51\libc.a(memcpy_P.o)
                0x0000d8a8                memcpy_P
 .text.avr-libc
                0x0000d8ba       0x16 c:/program files (x86)/atmel/atmel toolchain/avr8 gcc/native/3.4.1061/avr8-gnu-toolchain/bin/../lib/gcc/avr/4.8.1/../../../../avr/lib/avr51\libc.a(strchr_P.o)
                0x0000d8ba                strchr_P
 .text.avr-libc
                0x0000d8d0       0x12 c:/program files (x86)/atmel/atmel toolchain/avr8 gcc/native/3.4.1061/avr8-gnu-toolchain/bin/../lib/gcc/avr/4.8.1/../../../../avr/lib/avr51\libc.a(strcmp_P.o)
                0x0000d8d0                strcmp_P
 .text.avr-libc
                0x0000d8e2        0xe c:/program files (x86)/atmel/atmel toolchain/avr8 gcc/native/3.4.1061/avr8-gnu-toolchain/bin/../lib/gcc/avr/4.8.1/../../../../avr/lib/avr51\libc.a(strcpy_P.o)
                0x0000d8e2                strcpy_P
 .text.avr-libc
                0x0000d8f0       0x28 c:/program files (x86)/atmel/atmel toolchain/avr8 gcc/native/3.4.1061/avr8-gnu-toolchain/bin/../lib/gcc/avr/4.8.1/../../../../avr/lib/avr51\libc.a(strlcpy_P.o)
                0x0000d8f0                strlcpy_P
 .text.avr-libc
                0x0000d918       0x12 c:/program files (x86)/atmel/atmel toolchain/avr8 gcc/native/3.4.1061/avr8-gnu-toolchain/bin/../lib/gcc/avr/4.8.1/../../../../avr/lib/avr51\libc.a(strlen_P.o)
                0x0000d918                __strlen_P
 .text.avr-libc
                0x0000d92a       0x1c c:/program files (x86)/atmel/atmel toolchain/avr8 gcc/native/3.4.1061/avr8-gnu-toolchain/bin/../lib/gcc/avr/4.8.1/../../../../avr/lib/avr51\libc.a(strncmp_P.o)
                0x0000d92a                strncmp_P
 .text.avr-libc
                0x0000d946       0x34 c:/program files (x86)/atmel/atmel toolchain/avr8 gcc/native/3.4.1061/avr8-gnu-toolchain/bin/../lib/gcc/avr/4.8.1/../../../../avr/lib/avr51\libc.a(strstr_P.o)
                0x0000d946                strstr_P
 .text.avr-libc
                0x0000d97a       0x12 c:/program files (x86)/atmel/atmel toolchain/avr8 gcc/native/3.4.1061/avr8-gnu-toolchain/bin/../lib/gcc/avr/4.8.1/../../../../avr/lib/avr51\libc.a(memcpy.o)
                0x0000d97a                memcpy
 .text.avr-libc
                0x0000d98c       0x16 c:/program files (x86)/atmel/atmel toolchain/avr8 gcc/native/3.4.1061/avr8-gnu-toolchain/bin/../lib/gcc/avr/4.8.1/../../../../avr/lib/avr51\libc.a(strchr.o)
                0x0000d98c                strchr
 .text.avr-libc
                0x0000d9a2       0x12 c:/program files (x86)/atmel/atmel toolchain/avr8 gcc/native/3.4.1061/avr8-gnu-toolchain/bin/../lib/gcc/avr/4.8.1/../../../../avr/lib/avr51\libc.a(strcmp.o)
                0x0000d9a2                strcmp
 .text.avr-libc
                0x0000d9b4        0xe c:/program files (x86)/atmel/atmel toolchain/avr8 gcc/native/3.4.1061/avr8-gnu-toolchain/bin/../lib/gcc/avr/4.8.1/../../../../avr/lib/avr51\libc.a(strcpy.o)
                0x0000d9b4                strcpy
 .text.avr-libc
                0x0000d9c2       0x1c c:/program files (x86)/atmel/atmel toolchain/avr8 gcc/native/3.4.1061/avr8-gnu-toolchain/bin/../lib/gcc/avr/4.8.1/../../../../avr/lib/avr51\libc.a(strncmp.o)
                0x0000d9c2                strncmp
 .text.avr-libc
                0x0000d9de       0x5e c:/program files (x86)/atmel/atmel toolchain/avr8 gcc/native/3.4.1061/avr8-gnu-toolchain/bin/../lib/gcc/avr/4.8.1/../../../../avr/lib/avr51\libc.a(sprintf.o)
                0x0000d9de                sprintf
 .text.avr-libc
                0x0000da3c       0x5e c:/program files (x86)/atmel/atmel toolchain/avr8 gcc/native/3.4.1061/avr8-gnu-toolchain/bin/../lib/gcc/avr/4.8.1/../../../../avr/lib/avr51\libc.a(sprintf_p.o)
                0x0000da3c                sprintf_P
 .text.avr-libc
                0x0000da9a       0x44 c:/program files (x86)/atmel/atmel toolchain/avr8 gcc/native/3.4.1061/avr8-gnu-toolchain/bin/../lib/gcc/avr/4.8.1/../../../../avr/lib/avr51\libc.a(sscanf.o)
                0x0000da9a                sscanf
 .text.avr-libc
                0x0000dade       0x44 c:/program files (x86)/atmel/atmel toolchain/avr8 gcc/native/3.4.1061/avr8-gnu-toolchain/bin/../lib/gcc/avr/4.8.1/../../../../avr/lib/avr51\libc.a(sscanf_p.o)
                0x0000dade                sscanf_P
 .text.avr-libc.fplib
                0x0000db22        0x4 c:/program files (x86)/atmel/atmel toolchain/avr8 gcc/native/3.4.1061/avr8-gnu-toolchain/bin/../lib/gcc/avr/4.8.1/../../../../avr/lib/avr51\libc.a(divsf3.o)
                0x0000db22                __divsf3
 .text.avr-libc.fplib
                0x0000db26       0xcc c:/program files (x86)/atmel/atmel toolchain/avr8 gcc/native/3.4.1061/avr8-gnu-toolchain/bin/../lib/gcc/avr/4.8.1/../../../../avr/lib/avr51\libc.a(divsf3x.o)
                0x0000db3c                __divsf3x
                0x0000db40                __divsf3_pse
 .text.avr-libc.fplib
                0x0000dbf2        0xa c:/program files (x86)/atmel/atmel toolchain/avr8 gcc/native/3.4.1061/avr8-gnu-toolchain/bin/../lib/gcc/avr/4.8.1/../../../../avr/lib/avr51\libc.a(fixsfsi.o)
                0x0000dbf2                __fixsfsi
 .text.avr-libc.fplib
                0x0000dbfc       0x58 c:/program files (x86)/atmel/atmel toolchain/avr8 gcc/native/3.4.1061/avr8-gnu-toolchain/bin/../lib/gcc/avr/4.8.1/../../../../avr/lib/avr51\libc.a(fixunssfsi.o)
                0x0000dbfc                __fixunssfsi
 .text.avr-libc.fplib
                0x0000dc54       0x7a c:/program files (x86)/atmel/atmel toolchain/avr8 gcc/native/3.4.1061/avr8-gnu-toolchain/bin/../lib/gcc/avr/4.8.1/../../../../avr/lib/avr51\libc.a(floatsisf.o)
                0x0000dc54                __floatunsisf
                0x0000dc58                __floatsisf
 .text.avr-libc.fplib
                0x0000dcce        0xc c:/program files (x86)/atmel/atmel toolchain/avr8 gcc/native/3.4.1061/avr8-gnu-toolchain/bin/../lib/gcc/avr/4.8.1/../../../../avr/lib/avr51\libc.a(fp_inf.o)
                0x0000dcce                __fp_inf
 .text.avr-libc.fplib
                0x0000dcda        0x6 c:/program files (x86)/atmel/atmel toolchain/avr8 gcc/native/3.4.1061/avr8-gnu-toolchain/bin/../lib/gcc/avr/4.8.1/../../../../avr/lib/avr51\libc.a(fp_nan.o)
                0x0000dcda                __fp_nan
 .text.avr-libc.fplib
                0x0000dce0        0xe c:/program files (x86)/atmel/atmel toolchain/avr8 gcc/native/3.4.1061/avr8-gnu-toolchain/bin/../lib/gcc/avr/4.8.1/../../../../avr/lib/avr51\libc.a(fp_pscA.o)
                0x0000dce0                __fp_pscA
 .text.avr-libc.fplib
                0x0000dcee        0xe c:/program files (x86)/atmel/atmel toolchain/avr8 gcc/native/3.4.1061/avr8-gnu-toolchain/bin/../lib/gcc/avr/4.8.1/../../../../avr/lib/avr51\libc.a(fp_pscB.o)
                0x0000dcee                __fp_pscB
 .text.avr-libc.fplib
                0x0000dcfc       0x22 c:/program files (x86)/atmel/atmel toolchain/avr8 gcc/native/3.4.1061/avr8-gnu-toolchain/bin/../lib/gcc/avr/4.8.1/../../../../avr/lib/avr51\libc.a(fp_round.o)
                0x0000dcfc                __fp_round
 .text.avr-libc.fplib
                0x0000dd1e       0x44 c:/program files (x86)/atmel/atmel toolchain/avr8 gcc/native/3.4.1061/avr8-gnu-toolchain/bin/../lib/gcc/avr/4.8.1/../../../../avr/lib/avr51\libc.a(fp_split3.o)
                0x0000dd1e                __fp_split3
                0x0000dd2e                __fp_splitA
 .text.avr-libc.fplib
                0x0000dd62        0xe c:/program files (x86)/atmel/atmel toolchain/avr8 gcc/native/3.4.1061/avr8-gnu-toolchain/bin/../lib/gcc/avr/4.8.1/../../../../avr/lib/avr51\libc.a(fp_zero.o)
                0x0000dd62                __fp_zero
                0x0000dd64                __fp_szero
 .text.avr-libc.fplib
                0x0000dd70        0x4 c:/program files (x86)/atmel/atmel toolchain/avr8 gcc/native/3.4.1061/avr8-gnu-toolchain/bin/../lib/gcc/avr/4.8.1/../../../../avr/lib/avr51\libc.a(mulsf3.o)
                0x0000dd70                __mulsf3
 .text.avr-libc.fplib
                0x0000dd74       0xc2 c:/program files (x86)/atmel/atmel toolchain/avr8 gcc/native/3.4.1061/avr8-gnu-toolchain/bin/../lib/gcc/avr/4.8.1/../../../../avr/lib/avr51\libc.a(mulsf3x.o)
                0x0000dd88                __mulsf3x
                0x0000dd8c                __mulsf3_pse
 .text.avr-libc
                0x0000de36      0x3f6 c:/program files (x86)/atmel/atmel toolchain/avr8 gcc/native/3.4.1061/avr8-gnu-toolchain/bin/../lib/gcc/avr/4.8.1/../../../../avr/lib/avr51\libc.a(vfprintf_std.o)
                0x0000de36                vfprintf
 .text.avr-libc
                0x0000e22c      0x5a8 c:/program files (x86)/atmel/atmel toolchain/avr8 gcc/native/3.4.1061/avr8-gnu-toolchain/bin/../lib/gcc/avr/4.8.1/../../../../avr/lib/avr51\libc.a(vfscanf_std.o)
                0x0000e566                vfscanf
 .text.avr-libc
                0x0000e7d4       0x20 c:/program files (x86)/atmel/atmel toolchain/avr8 gcc/native/3.4.1061/avr8-gnu-toolchain/bin/../lib/gcc/avr/4.8.1/../../../../avr/lib/avr51\libc.a(eerd_block_atmega128.o)
                0x0000e7d4                __eerd_block_m128
                0x0000e7d8                __eerd_blraw_m128
 .text.avr-libc
                0x0000e7f4       0x10 c:/program files (x86)/atmel/atmel toolchain/avr8 gcc/native/3.4.1061/avr8-gnu-toolchain/bin/../lib/gcc/avr/4.8.1/../../../../avr/lib/avr51\libc.a(eerd_byte_atmega128.o)
                0x0000e7f4                __eerd_byte_m128
 .text.avr-libc
                0x0000e804        0xc c:/program files (x86)/atmel/atmel toolchain/avr8 gcc/native/3.4.1061/avr8-gnu-toolchain/bin/../lib/gcc/avr/4.8.1/../../../../avr/lib/avr51\libc.a(eerd_dword_atmega128.o)
                0x0000e804                __eerd_float_m128
                0x0000e804                __eerd_dword_m128
 .text.avr-libc
                0x0000e810        0xc c:/program files (x86)/atmel/atmel toolchain/avr8 gcc/native/3.4.1061/avr8-gnu-toolchain/bin/../lib/gcc/avr/4.8.1/../../../../avr/lib/avr51\libc.a(eerd_word_atmega128.o)
                0x0000e810                __eerd_word_m128
 .text.avr-libc
                0x0000e81c       0x14 c:/program files (x86)/atmel/atmel toolchain/avr8 gcc/native/3.4.1061/avr8-gnu-toolchain/bin/../lib/gcc/avr/4.8.1/../../../../avr/lib/avr51\libc.a(eewr_block_atmega128.o)
                0x0000e81c                __eewr_block_m128
 .text.avr-libc
                0x0000e830       0x1a c:/program files (x86)/atmel/atmel toolchain/avr8 gcc/native/3.4.1061/avr8-gnu-toolchain/bin/../lib/gcc/avr/4.8.1/../../../../avr/lib/avr51\libc.a(eewr_byte_atmega128.o)
                0x0000e830                __eewr_byte_m128
                0x0000e832                __eewr_r18_m128
 .text.avr-libc
                0x0000e84a       0x10 c:/program files (x86)/atmel/atmel toolchain/avr8 gcc/native/3.4.1061/avr8-gnu-toolchain/bin/../lib/gcc/avr/4.8.1/../../../../avr/lib/avr51\libc.a(eewr_dword_atmega128.o)
                0x0000e84a                __eewr_dword_m128
                0x0000e84a                __eewr_float_m128
 .text.avr-libc
                0x0000e85a        0xa c:/program files (x86)/atmel/atmel toolchain/avr8 gcc/native/3.4.1061/avr8-gnu-toolchain/bin/../lib/gcc/avr/4.8.1/../../../../avr/lib/avr51\libc.a(eewr_word_atmega128.o)
                0x0000e85a                __eewr_word_m128
 .text.avr-libc
                0x0000e864       0x10 c:/program files (x86)/atmel/atmel toolchain/avr8 gcc/native/3.4.1061/avr8-gnu-toolchain/bin/../lib/gcc/avr/4.8.1/../../../../avr/lib/avr51\libc.a(isspace.o)
                0x0000e864                isspace
 .text.avr-libc
                0x0000e874       0x16 c:/program files (x86)/atmel/atmel toolchain/avr8 gcc/native/3.4.1061/avr8-gnu-toolchain/bin/../lib/gcc/avr/4.8.1/../../../../avr/lib/avr51\libc.a(strnlen_P.o)
                0x0000e874                strnlen_P
 .text.avr-libc
                0x0000e88a       0x16 c:/program files (x86)/atmel/atmel toolchain/avr8 gcc/native/3.4.1061/avr8-gnu-toolchain/bin/../lib/gcc/avr/4.8.1/../../../../avr/lib/avr51\libc.a(strnlen.o)
                0x0000e88a                strnlen
 .text.avr-libc
                0x0000e8a0       0x7c c:/program files (x86)/atmel/atmel toolchain/avr8 gcc/native/3.4.1061/avr8-gnu-toolchain/bin/../lib/gcc/avr/4.8.1/../../../../avr/lib/avr51\libc.a(fgetc.o)
                0x0000e8a0                fgetc
 .text.avr-libc
                0x0000e91c       0x64 c:/program files (x86)/atmel/atmel toolchain/avr8 gcc/native/3.4.1061/avr8-gnu-toolchain/bin/../lib/gcc/avr/4.8.1/../../../../avr/lib/avr51\libc.a(fputc.o)
                0x0000e91c                fputc
 .text.avr-libc
                0x0000e980       0x32 c:/program files (x86)/atmel/atmel toolchain/avr8 gcc/native/3.4.1061/avr8-gnu-toolchain/bin/../lib/gcc/avr/4.8.1/../../../../avr/lib/avr51\libc.a(ungetc.o)
                0x0000e980                ungetc
 .text.avr-libc
                0x0000e9b2       0xbc c:/program files (x86)/atmel/atmel toolchain/avr8 gcc/native/3.4.1061/avr8-gnu-toolchain/bin/../lib/gcc/avr/4.8.1/../../../../avr/lib/avr51\libc.a(ultoa_invert.o)
                0x0000e9b2                __ultoa_invert
 .text.avr-libc
                0x0000ea6e        0x6 c:/program files (x86)/atmel/atmel toolchain/avr8 gcc/native/3.4.1061/avr8-gnu-toolchain/bin/../lib/gcc/avr/4.8.1/../../../../avr/lib/avr51\libc.a(cty_isfalse.o)
                0x0000ea6e                __ctype_isfalse
                0x0000ea72                __ctype_istrue
 .text.libgcc.div
                0x0000ea74       0x18 c:/program files (x86)/atmel/atmel toolchain/avr8 gcc/native/3.4.1061/avr8-gnu-toolchain/bin/../lib/gcc/avr/4.8.1/avr51\libgcc.a(_udivmodqi4.o)
                0x0000ea74                __udivmodqi4
 .text.libgcc.div
                0x0000ea8c       0x28 c:/program files (x86)/atmel/atmel toolchain/avr8 gcc/native/3.4.1061/avr8-gnu-toolchain/bin/../lib/gcc/avr/4.8.1/avr51\libgcc.a(_udivmodhi4.o)
                0x0000ea8c                __udivmodhi4
 .text.libgcc.div
                0x0000eab4       0x28 c:/program files (x86)/atmel/atmel toolchain/avr8 gcc/native/3.4.1061/avr8-gnu-toolchain/bin/../lib/gcc/avr/4.8.1/avr51\libgcc.a(_divmodhi4.o)
                0x0000eab4                _div
                0x0000eab4                __divmodhi4
 .text.libgcc.div
                0x0000eadc       0x44 c:/program files (x86)/atmel/atmel toolchain/avr8 gcc/native/3.4.1061/avr8-gnu-toolchain/bin/../lib/gcc/avr/4.8.1/avr51\libgcc.a(_udivmodsi4.o)
                0x0000eadc                __udivmodsi4
 .text.libgcc.div
                0x0000eb20       0x2e c:/program files (x86)/atmel/atmel toolchain/avr8 gcc/native/3.4.1061/avr8-gnu-toolchain/bin/../lib/gcc/avr/4.8.1/avr51\libgcc.a(_divmodsi4.o)
                0x0000eb20                __divmodsi4
 .text.libgcc.div
                0x0000eb4e       0x10 c:/program files (x86)/atmel/atmel toolchain/avr8 gcc/native/3.4.1061/avr8-gnu-toolchain/bin/../lib/gcc/avr/4.8.1/avr51\libgcc.a(_negsi2.o)
                0x0000eb4e                __negsi2
 .text.libgcc   0x0000eb5e        0xc c:/program files (x86)/atmel/atmel toolchain/avr8 gcc/native/3.4.1061/avr8-gnu-toolchain/bin/../lib/gcc/avr/4.8.1/avr51\libgcc.a(_tablejump.o)
                0x0000eb5e                __tablejump2__
                0x0000eb62                __tablejump__
 .text.libgcc.mul
                0x0000eb6a       0x16 c:/program files (x86)/atmel/atmel toolchain/avr8 gcc/native/3.4.1061/avr8-gnu-toolchain/bin/../lib/gcc/avr/4.8.1/avr51\libgcc.a(_muluhisi3.o)
                0x0000eb6a                __muluhisi3
 .text.libgcc.mul
                0x0000eb80       0x10 c:/program files (x86)/atmel/atmel toolchain/avr8 gcc/native/3.4.1061/avr8-gnu-toolchain/bin/../lib/gcc/avr/4.8.1/avr51\libgcc.a(_mulshisi3.o)
                0x0000eb80                __mulshisi3
                0x0000eb86                __mulohisi3
 .text.libgcc.mul
                0x0000eb90       0xa0 c:/program files (x86)/atmel/atmel toolchain/avr8 gcc/native/3.4.1061/avr8-gnu-toolchain/bin/../lib/gcc/avr/4.8.1/avr51\libgcc.a(_muldi3.o)
                0x0000eb90                __muldi3
 .text.libgcc.mul
                0x0000ec30       0x12 c:/program files (x86)/atmel/atmel toolchain/avr8 gcc/native/3.4.1061/avr8-gnu-toolchain/bin/../lib/gcc/avr/4.8.1/avr51\libgcc.a(_muldi3_6.o)
                0x0000ec30                __muldi3_6
 .text.libgcc   0x0000ec42       0x12 c:/program files (x86)/atmel/atmel toolchain/avr8 gcc/native/3.4.1061/avr8-gnu-toolchain/bin/../lib/gcc/avr/4.8.1/avr51\libgcc.a(_adddi3.o)
                0x0000ec42                __adddi3
 .text.libgcc.mul
                0x0000ec54       0x1e c:/program files (x86)/atmel/atmel toolchain/avr8 gcc/native/3.4.1061/avr8-gnu-toolchain/bin/../lib/gcc/avr/4.8.1/avr51\libgcc.a(_umulhisi3.o)
                0x0000ec54                __umulhisi3
                0x0000ec72                . = ALIGN (0x2)
 *(.fini9)
 .fini9         0x0000ec72        0x0 c:/program files (x86)/atmel/atmel toolchain/avr8 gcc/native/3.4.1061/avr8-gnu-toolchain/bin/../lib/gcc/avr/4.8.1/avr51\libgcc.a(_exit.o)
                0x0000ec72                _exit
 *(.fini9)
 *(.fini8)
 *(.fini8)
 *(.fini7)
 *(.fini7)
 *(.fini6)
 *(.fini6)
 *(.fini5)
 *(.fini5)
 *(.fini4)
 *(.fini4)
 *(.fini3)
 *(.fini3)
 *(.fini2)
 *(.fini2)
 *(.fini1)
 *(.fini1)
 *(.fini0)
 .fini0         0x0000ec72        0x4 c:/program files (x86)/atmel/atmel toolchain/avr8 gcc/native/3.4.1061/avr8-gnu-toolchain/bin/../lib/gcc/avr/4.8.1/avr51\libgcc.a(_exit.o)
 *(.fini0)
                0x0000ec76                _etext = .

.data           0x00800100      0x13a load address 0x0000ec76
                0x00800100                PROVIDE (__data_start, .)
 *(.data)
 .data          0x00800100        0x4 c:/program files (x86)/atmel/atmel toolchain/avr8 gcc/native/3.4.1061/avr8-gnu-toolchain/bin/../lib/gcc/avr/4.8.1/../../../../avr/lib/avr51\libc.a(random.o)
 *(.data*)
 .data.GPRS_CrashID
                0x00800104        0x1 vem_03_05.o
                0x00800104                GPRS_CrashID
 .data.EM_Retry
                0x00800105        0x1 vem_03_05.o
                0x00800105                EM_Retry
 .data.WebMode  0x00800106        0x1 vem_03_05.o
 .data.GSM_ActiveConnection
                0x00800107        0x1 vem_03_05.o
                0x00800107                GSM_ActiveConnection
 .data.GSM_Flag
                0x00800108        0x1 vem_03_05.o
                0x00800108                GSM_Flag
 .data.GPRS_RECONNECT_period
                0x00800109        0x2 vem_03_05.o
                0x00800109                GPRS_RECONNECT_period
 .data.Connection_check_period
                0x0080010b        0x2 vem_03_05.o
                0x0080010b                Connection_check_period
 .data.VacantTimer32Sys
                0x0080010d        0x1 vem_03_05.o
                0x0080010d                VacantTimer32Sys
 .data.VacantTimer16Sys
                0x0080010e        0x1 vem_03_05.o
                0x0080010e                VacantTimer16Sys
 .data.VacantTimer8Sys
                0x0080010f        0x1 vem_03_05.o
                0x0080010f                VacantTimer8Sys
 .data.VacantTimer32
                0x00800110        0x1 vem_03_05.o
                0x00800110                VacantTimer32
 .data.VacantTimer16
                0x00800111        0x1 vem_03_05.o
                0x00800111                VacantTimer16
 .data.VacantTimer8
                0x00800112        0x1 vem_03_05.o
                0x00800112                VacantTimer8
 *(.rodata)
 *(.rodata*)
 .rodata.str1.1
                0x00800113       0xc8 vem_03_05.o
                                 0xd4 (size before relaxing)
 .rodata.CSWTCH.1354
                0x008001db        0xa vem_03_05.o
 .rodata.CSWTCH.1349
                0x008001e5        0x7 vem_03_05.o
 .rodata.CSWTCH.1348
                0x008001ec        0xe vem_03_05.o
 .rodata.Web_Logins
                0x008001fa       0x40 vem_03_05.o
                0x008001fa                Web_Logins
 *(.gnu.linkonce.d*)
                0x0080023a                . = ALIGN (0x2)
                0x0080023a                _edata = .
                0x0080023a                PROVIDE (__data_end, .)

.bss            0x0080023a      0xc12
                0x0080023a                PROVIDE (__bss_start, .)
 *(.bss)
 *(.bss*)
 .bss.PacketByteCount.4691
                0x0080023a        0x2 vem_03_05.o
 .bss.ptrIF.4689
                0x0080023c        0x2 vem_03_05.o
 .bss.StartTimeoutWaitRequest.4692
                0x0080023e        0x1 vem_03_05.o
 .bss.ptrPage.4690
                0x0080023f        0x2 vem_03_05.o
 .bss.match.4666
                0x00800241        0x1 vem_03_05.o
 .bss.match.4651