Archive member included because of file (symbol)

c:/program files (x86)/atmel/atmel toolchain/avr8 gcc/native/3.4.1061/avr8-gnu-toolchain/bin/../lib/gcc/avr/4.8.1/../../../../avr/lib/avr51\libc.a(random.o)
                              vem_03_05.o (random)
c:/program files (x86)/atmel/atmel toolchain/avr8 gcc/native/3.4.1061/avr8-gnu-toolchain/bin/../lib/gcc/avr/4.8.1/../../../../avr/lib/avr51\libc.a(exit.o)
                              c:/program files (x86)/atmel/atmel toolchain/avr8 gcc/native/3.4.1061/avr8-gnu-toolchain/bin/../lib/gcc/avr/4.8.1/../../../../avr/lib/avr51/crtm128.o (exit)
c:/program files (x86)/atmel/atmel toolchain/avr8 gcc/native/3.4.1061/avr8-gnu-toolchain/bin/../lib/gcc/avr/4.8.1/../../../../avr/lib/avr51\libc.a(memcpy_P.o)
                              vem_03_05.o (memcpy_P)
c:/program files (x86)/atmel/atmel toolchain/avr8 gcc/native/3.4.1061/avr8-gnu-toolchain/bin/../lib/gcc/avr/4.8.1/../../../../avr/lib/avr51\libc.a(strchr_P.o)
                              vem_03_05.o (strchr_P)
c:/program files (x86)/atmel/atmel toolchain/avr8 gcc/native/3.4.1061/avr8-gnu-toolchain/bin/../lib/gcc/avr/4.8.1/../../../../avr/lib/avr51\libc.a(strcmp_P.o)
                              vem_03_05.o (strcmp_P)
c:/program files (x86)/atmel/atmel toolchain/avr8 gcc/native/3.4.1061/avr8-gnu-toolchain/bin/../lib/gcc/avr/4.8.1/../../../../avr/lib/avr51\libc.a(strcpy_P.o)
                              vem_03_05.o (strcpy_P)
c:/program files (x86)/atmel/atmel toolchain/avr8 gcc/native/3.4.1061/avr8-gnu-toolchain/bin/../lib/gcc/avr/4.8.1/../../../../avr/lib/avr51\libc.a(strlcpy_P.o)
                              vem_03_05.o (strlcpy_P)
c:/program files (x86)/atmel/atmel toolchain/avr8 gcc/native/3.4.1061/avr8-gnu-toolchain/bin/../lib/gcc/avr/4.8.1/../../../../avr/lib/avr51\libc.a(strlen_P.o)
                              vem_03_05.o (__strlen_P)
c:/program files (x86)/atmel/atmel toolchain/avr8 gcc/native/3.4.1061/avr8-gnu-toolchain/bin/../lib/gcc/avr/4.8.1/../../../../avr/lib/avr51\libc.a(strncmp_P.o)
                              vem_03_05.o (strncmp_P)
c:/program files (x86)/atmel/atmel toolchain/avr8 gcc/native/3.4.1061/avr8-gnu-toolchain/bin/../lib/gcc/avr/4.8.1/../../../../avr/lib/avr51\libc.a(strstr_P.o)
                              vem_03_05.o (strstr_P)
c:/program files (x86)/atmel/atmel toolchain/avr8 gcc/native/3.4.1061/avr8-gnu-toolchain/bin/../lib/gcc/avr/4.8.1/../../../../avr/lib/avr51\libc.a(memcpy.o)
                              vem_03_05.o (memcpy)
c:/program files (x86)/atmel/atmel toolchain/avr8 gcc/native/3.4.1061/avr8-gnu-toolchain/bin/../lib/gcc/avr/4.8.1/../../../../avr/lib/avr51\libc.a(strchr.o)
                              vem_03_05.o (strchr)
c:/program files (x86)/atmel/atmel toolchain/avr8 gcc/native/3.4.1061/avr8-gnu-toolchain/bin/../lib/gcc/avr/4.8.1/../../../../avr/lib/avr51\libc.a(strcmp.o)
                              vem_03_05.o (strcmp)
c:/program files (x86)/atmel/atmel toolchain/avr8 gcc/native/3.4.1061/avr8-gnu-toolchain/bin/../lib/gcc/avr/4.8.1/../../../../avr/lib/avr51\libc.a(strcpy.o)
                              vem_03_05.o (strcpy)
c:/program files (x86)/atmel/atmel toolchain/avr8 gcc/native/3.4.1061/avr8-gnu-toolchain/bin/../lib/gcc/avr/4.8.1/../../../../avr/lib/avr51\libc.a(strncmp.o)
                              vem_03_05.o (strncmp)
c:/program files (x86)/atmel/atmel toolchain/avr8 gcc/native/3.4.1061/avr8-gnu-toolchain/bin/../lib/gcc/avr/4.8.1/../../../../avr/lib/avr51\libc.a(sprintf.o)
                              vem_03_05.o (sprintf)
c:/program files (x86)/atmel/atmel toolchain/avr8 gcc/native/3.4.1061/avr8-gnu-toolchain/bin/../lib/gcc/avr/4.8.1/../../../../avr/lib/avr51\libc.a(sprintf_p.o)
                              vem_03_05.o (sprintf_P)
c:/program files (x86)/atmel/atmel toolchain/avr8 gcc/native/3.4.1061/avr8-gnu-toolchain/bin/../lib/gcc/avr/4.8.1/../../../../avr/lib/avr51\libc.a(sscanf.o)
                              vem_03_05.o (sscanf)
c:/program files (x86)/atmel/atmel toolchain/avr8 gcc/native/3.4.1061/avr8-gnu-toolchain/bin/../lib/gcc/avr/4.8.1/../../../../avr/lib/avr51\libc.a(sscanf_p.o)
                              vem_03_05.o (sscanf_P)
c:/program files (x86)/atmel/atmel toolchain/avr8 gcc/native/3.4.1061/avr8-gnu-toolchain/bin/../lib/gcc/avr/4.8.1/../../../../avr/lib/avr51\libc.a(addsf3.o)
                              vem_03_05.o (__subsf3)
c:/program files (x86)/atmel/atmel toolchain/avr8 gcc/native/3.4.1061/avr8-gnu-toolchain/bin/../lib/gcc/avr/4.8.1/../../../../avr/lib/avr51\libc.a(addsf3x.o)
                              c:/program files (x86)/atmel/atmel toolchain/avr8 gcc/native/3.4.1061/avr8-gnu-toolchain/bin/../lib/gcc/avr/4.8.1/../../../../avr/lib/avr51\libc.a(addsf3.o) (__addsf3x)
c:/program files (x86)/atmel/atmel toolchain/avr8 gcc/native/3.4.1061/avr8-gnu-toolchain/bin/../lib/gcc/avr/4.8.1/../../../../avr/lib/avr51\libc.a(divsf3.o)
                              vem_03_05.o (__divsf3)
[...]
Memory Configuration

Name             Origin             Length             Attributes
text             0x00000000         0x00020000         xr
data             0x00800100         0x0000ff00         rw !x
eeprom           0x00810000         0x00010000         rw !x
fuse             0x00820000         0x00000400         rw !x
lock             0x00830000         0x00000400         rw !x
signature        0x00840000         0x00000400         rw !x
user_signatures  0x00850000         0x00000400         rw !x
*default*        0x00000000         0xffffffff

Linker script and memory map

Address of section .data set to 0x800100
LOAD c:/program files (x86)/atmel/atmel toolchain/avr8 gcc/native/3.4.1061/avr8-gnu-toolchain/bin/../lib/gcc/avr/4.8.1/../../../../avr/lib/avr51/crtm128.o
LOAD vem_03_05.o
START GROUP
LOAD c:/program files (x86)/atmel/atmel toolchain/avr8 gcc/native/3.4.1061/avr8-gnu-toolchain/bin/../lib/gcc/avr/4.8.1/../../../../avr/lib/avr51\libc.a
LOAD c:/program files (x86)/atmel/atmel toolchain/avr8 gcc/native/3.4.1061/avr8-gnu-toolchain/bin/../lib/gcc/avr/4.8.1/../../../../avr/lib/avr51\libm.a
END GROUP
START GROUP
LOAD c:/program files (x86)/atmel/atmel toolchain/avr8 gcc/native/3.4.1061/avr8-gnu-toolchain/bin/../lib/gcc/avr/4.8.1/avr51\libgcc.a
LOAD c:/program files (x86)/atmel/atmel toolchain/avr8 gcc/native/3.4.1061/avr8-gnu-toolchain/bin/../lib/gcc/avr/4.8.1/../../../../avr/lib/avr51\libm.a
LOAD c:/program files (x86)/atmel/atmel toolchain/avr8 gcc/native/3.4.1061/avr8-gnu-toolchain/bin/../lib/gcc/avr/4.8.1/../../../../avr/lib/avr51\libc.a
END GROUP

.hash
 *(.hash)

.dynsym
 *(.dynsym)

.dynstr
 *(.dynstr)

.gnu.version
 *(.gnu.version)

.gnu.version_d
 *(.gnu.version_d)

.gnu.version_r
 *(.gnu.version_r)

.rel.init
 *(.rel.init)

.rela.init
 *(.rela.init)

.rel.text
 *(.rel.text)
 *(.rel.text.*)
 *(.rel.gnu.linkonce.t*)

.rela.text
 *(.rela.text)
 *(.rela.text.*)
 *(.rela.gnu.linkonce.t*)

.rel.fini
 *(.rel.fini)

.rela.fini
 *(.rela.fini)

.rel.rodata
 *(.rel.rodata)
 *(.rel.rodata.*)
 *(.rel.gnu.linkonce.r*)

.rela.rodata
 *(.rela.rodata)
 *(.rela.rodata.*)
 *(.rela.gnu.linkonce.r*)

.rel.data
 *(.rel.data)
 *(.rel.data.*)
 *(.rel.gnu.linkonce.d*)

.rela.data
 *(.rela.data)
 *(.rela.data.*)
 *(.rela.gnu.linkonce.d*)

.rel.ctors
 *(.rel.ctors)

.rela.ctors
 *(.rela.ctors)

.rel.dtors
 *(.rel.dtors)

.rela.dtors
 *(.rela.dtors)

.rel.got
 *(.rel.got)

.rela.got
 *(.rela.got)

.rel.bss
 *(.rel.bss)

.rela.bss
 *(.rela.bss)

.rel.plt
 *(.rel.plt)

.rela.plt
 *(.rela.plt)

.text           0x00000000     0xea70
 *(.vectors)
 .vectors       0x00000000       0x8c c:/program files (x86)/atmel/atmel toolchain/avr8 gcc/native/3.4.1061/avr8-gnu-toolchain/bin/../lib/gcc/avr/4.8.1/../../../../avr/lib/avr51/crtm128.o
                0x00000000                __vector_default
                0x00000000                __vectors
 *(.vectors)
 *(.progmem.gcc*)
 .progmem.gcc_sw_table.MB_S_Timer_ISR
                0x0000008c       0x20 vem_03_05.o
 .progmem.gcc_sw_table.MB_M_Timer_ISR
                0x000000ac       0x20 vem_03_05.o
 .progmem.gcc_sw_table.WebBuf2Field
                0x000000cc       0x46 vem_03_05.o
 .progmem.gcc_sw_table.SeekTagFORM
                0x00000112       0x12 vem_03_05.o
 .progmem.gcc_sw_table.SeekTagA_HREF
                0x00000124       0x12 vem_03_05.o
 .progmem.gcc_sw_table.SeekTagIMG_SRC
                0x00000136       0x14 vem_03_05.o
 .progmem.gcc_sw_table.EM_SetUARTParam
                0x0000014a       0x12 vem_03_05.o
 .progmem.gcc_sw_table.GPRS_Param09
                0x0000015c       0x2c vem_03_05.o
 .progmem.gcc_sw_table.GPRS_Parameter
                0x00000188       0x18 vem_03_05.o
 .progmem.gcc_sw_table.GSM_Cycle
                0x000001a0       0xe8 vem_03_05.o
 .progmem.gcc_sw_table.WebServer
                0x00000288       0x46 vem_03_05.o
                0x000002ce                . = ALIGN (0x2)
                0x000002ce                __trampolines_start = .
 *(.trampolines)
 .trampolines   0x000002ce        0x0 linker stubs
 *(.trampolines*)
                0x000002ce                __trampolines_end = .
 *(.progmem*)
 .progmem.data.__c.5165
                0x000002ce       0x10 vem_03_05.o
 .progmem.data.__c.5163
                0x000002de       0x10 vem_03_05.o
 .progmem.data.__c.5161
                0x000002ee        0xb vem_03_05.o
 .progmem.data.__c.4707
                0x000002f9        0xa vem_03_05.o
 .progmem.data.__c.4705
                0x00000303        0x6 vem_03_05.o
 .progmem.data.__c.4688
                0x00000309        0x5 vem_03_05.o
 .progmem.data.__c.4589
                0x0000030e        0xc vem_03_05.o
 .progmem.data.__c.4587
                0x0000031a        0x2 vem_03_05.o
 .progmem.data.__c.3743
                0x0000031c       0x10 vem_03_05.o
 .progmem.data.__c.3731
                0x0000032c       0x13 vem_03_05.o
 .progmem.data.__c.3720
                0x0000033f       0x1e vem_03_05.o
 .progmem.data.__c.3695
                0x0000035d        0xd vem_03_05.o
 .progmem.data.__c.3671
                0x0000036a       0x14 vem_03_05.o
 .progmem.data.aCRCLo.1930
                0x0000037e      0x100 vem_03_05.o
 .progmem.data.aCRCHi.1929
                0x0000047e      0x100 vem_03_05.o
 .progmem.data.WebSite
                0x0000057e       0x12 vem_03_05.o
                0x0000057e                WebSite
 .progmem.data.Web_system
                0x00000590        0xd vem_03_05.o
                0x00000590                Web_system
 .progmem.data.system_OField
                0x0000059d       0x18 vem_03_05.o
                0x0000059d                system_OField
 .progmem.data.Web_Tlow
                0x000005b5       0x10 vem_03_05.o
                0x000005b5                Web_Tlow
 .progmem.data.var_Tlow
                0x000005c5        0x5 vem_03_05.o
                0x000005c5                var_Tlow
 .progmem.data.Web_Thigh
                0x000005ca       0x10 vem_03_05.o
                0x000005ca                Web_Thigh
 .progmem.data.var_Thigh
                0x000005da        0x6 vem_03_05.o
                0x000005da                var_Thigh
 .progmem.data.Web_BLupgrade
                0x000005e0       0x10 vem_03_05.o
                0x000005e0                Web_BLupgrade
 .progmem.data.var_BLupgrade
                0x000005f0        0xa vem_03_05.o
                0x000005f0                var_BLupgrade
 .progmem.data.Web_Bootloader
                0x000005fa       0x10 vem_03_05.o
                0x000005fa                Web_Bootloader
 .progmem.data.var_Bootloader
                0x0000060a        0xb vem_03_05.o
                0x0000060a                var_Bootloader
 .progmem.data.Web_Reboot
                0x00000615       0x10 vem_03_05.o
                0x00000615                Web_Reboot
 .progmem.data.var_Reboot
                0x00000625        0x7 vem_03_05.o
                0x00000625                var_Reboot
 .progmem.data.Web_Title
                0x0000062c       0x10 vem_03_05.o
                0x0000062c                Web_Title
 .progmem.data.var_Title
                0x0000063c        0x6 vem_03_05.o
                0x0000063c                var_Title
 .progmem.data.system_page
                0x00000642      0x5fa vem_03_05.o
                0x00000642                system_page
 .progmem.data.system_IField
                0x00000c3c       0x42 vem_03_05.o
                0x00000c3c                system_IField
 .progmem.data.name_system
                0x00000c7e        0xc vem_03_05.o
                0x00000c7e                name_system
 .progmem.data.Web_csd
                0x00000c8a        0xd vem_03_05.o
                0x00000c8a                Web_csd
 .progmem.data.csd_OField
                0x00000c97       0x2c vem_03_05.o
                0x00000c97                csd_OField
 .progmem.data.Web_CSD_Number9
                0x00000cc3       0x10 vem_03_05.o
                0x00000cc3                Web_CSD_Number9
 .progmem.data.var_CSD_Number9
                0x00000cd3        0x5 vem_03_05.o
                0x00000cd3                var_CSD_Number9
 .progmem.data.Web_CSD_Number8
                0x00000cd8       0x10 vem_03_05.o
                0x00000cd8                Web_CSD_Number8
 .progmem.data.var_CSD_Number8
                0x00000ce8        0x5 vem_03_05.o
                0x00000ce8                var_CSD_Number8
 .progmem.data.Web_CSD_Number7
                0x00000ced       0x10 vem_03_05.o
                0x00000ced                Web_CSD_Number7
 .progmem.data.var_CSD_Number7
                0x00000cfd        0x5 vem_03_05.o
                0x00000cfd                var_CSD_Number7
 .progmem.data.Web_CSD_Number6
                0x00000d02       0x10 vem_03_05.o
                0x00000d02                Web_CSD_Number6
 .progmem.data.var_CSD_Number6
                0x00000d12        0x5 vem_03_05.o
                0x00000d12                var_CSD_Number6
 .progmem.data.Web_CSD_Number5
                0x00000d17       0x10 vem_03_05.o
                0x00000d17                Web_CSD_Number5
 .progmem.data.var_CSD_Number5
                0x00000d27        0x5 vem_03_05.o
                0x00000d27                var_CSD_Number5
 .progmem.data.Web_CSD_Number4
                0x00000d2c       0x10 vem_03_05.o
                0x00000d2c                Web_CSD_Number4
 .progmem.data.var_CSD_Number4
                0x00000d3c        0x5 vem_03_05.o
                0x00000d3c                var_CSD_Number4
 .progmem.data.Web_CSD_Number3
                0x00000d41       0x10 vem_03_05.o
                0x00000d41                Web_CSD_Number3
 .progmem.data.var_CSD_Number3
                0x00000d51        0x5 vem_03_05.o
                0x00000d51                var_CSD_Number3
 .progmem.data.Web_CSD_Number2
                0x00000d56       0x10 vem_03_05.o
                0x00000d56                Web_CSD_Number2
 .progmem.data.var_CSD_Number2
                0x00000d66        0x5 vem_03_05.o
                0x00000d66                var_CSD_Number2
 .progmem.data.Web_CSD_Number1
                0x00000d6b       0x10 vem_03_05.o
                0x00000d6b                Web_CSD_Number1
 .progmem.data.var_CSD_Number1
                0x00000d7b        0x5 vem_03_05.o
                0x00000d7b                var_CSD_Number1
 .progmem.data.Web_CSD_Number0
                0x00000d80       0x10 vem_03_05.o
                0x00000d80                Web_CSD_Number0
 .progmem.data.var_CSD_Number0
                0x00000d90        0x5 vem_03_05.o
                0x00000d90                var_CSD_Number0
 .progmem.data.Web_CLIP
                0x00000d95       0x10 vem_03_05.o
                0x00000d95                Web_CLIP
 .progmem.data.var_CLIP
                0x00000da5        0x7 vem_03_05.o
                0x00000da5                var_CLIP
 .progmem.data.csd_page
                0x00000dac      0x8c7 vem_03_05.o
                0x00000dac                csd_page
 .progmem.data.csd_IField
                0x00001673       0x60 vem_03_05.o
                0x00001673                csd_IField
 .progmem.data.name_csd
                0x000016d3        0x9 vem_03_05.o
                0x000016d3                name_csd
 .progmem.data.Web_gsm
                0x000016dc        0xd vem_03_05.o
                0x000016dc                Web_gsm
 .progmem.data.gsm_OField
                0x000016e9       0x1c vem_03_05.o
                0x000016e9                gsm_OField
 .progmem.data.Web_SMS_Number3
                0x00001705       0x10 vem_03_05.o
                0x00001705                Web_SMS_Number3
 .progmem.data.var_SMS_Number3
                0x00001715        0xc vem_03_05.o
                0x00001715                var_SMS_Number3
 .progmem.data.Web_SMS_Number2
                0x00001721       0x10 vem_03_05.o
                0x00001721                Web_SMS_Number2
 .progmem.data.var_SMS_Number2
                0x00001731        0xc vem_03_05.o
                0x00001731                var_SMS_Number2
 .progmem.data.Web_SMS_Number1
                0x0000173d       0x10 vem_03_05.o
                0x0000173d                Web_SMS_Number1
 .progmem.data.var_SMS_Number1
                0x0000174d        0xc vem_03_05.o
                0x0000174d                var_SMS_Number1
 .progmem.data.Web_SMS
                0x00001759       0x10 vem_03_05.o
                0x00001759                Web_SMS
 .progmem.data.var_SMS
                0x00001769        0x6 vem_03_05.o
                0x00001769                var_SMS
 .progmem.data.Web_GPRS_apn_psw
                0x0000176f       0x10 vem_03_05.o
                0x0000176f                Web_GPRS_apn_psw
 .progmem.data.var_GPRS_apn_psw
                0x0000177f        0xd vem_03_05.o
                0x0000177f                var_GPRS_apn_psw
 .progmem.data.Web_GPRS_apn_user_name
                0x0000178c       0x10 vem_03_05.o
                0x0000178c                Web_GPRS_apn_user_name
 .progmem.data.var_GPRS_apn_user_name
                0x0000179c       0x13 vem_03_05.o
                0x0000179c                var_GPRS_apn_user_name
 .progmem.data.Web_GPRS_apn1
                0x000017af       0x10 vem_03_05.o
                0x000017af                Web_GPRS_apn1
 .progmem.data.var_GPRS_apn1
                0x000017bf        0x9 vem_03_05.o
                0x000017bf                var_GPRS_apn1
 .progmem.data.gsm_page
                0x000017c8      0x4cf vem_03_05.o
                0x000017c8                gsm_page
 .progmem.data.gsm_IField
                0x00001c97       0x30 vem_03_05.o
                0x00001c97                gsm_IField
 .progmem.data.name_gsm
                0x00001cc7        0x9 vem_03_05.o
                0x00001cc7                name_gsm
 .progmem.data.Web_network
                0x00001cd0        0xd vem_03_05.o
                0x00001cd0                Web_network
 .progmem.data.network_OField
                0x00001cdd       0xa0 vem_03_05.o
                0x00001cdd                network_OField
 .progmem.data.Web_ResetGSM
                0x00001d7d       0x10 vem_03_05.o
                0x00001d7d                Web_ResetGSM
 .progmem.data.var_ResetGSM
                0x00001d8d        0x9 vem_03_05.o
                0x00001d8d                var_ResetGSM
 .progmem.data.Web_UDP3_Port
                0x00001d96       0x10 vem_03_05.o
                0x00001d96                Web_UDP3_Port
 .progmem.data.var_UDP3_Port
                0x00001da6        0xa vem_03_05.o
                0x00001da6                var_UDP3_Port
 .progmem.data.Web_UDP2_Port
                0x00001db0       0x10 vem_03_05.o
                0x00001db0                Web_UDP2_Port
 .progmem.data.var_UDP2_Port
                0x00001dc0        0xa vem_03_05.o
                0x00001dc0                var_UDP2_Port
 .progmem.data.Web_UDP1_Port
                0x00001dca       0x10 vem_03_05.o
                0x00001dca                Web_UDP1_Port
 .progmem.data.var_UDP1_Port
                0x00001dda        0xa vem_03_05.o
                0x00001dda                var_UDP1_Port
 .progmem.data.Web_UDP0_Port
                0x00001de4       0x10 vem_03_05.o
                0x00001de4                Web_UDP0_Port
 .progmem.data.var_UDP0_Port
                0x00001df4        0xa vem_03_05.o
                0x00001df4                var_UDP0_Port
 .progmem.data.Web_UDP3_IP4
                0x00001dfe       0x10 vem_03_05.o
                0x00001dfe                Web_UDP3_IP4
 .progmem.data.var_UDP3_IP4
                0x00001e0e        0x6 vem_03_05.o
                0x00001e0e                var_UDP3_IP4
 .progmem.data.Web_UDP3_IP3
                0x00001e14       0x10 vem_03_05.o
                0x00001e14                Web_UDP3_IP3
 .progmem.data.var_UDP3_IP3
                0x00001e24        0x6 vem_03_05.o
                0x00001e24                var_UDP3_IP3
 .progmem.data.Web_UDP3_IP2
                0x00001e2a       0x10 vem_03_05.o
                0x00001e2a                Web_UDP3_IP2
 .progmem.data.var_UDP3_IP2
                0x00001e3a        0x6 vem_03_05.o
                0x00001e3a                var_UDP3_IP2
 .progmem.data.Web_UDP3_IP1
                0x00001e40       0x10 vem_03_05.o
                0x00001e40                Web_UDP3_IP1
 .progmem.data.var_UDP3_IP1
                0x00001e50        0x6 vem_03_05.o
                0x00001e50                var_UDP3_IP1
 .progmem.data.Web_UDP2_IP4
                0x00001e56       0x10 vem_03_05.o
                0x00001e56                Web_UDP2_IP4
 .progmem.data.var_UDP2_IP4
                0x00001e66        0x6 vem_03_05.o
                0x00001e66                var_UDP2_IP4
 .progmem.data.Web_UDP2_IP3
                0x00001e6c       0x10 vem_03_05.o
                0x00001e6c                Web_UDP2_IP3
 .progmem.data.var_UDP2_IP3
                0x00001e7c        0x6 vem_03_05.o
                0x00001e7c                var_UDP2_IP3
 .progmem.data.Web_UDP2_IP2
                0x00001e82       0x10 vem_03_05.o
                0x00001e82                Web_UDP2_IP2
 .progmem.data.var_UDP2_IP2
                0x00001e92        0x6 vem_03_05.o
                0x00001e92                var_UDP2_IP2
 .progmem.data.Web_UDP2_IP1
                0x00001e98       0x10 vem_03_05.o
                0x00001e98                Web_UDP2_IP1
 .progmem.data.var_UDP2_IP1
                0x00001ea8        0x6 vem_03_05.o
                0x00001ea8                var_UDP2_IP1
 .progmem.data.Web_UDP1_IP4
                0x00001eae       0x10 vem_03_05.o
                0x00001eae                Web_UDP1_IP4
 .progmem.data.var_UDP1_IP4
                0x00001ebe        0x6 vem_03_05.o
                0x00001ebe                var_UDP1_IP4
 .progmem.data.Web_UDP1_IP3
                0x00001ec4       0x10 vem_03_05.o
                0x00001ec4                Web_UDP1_IP3
 .progmem.data.var_UDP1_IP3
                0x00001ed4        0x6 vem_03_05.o
                0x00001ed4                var_UDP1_IP3
 .progmem.data.Web_UDP1_IP2
                0x00001eda       0x10 vem_03_05.o
                0x00001eda                Web_UDP1_IP2
 .progmem.data.var_UDP1_IP2
                0x00001eea        0x6 vem_03_05.o
                0x00001eea                var_UDP1_IP2
 .progmem.data.Web_UDP1_IP1
                0x00001ef0       0x10 vem_03_05.o
                0x00001ef0                Web_UDP1_IP1
 .progmem.data.var_UDP1_IP1
                0x00001f00        0x6 vem_03_05.o
                0x00001f00                var_UDP1_IP1
 .progmem.data.Web_UDP0_IP4
                0x00001f06       0x10 vem_03_05.o
                0x00001f06                Web_UDP0_IP4
 .progmem.data.var_UDP0_IP4
                0x00001f16        0x6 vem_03_05.o
                0x00001f16                var_UDP0_IP4
 .progmem.data.Web_UDP0_IP3
                0x00001f1c       0x10 vem_03_05.o
                0x00001f1c                Web_UDP0_IP3
 .progmem.data.var_UDP0_IP3
                0x00001f2c        0x6 vem_03_05.o
                0x00001f2c                var_UDP0_IP3
 .progmem.data.Web_UDP0_IP2
                0x00001f32       0x10 vem_03_05.o
                0x00001f32                Web_UDP0_IP2
 .progmem.data.var_UDP0_IP2
                0x00001f42        0x6 vem_03_05.o
                0x00001f42                var_UDP0_IP2
 .progmem.data.Web_UDP0_IP1
                0x00001f48       0x10 vem_03_05.o
                0x00001f48                Web_UDP0_IP1
 .progmem.data.var_UDP0_IP1
                0x00001f58        0x6 vem_03_05.o
                0x00001f58                var_UDP0_IP1
 .progmem.data.Web_Cli3_IP4
                0x00001f5e       0x10 vem_03_05.o
                0x00001f5e                Web_Cli3_IP4
 .progmem.data.var_Cli3_IP4
                0x00001f6e        0x9 vem_03_05.o
                0x00001f6e                var_Cli3_IP4
 .progmem.data.Web_Cli3_IP3
                0x00001f77       0x10 vem_03_05.o
                0x00001f77                Web_Cli3_IP3
 .progmem.data.var_Cli3_IP3
                0x00001f87        0x9 vem_03_05.o
                0x00001f87                var_Cli3_IP3
 .progmem.data.Web_Cli3_IP2
                0x00001f90       0x10 vem_03_05.o
                0x00001f90                Web_Cli3_IP2
 .progmem.data.var_Cli3_IP2
                0x00001fa0        0x9 vem_03_05.o
                0x00001fa0                var_Cli3_IP2
 .progmem.data.Web_Cli3_IP1
                0x00001fa9       0x10 vem_03_05.o
                0x00001fa9                Web_Cli3_IP1
 .progmem.data.var_Cli3_IP1
                0x00001fb9        0x9 vem_03_05.o
                0x00001fb9                var_Cli3_IP1
 .progmem.data.Web_Cli2_IP4
                0x00001fc2       0x10 vem_03_05.o
                0x00001fc2                Web_Cli2_IP4
 .progmem.data.var_Cli2_IP4
                0x00001fd2        0x9 vem_03_05.o
                0x00001fd2                var_Cli2_IP4
 .progmem.data.Web_Cli2_IP3
                0x00001fdb       0x10 vem_03_05.o
                0x00001fdb                Web_Cli2_IP3
 .progmem.data.var_Cli2_IP3
                0x00001feb        0x9 vem_03_05.o
                0x00001feb                var_Cli2_IP3
 .progmem.data.Web_Cli2_IP2
                0x00001ff4       0x10 vem_03_05.o
                0x00001ff4                Web_Cli2_IP2
 .progmem.data.var_Cli2_IP2
                0x00002004        0x9 vem_03_05.o
                0x00002004                var_Cli2_IP2
 .progmem.data.Web_Cli2_IP1
                0x0000200d       0x10 vem_03_05.o
                0x0000200d                Web_Cli2_IP1
 .progmem.data.var_Cli2_IP1
                0x0000201d        0x9 vem_03_05.o
                0x0000201d                var_Cli2_IP1
 .progmem.data.Web_Cli1_IP4
                0x00002026       0x10 vem_03_05.o
                0x00002026                Web_Cli1_IP4
 .progmem.data.var_Cli1_IP4
                0x00002036        0x9 vem_03_05.o
                0x00002036                var_Cli1_IP4
 .progmem.data.Web_Cli1_IP3
                0x0000203f       0x10 vem_03_05.o
                0x0000203f                Web_Cli1_IP3
 .progmem.data.var_Cli1_IP3
                0x0000204f        0x9 vem_03_05.o
                0x0000204f                var_Cli1_IP3
 .progmem.data.Web_Cli1_IP2
                0x00002058       0x10 vem_03_05.o
                0x00002058                Web_Cli1_IP2
 .progmem.data.var_Cli1_IP2
                0x00002068        0x9 vem_03_05.o
                0x00002068                var_Cli1_IP2
 .progmem.data.Web_Cli1_IP1
                0x00002071       0x10 vem_03_05.o
                0x00002071                Web_Cli1_IP1
 .progmem.data.var_Cli1_IP1
                0x00002081        0x9 vem_03_05.o
                0x00002081                var_Cli1_IP1
 .progmem.data.Web_Cli0_IP4
                0x0000208a       0x10 vem_03_05.o
                0x0000208a                Web_Cli0_IP4
 .progmem.data.var_Cli0_IP4
                0x0000209a        0x9 vem_03_05.o
                0x0000209a                var_Cli0_IP4
 .progmem.data.Web_Cli0_IP3
                0x000020a3       0x10 vem_03_05.o
                0x000020a3                Web_Cli0_IP3
 .progmem.data.var_Cli0_IP3
                0x000020b3        0x9 vem_03_05.o
                0x000020b3                var_Cli0_IP3
 .progmem.data.Web_Cli0_IP2
                0x000020bc       0x10 vem_03_05.o
                0x000020bc                Web_Cli0_IP2
 .progmem.data.var_Cli0_IP2
                0x000020cc        0x9 vem_03_05.o
                0x000020cc                var_Cli0_IP2
 .progmem.data.Web_Cli0_IP1
                0x000020d5       0x10 vem_03_05.o
                0x000020d5                Web_Cli0_IP1
 .progmem.data.var_Cli0_IP1
                0x000020e5        0x9 vem_03_05.o
                0x000020e5                var_Cli0_IP1
 .progmem.data.Web_WebMaxSessionTime
                0x000020ee       0x10 vem_03_05.o
                0x000020ee                Web_WebMaxSessionTime
 .progmem.data.var_WebMaxSessionTime
                0x000020fe       0x12 vem_03_05.o
                0x000020fe                var_WebMaxSessionTime
 .progmem.data.Web_TCP_CONNECT_timeout
                0x00002110       0x10 vem_03_05.o
                0x00002110                Web_TCP_CONNECT_timeout
 .progmem.data.var_TCP_CONNECT_timeout
                0x00002120       0x14 vem_03_05.o
                0x00002120                var_TCP_CONNECT_timeout
 .progmem.data.Web_TCP_ListenPort
                0x00002134       0x10 vem_03_05.o
                0x00002134                Web_TCP_ListenPort
 .progmem.data.var_TCP_ListenPort
                0x00002144        0xf vem_03_05.o
                0x00002144                var_TCP_ListenPort
 .progmem.data.network_page
                0x00002153     0x104a vem_03_05.o
                0x00002153                network_page
 .progmem.data.network_IField
                0x0000319d      0x102 vem_03_05.o
                0x0000319d                network_IField
 .progmem.data.name_network
                0x0000329f        0xd vem_03_05.o
                0x0000329f                name_network
 .progmem.data.Web_name_access_error
                0x000032ac        0xd vem_03_05.o
                0x000032ac                Web_name_access_error
 .progmem.data.name_access_error_page
                0x000032b9      0x11a vem_03_05.o
                0x000032b9                name_access_error_page
 .progmem.data.name_access_error
                0x000033d3       0x12 vem_03_05.o
                0x000033d3                name_access_error
 .progmem.data.Web_favicon
                0x000033e5        0xd vem_03_05.o
                0x000033e5                Web_favicon
 .progmem.data.favicon
                0x000033f2      0x57e vem_03_05.o
                0x000033f2                favicon
 .progmem.data.name_favicon
                0x00003970        0xc vem_03_05.o
                0x00003970                name_favicon
 .progmem.data.Web_emeter
                0x0000397c        0xd vem_03_05.o
                0x0000397c                Web_emeter
 .progmem.data.emeter_OField
                0x00003989       0x1c vem_03_05.o
                0x00003989                emeter_OField
 .progmem.data.Web_CurrDataPeriod
                0x000039a5       0x10 vem_03_05.o
                0x000039a5                Web_CurrDataPeriod
 .progmem.data.var_CurrDataPeriod
                0x000039b5        0xf vem_03_05.o
                0x000039b5                var_CurrDataPeriod
 .progmem.data.Web_AutoSend
                0x000039c4       0x10 vem_03_05.o
                0x000039c4                Web_AutoSend
 .progmem.data.var_AutoSend
                0x000039d4        0x9 vem_03_05.o
                0x000039d4                var_AutoSend
 .progmem.data.Web_EM_UART_StopBits
                0x000039dd       0x10 vem_03_05.o
                0x000039dd                Web_EM_UART_StopBits
 .progmem.data.var_EM_UART_StopBits
                0x000039ed        0x9 vem_03_05.o
                0x000039ed                var_EM_UART_StopBits
 .progmem.data.Web_EM_UART_Parity
                0x000039f6       0x10 vem_03_05.o
                0x000039f6                Web_EM_UART_Parity
 .progmem.data.var_EM_UART_Parity
                0x00003a06        0x7 vem_03_05.o
                0x00003a06                var_EM_UART_Parity
 .progmem.data.Web_EM_UART_BitQt
                0x00003a0d       0x10 vem_03_05.o
                0x00003a0d                Web_EM_UART_BitQt
 .progmem.data.var_EM_UART_BitQt
                0x00003a1d        0x6 vem_03_05.o
                0x00003a1d                var_EM_UART_BitQt
 .progmem.data.Web_EM_UART_Rate
                0x00003a23       0x10 vem_03_05.o
                0x00003a23                Web_EM_UART_Rate
 .progmem.data.var_EM_UART_Rate
                0x00003a33        0x5 vem_03_05.o
                0x00003a33                var_EM_UART_Rate
 .progmem.data.Web_EMeterType
                0x00003a38       0x10 vem_03_05.o
                0x00003a38                Web_EMeterType
 .progmem.data.var_EMeterType
                0x00003a48        0xb vem_03_05.o
                0x00003a48                var_EMeterType
 .progmem.data.emeter_page
                0x00003a53      0x900 vem_03_05.o
                0x00003a53                emeter_page
 .progmem.data.emeter_IField
                0x00004353       0xcc vem_03_05.o
                0x00004353                emeter_IField
 .progmem.data.STB_2_List
                0x0000441f        0x4 vem_03_05.o
                0x0000441f                STB_2_List
 .progmem.data.STB_1_List
                0x00004423        0x4 vem_03_05.o
                0x00004423                STB_1_List
 .progmem.data.PAR_O_List
                0x00004427        0x6 vem_03_05.o
                0x00004427                PAR_O_List
 .progmem.data.PAR_E_List
                0x0000442d        0x6 vem_03_05.o
                0x0000442d                PAR_E_List
 .progmem.data.PAR_N_List
                0x00004433        0x6 vem_03_05.o
                0x00004433                PAR_N_List
 .progmem.data.BIT8_List
                0x00004439        0x8 vem_03_05.o
                0x00004439                BIT8_List
 .progmem.data.BIT7_List
                0x00004441        0x8 vem_03_05.o
                0x00004441                BIT7_List
 .progmem.data.BIT6_List
                0x00004449        0x8 vem_03_05.o
                0x00004449                BIT6_List
 .progmem.data.BIT5_List
                0x00004451        0x8 vem_03_05.o
                0x00004451                BIT5_List
 .progmem.data.BR57600_List
                0x00004459       0x12 vem_03_05.o
                0x00004459                BR57600_List
 .progmem.data.BR34800_List
                0x0000446b       0x12 vem_03_05.o
                0x0000446b                BR34800_List
 .progmem.data.BR28800_List
                0x0000447d       0x12 vem_03_05.o
                0x0000447d                BR28800_List
 .progmem.data.BR19200_List
                0x0000448f       0x12 vem_03_05.o
                0x0000448f                BR19200_List
 .progmem.data.BR14400_List
                0x000044a1       0x12 vem_03_05.o
                0x000044a1                BR14400_List
 .progmem.data.BR9600_List
                0x000044b3       0x12 vem_03_05.o
                0x000044b3                BR9600_List
 .progmem.data.BR4800_List
                0x000044c5       0x12 vem_03_05.o
                0x000044c5                BR4800_List
 .progmem.data.BR2400_List
                0x000044d7       0x12 vem_03_05.o
                0x000044d7                BR2400_List
 .progmem.data.BR1200_List
                0x000044e9       0x12 vem_03_05.o
                0x000044e9                BR1200_List
 .progmem.data.ELVIN_MODEM_List
                0x000044fb        0xa vem_03_05.o
                0x000044fb                ELVIN_MODEM_List
 .progmem.data.MERCURY_230_List
                0x00004505        0xa vem_03_05.o
                0x00004505                MERCURY_230_List
 .progmem.data.ELVIN_List
                0x0000450f        0xa vem_03_05.o
                0x0000450f                ELVIN_List
 .progmem.data.LANDIS_GYR_ZMR110_List
                0x00004519        0xa vem_03_05.o
                0x00004519                LANDIS_GYR_ZMR110_List
 .progmem.data.EM_NONE_List
                0x00004523        0xa vem_03_05.o
                0x00004523                EM_NONE_List
 .progmem.data.ON_List
                0x0000452d        0x4 vem_03_05.o
                0x0000452d                ON_List
 .progmem.data.OFF_List
                0x00004531        0x4 vem_03_05.o
                0x00004531                OFF_List
 .progmem.data.Selected_Str
                0x00004535        0x9 vem_03_05.o
                0x00004535                Selected_Str
 .progmem.data.Space_Str
                0x0000453e        0x9 vem_03_05.o
                0x0000453e                Space_Str
 .progmem.data.name_emeter
                0x00004547        0xc vem_03_05.o
                0x00004547                name_emeter
 .progmem.data.Web_index
                0x00004553        0xd vem_03_05.o
                0x00004553                Web_index
 .progmem.data.index_page
                0x00004560      0x2ea vem_03_05.o
                0x00004560                index_page
 .progmem.data.index_IField
                0x0000484a       0x3c vem_03_05.o
                0x0000484a                index_IField
 .progmem.data.name_index
                0x00004886        0xb vem_03_05.o
                0x00004886                name_index
 .progmem.data.Web_login
                0x00004891        0xd vem_03_05.o
                0x00004891                Web_login
 .progmem.data.vars_loginOField
                0x0000489e        0x8 vem_03_05.o
                0x0000489e                vars_loginOField
 .progmem.data.Web_PasswOF
                0x000048a6       0x10 vem_03_05.o
                0x000048a6                Web_PasswOF
 .progmem.data.vars_Passw
                0x000048b6        0x9 vem_03_05.o
                0x000048b6                vars_Passw
 .progmem.data.Web_LoginOF
                0x000048bf       0x10 vem_03_05.o
                0x000048bf                Web_LoginOF
 .progmem.data.vars_Login
                0x000048cf        0x6 vem_03_05.o
                0x000048cf                vars_Login
 .progmem.data.login_page
                0x000048d5      0x1e3 vem_03_05.o
                0x000048d5                login_page
 .progmem.data.login_InField
                0x00004ab8       0x18 vem_03_05.o
                0x00004ab8                login_InField
 .progmem.data.Web_LoginMsg_List
                0x00004ad0        0x8 vem_03_05.o
                0x00004ad0                Web_LoginMsg_List
 .progmem.data.Login_PSW_Str
                0x00004ad8       0x32 vem_03_05.o
                0x00004ad8                Login_PSW_Str
 .progmem.data.Login_Login_Str
                0x00004b0a       0x32 vem_03_05.o
                0x00004b0a                Login_Login_Str
 .progmem.data.Login_Busy_Str
                0x00004b3c       0x32 vem_03_05.o
                0x00004b3c                Login_Busy_Str
 .progmem.data.Login_Welcome_Str
                0x00004b6e       0x32 vem_03_05.o
                0x00004b6e                Login_Welcome_Str
 .progmem.data.name_login
                0x00004ba0        0xb vem_03_05.o
                0x00004ba0                name_login
 .progmem.data.METHOD_POST
                0x00004bab        0x7 vem_03_05.o
                0x00004bab                METHOD_POST
 .progmem.data.METHOD_GET
                0x00004bb2        0x6 vem_03_05.o
                0x00004bb2                METHOD_GET
 .progmem.data.Web_error_page
                0x00004bb8        0xd vem_03_05.o
                0x00004bb8                Web_error_page
 .progmem.data.error_page
                0x00004bc5       0x75 vem_03_05.o
                0x00004bc5                error_page
 .progmem.data.SESSID_pstr
                0x00004c3a        0x9 vem_03_05.o
                0x00004c3a                SESSID_pstr
 .progmem.data.inputSESSID_Str
                0x00004c43       0x2b vem_03_05.o
                0x00004c43                inputSESSID_Str
 .progmem.data.Connection_Close
                0x00004c6e       0x16 vem_03_05.o
                0x00004c6e                Connection_Close
 .progmem.data.jpeg_str
                0x00004c84        0x5 vem_03_05.o
                0x00004c84                jpeg_str
 .progmem.data.gif_str
                0x00004c89        0x4 vem_03_05.o
                0x00004c89                gif_str
 .progmem.data.ico_str
                0x00004c8d        0x4 vem_03_05.o
                0x00004c8d                ico_str
 .progmem.data.html_str
                0x00004c91        0x5 vem_03_05.o
                0x00004c91                html_str
 .progmem.data.image_str
                0x00004c96        0x7 vem_03_05.o
                0x00004c96                image_str
 .progmem.data.html_cp1251_str
                0x00004c9d       0x22 vem_03_05.o
                0x00004c9d                html_cp1251_str
 .progmem.data.Content_Length
                0x00004cbf       0x13 vem_03_05.o
                0x00004cbf                Content_Length
 .progmem.data.Content_Type
                0x00004cd2        0xf vem_03_05.o
                0x00004cd2                Content_Type
 .progmem.data.HTTP_200_OK
                0x00004ce1       0x12 vem_03_05.o
                0x00004ce1                HTTP_200_OK
 .progmem.data.MsgErr41
                0x00004cf3        0x1 vem_03_05.o
                0x00004cf3                MsgErr41
 .progmem.data.TestMsg_str
                0x00004cf4       0x13 vem_03_05.o
                0x00004cf4                TestMsg_str
 .progmem.data.MB_Master_List
                0x00004d07        0x3 vem_03_05.o
                0x00004d07                MB_Master_List
 .progmem.data.DO_M
                0x00004d0a        0xf vem_03_05.o
 .progmem.data.DI_M
                0x00004d19       0x20 vem_03_05.o
 .progmem.data.AT_ATH
                0x00004d39        0x4 vem_03_05.o
                0x00004d39                AT_ATH
 .progmem.data.AT_ATA
                0x00004d3d        0x4 vem_03_05.o
                0x00004d3d                AT_ATA
 .progmem.data.AT_CSQ
                0x00004d41        0x7 vem_03_05.o
                0x00004d41                AT_CSQ
 .progmem.data.AT_CGATT_0
                0x00004d48        0xb vem_03_05.o
                0x00004d48                AT_CGATT_0
 .progmem.data.AT_CIPSHUT
                0x00004d53        0xb vem_03_05.o
                0x00004d53                AT_CIPSHUT
 .progmem.data.AT_CIPCLOSE
                0x00004d5e        0xe vem_03_05.o
                0x00004d5e                AT_CIPCLOSE
 .progmem.data.AT_CIPCLOSE_1
                0x00004d6c       0x10 vem_03_05.o
                0x00004d6c                AT_CIPCLOSE_1
 .progmem.data.AT_CIPSEND
                0x00004d7c        0xc vem_03_05.o
                0x00004d7c                AT_CIPSEND
 .progmem.data.AT_ATO
                0x00004d88        0x4 vem_03_05.o
                0x00004d88                AT_ATO
 .progmem.data.AT_CIPSTATUS
                0x00004d8c        0xd vem_03_05.o
                0x00004d8c                AT_CIPSTATUS
 .progmem.data.AT_SERVERCLOSE
                0x00004d99        0xf vem_03_05.o
                0x00004d99                AT_SERVERCLOSE
 .progmem.data.AT_CIPSERVER
                0x00004da8       0x10 vem_03_05.o
                0x00004da8                AT_CIPSERVER
 .progmem.data.AT_CIPSTART_TCP
                0x00004db8       0x13 vem_03_05.o
                0x00004db8                AT_CIPSTART_TCP
 .progmem.data.AT_CIPSTART
                0x00004dcb       0x15 vem_03_05.o
                0x00004dcb                AT_CIPSTART
 .progmem.data.AT_CIFSR
                0x00004de0        0x9 vem_03_05.o
                0x00004de0                AT_CIFSR
 .progmem.data.AT_CIICR
                0x00004de9        0x9 vem_03_05.o
                0x00004de9                AT_CIICR
 .progmem.data.AT_CSTT
                0x00004df2        0x8 vem_03_05.o
                0x00004df2                AT_CSTT
 .progmem.data.AT_CIPCSGP
                0x00004dfa        0xf vem_03_05.o
                0x00004dfa                AT_CIPCSGP
 .progmem.data.AT_CGATT
                0x00004e09        0xb vem_03_05.o
                0x00004e09                AT_CGATT
 .progmem.data.AT_CIPTKA
                0x00004e14       0x14 vem_03_05.o
                0x00004e14                AT_CIPTKA
 .progmem.data.AT_CIPMUX_0
                0x00004e28        0xc vem_03_05.o
                0x00004e28                AT_CIPMUX_0
 .progmem.data.AT_CIPMODE_1
                0x00004e34        0xd vem_03_05.o
                0x00004e34                AT_CIPMODE_1
 .progmem.data.AT_CMGS
                0x00004e41        0xb vem_03_05.o
                0x00004e41                AT_CMGS
 .progmem.data.AT_CSMP
                0x00004e4c       0x13 vem_03_05.o
                0x00004e4c                AT_CSMP
 .progmem.data.AT_CMGF
                0x00004e5f        0xa vem_03_05.o
                0x00004e5f                AT_CMGF
 .progmem.data.AT_CLIP
                0x00004e69        0xa vem_03_05.o
                0x00004e69                AT_CLIP
 .progmem.data.AT_CGMM
                0x00004e73        0x8 vem_03_05.o
                0x00004e73                AT_CGMM
 .progmem.data.AT_E0
                0x00004e7b        0x5 vem_03_05.o
                0x00004e7b                AT_E0
 .progmem.data.AT_W
                0x00004e80        0x5 vem_03_05.o
                0x00004e80                AT_W
 .progmem.data.AT_IPR9600
                0x00004e85        0xc vem_03_05.o
                0x00004e85                AT_IPR9600
 .progmem.data.AT_AT
                0x00004e91        0x3 vem_03_05.o
                0x00004e91                AT_AT
 .progmem.data.ESC_SEQ
                0x00004e94        0x4 vem_03_05.o
                0x00004e94                ESC_SEQ
 .progmem.data.RESP_STATE_CONNECT_OK
                0x00004e98       0x12 vem_03_05.o
                0x00004e98                RESP_STATE_CONNECT_OK
 .progmem.data.RESP_CONNECT_9600
                0x00004eaa        0xd vem_03_05.o
                0x00004eaa                RESP_CONNECT_9600
 .progmem.data.RESP_SHUT_OK
                0x00004eb7        0x8 vem_03_05.o
                0x00004eb7                RESP_SHUT_OK
 .progmem.data.RESP_CSQ
                0x00004ebf        0x6 vem_03_05.o
                0x00004ebf                RESP_CSQ
 .progmem.data.RESP_CLOSE_OK_FAST
                0x00004ec5        0xc vem_03_05.o
                0x00004ec5                RESP_CLOSE_OK_FAST
 .progmem.data.RESP_CLOSE_OK
                0x00004ed1        0x9 vem_03_05.o
                0x00004ed1                RESP_CLOSE_OK
 .progmem.data.RESP_SEND_OK
                0x00004eda        0xb vem_03_05.o
                0x00004eda                RESP_SEND_OK
 .progmem.data.RESP_SERVER_CLOSE
                0x00004ee5        0xd vem_03_05.o
                0x00004ee5                RESP_SERVER_CLOSE
 .progmem.data.RESP_SERVER_OK
                0x00004ef2        0xa vem_03_05.o
                0x00004ef2                RESP_SERVER_OK
 .progmem.data.RESP_CONNECT_OK
                0x00004efc        0xe vem_03_05.o
                0x00004efc                RESP_CONNECT_OK
 .progmem.data.RESP_CONNECT
                0x00004f0a        0x8 vem_03_05.o
                0x00004f0a                RESP_CONNECT
 .progmem.data.RESP_OK
                0x00004f12        0x3 vem_03_05.o
                0x00004f12                RESP_OK
 .progmem.data.URC_NO_CARRIER
                0x00004f15        0xb vem_03_05.o
                0x00004f15                URC_NO_CARRIER
 .progmem.data.URC_RING
                0x00004f20        0x5 vem_03_05.o
                0x00004f20                URC_RING
 .progmem.data.URC_PDPDEACT
                0x00004f25        0xb vem_03_05.o
                0x00004f25                URC_PDPDEACT
 .progmem.data.URC_CLOSED
                0x00004f30        0x9 vem_03_05.o
                0x00004f30                URC_CLOSED
 .progmem.data.URC_RECEIVE
                0x00004f39        0xa vem_03_05.o
                0x00004f39                URC_RECEIVE
 .progmem.data.URC_CONNECT
                0x00004f43        0x8 vem_03_05.o
                0x00004f43                URC_CONNECT
 .progmem.data.URC_REMOTE_IP
                0x00004f4b        0xa vem_03_05.o
                0x00004f4b                URC_REMOTE_IP
 .progmem.data.URC_SMS_READY
                0x00004f55        0xa vem_03_05.o
                0x00004f55                URC_SMS_READY
 .progmem.data.URC_CALL_READY
                0x00004f5f        0xb vem_03_05.o
                0x00004f5f                URC_CALL_READY
 .progmem.data.URC_RDY
                0x00004f6a        0x4 vem_03_05.o
                0x00004f6a                URC_RDY
 .progmem.data.GSM_SIMCOM_SIM800
                0x00004f6e        0xe vem_03_05.o
                0x00004f6e                GSM_SIMCOM_SIM800
 .progmem.data.GSM_SIMCOM_SIM900R
                0x00004f7c        0xf vem_03_05.o
                0x00004f7c                GSM_SIMCOM_SIM900R
 .progmem.data.MB_Timer
                0x00004f8b        0xc vem_03_05.o
 .progmem.data.MB_Port
                0x00004f97       0x14 vem_03_05.o
 .progmem.data.BR_Tbl
                0x00004fab       0x1b vem_03_05.o
                0x00004fab                BR_Tbl
 .progmem.data.Modbus_Map
                0x00004fc6       0x10 vem_03_05.o
                0x00004fc6                Modbus_Map
 .progmem.data.MB_Role
                0x00004fd6        0x1 vem_03_05.o
 .progmem.data  0x00004fd7        0xc c:/program files (x86)/atmel/atmel toolchain/avr8 gcc/native/3.4.1061/avr8-gnu-toolchain/bin/../lib/gcc/avr/4.8.1/../../../../avr/lib/avr51\libc.a(vfscanf_std.o)
                0x00004fe4                . = ALIGN (0x2)
 *fill*         0x00004fe3        0x1 
 *(.jumptables)
 *(.jumptables*)
 *(.lowtext)
 *(.lowtext*)
                0x00004fe4                __ctors_start = .
 *(.ctors)
                0x00004fe4                __ctors_end = .
                0x00004fe4                __dtors_start = .
 *(.dtors)
                0x00004fe4                __dtors_end = .
 SORT(*)(.ctors)
 SORT(*)(.dtors)
 *(.init0)
 .init0         0x00004fe4        0x0 c:/program files (x86)/atmel/atmel toolchain/avr8 gcc/native/3.4.1061/avr8-gnu-toolchain/bin/../lib/gcc/avr/4.8.1/../../../../avr/lib/avr51/crtm128.o
                0x00004fe4                __init
 *(.init0)
 *(.init1)
 *(.init1)
 *(.init2)
 .init2         0x00004fe4        0xc c:/program files (x86)/atmel/atmel toolchain/avr8 gcc/native/3.4.1061/avr8-gnu-toolchain/bin/../lib/gcc/avr/4.8.1/../../../../avr/lib/avr51/crtm128.o
 *(.init2)
 *(.init3)
 *(.init3)
 *(.init4)
 .init4         0x00004ff0       0x1a c:/program files (x86)/atmel/atmel toolchain/avr8 gcc/native/3.4.1061/avr8-gnu-toolchain/bin/../lib/gcc/avr/4.8.1/avr51\libgcc.a(_copy_data.o)
                0x00004ff0                __do_copy_data
 .init4         0x0000500a       0x10 c:/program files (x86)/atmel/atmel toolchain/avr8 gcc/native/3.4.1061/avr8-gnu-toolchain/bin/../lib/gcc/avr/4.8.1/avr51\libgcc.a(_clear_bss.o)
                0x0000500a                __do_clear_bss
 *(.init4)
 *(.init5)
 *(.init5)
 *(.init6)
 *(.init6)
 *(.init7)
 *(.init7)
 *(.init8)
 *(.init8)
 *(.init9)
 .init9         0x0000501a        0x8 c:/program files (x86)/atmel/atmel toolchain/avr8 gcc/native/3.4.1061/avr8-gnu-toolchain/bin/../lib/gcc/avr/4.8.1/../../../../avr/lib/avr51/crtm128.o
 *(.init9)
 *(.text)
 .text          0x00005022        0x4 c:/program files (x86)/atmel/atmel toolchain/avr8 gcc/native/3.4.1061/avr8-gnu-toolchain/bin/../lib/gcc/avr/4.8.1/../../../../avr/lib/avr51/crtm128.o
                0x00005022                __vector_22
                0x00005022                __vector_28
                0x00005022                __vector_1
                0x00005022                __vector_34
                0x00005022                __vector_24
                0x00005022                __bad_interrupt
                0x00005022                __vector_6
                0x00005022                __vector_3
                0x00005022                __vector_23
                0x00005022                __vector_25
                0x00005022                __vector_11
                0x00005022                __vector_13
                0x00005022                __vector_17
                0x00005022                __vector_7
                0x00005022                __vector_27
                0x00005022                __vector_5
                0x00005022                __vector_33
                0x00005022                __vector_4
                0x00005022                __vector_2
                0x00005022                __vector_21
                0x00005022                __vector_29
                0x00005022                __vector_8
                0x00005022                __vector_26
                0x00005022                __vector_14
                0x00005022                __vector_10
                0x00005022                __vector_16
                0x00005026                . = ALIGN (0x2)
 *(.text.*)
 .text.rrb      0x00005026        0x6 vem_03_05.o
                0x00005026                rrb
 .text.prb      0x0000502c        0x6 vem_03_05.o
                0x0000502c                prb
 .text.prb_f    0x00005032        0xe vem_03_05.o
                0x00005032                prb_f
 .text.RS485_1  0x00005040        0xa vem_03_05.o
                0x00005040                RS485_1
 .text.MB_LED1  0x0000504a        0x2 vem_03_05.o
                0x0000504a                MB_LED1
 .text.MB_LED_Err_On_1
                0x0000504c        0x2 vem_03_05.o
                0x0000504c                MB_LED_Err_On_1
 .text.MB_LED_Err_Off_1
                0x0000504e        0x2 vem_03_05.o
                0x0000504e                MB_LED_Err_Off_1
 .text.StartTimer0
                0x00005050        0xc vem_03_05.o
                0x00005050                StartTimer0
 .text.StartTimer2
                0x0000505c        0xc vem_03_05.o
                0x0000505c                StartTimer2
 .text.MB_Timer_ISR
                0x00005068       0x8e vem_03_05.o
 .text.MBRecept
                0x000050f6       0x84 vem_03_05.o
 .text.GetSlave
                0x0000517a       0x2a vem_03_05.o
 .text.DI_Init_Hard
                0x000051a4       0x42 vem_03_05.o
 .text.Reboot   0x000051e6        0x4 vem_03_05.o
                0x000051e6                Reboot
 .text.ResetGSMState
                0x000051ea        0x8 vem_03_05.o
                0x000051ea                ResetGSMState
 .text.Start_Updater
                0x000051f2        0x8 vem_03_05.o
                0x000051f2                Start_Updater
 .text.Web_Login_Request
                0x000051fa        0x8 vem_03_05.o
                0x000051fa                Web_Login_Request
 .text.erb      0x00005202        0x4 vem_03_05.o
                0x00005202                erb
 .text.GetReg   0x00005206       0x76 vem_03_05.o
 .text.prd      0x0000527c        0xc vem_03_05.o
                0x0000527c                prd
 .text.CRC_Seed
                0x00005288       0x9a vem_03_05.o
                0x00005288                CRC_Seed
 .text.CRC      0x00005322       0x12 vem_03_05.o
                0x00005322                CRC
 .text.CRC_EEPROM_calc
                0x00005334       0x38 vem_03_05.o
 .text.CRC_EEPROM_upd
                0x0000536c       0x18 vem_03_05.o
 .text.ewb      0x00005384        0x8 vem_03_05.o
                0x00005384                ewb
 .text.Start_Bootloader
                0x0000538c        0xe vem_03_05.o
                0x0000538c                Start_Bootloader
 .text.eww      0x0000539a        0x8 vem_03_05.o
                0x0000539a                eww
 .text.ewd      0x000053a2        0x8 vem_03_05.o
                0x000053a2                ewd
 .text.ewbl     0x000053aa        0x8 vem_03_05.o
                0x000053aa                ewbl
 .text.CRC_Flash_calc
                0x000053b2       0x34 vem_03_05.o
 .text.MemCheckInit
                0x000053e6       0x34 vem_03_05.o
                0x000053e6                MemCheckInit
 .text.IntOff   0x0000541a       0x10 vem_03_05.o
                0x0000541a                IntOff
 .text.IntOn    0x0000542a       0x10 vem_03_05.o
                0x0000542a                IntOn
 .text.Modbus_ReadHoldReg
                0x0000543a       0xd0 vem_03_05.o
                0x0000543a                Modbus_ReadHoldReg
 .text.WdtOn    0x0000550a       0x16 vem_03_05.o
                0x0000550a                WdtOn
 .text.Timer16Alloc
                0x00005520        0xe vem_03_05.o
                0x00005520                Timer16Alloc
 .text.Timer32Alloc
                0x0000552e        0xe vem_03_05.o
                0x0000552e                Timer32Alloc
 .text.StartTimer8
                0x0000553c       0x5c vem_03_05.o
                0x0000553c                StartTimer8
 .text.StartTimer16
                0x00005598       0x58 vem_03_05.o
                0x00005598                StartTimer16
 .text.SlavesOn
                0x000055f0       0x36 vem_03_05.o
 .text.NextSlave
                0x00005626      0x124 vem_03_05.o
 .text.FailSlave
                0x0000574a       0xd0 vem_03_05.o
 .text.StartTimer32
                0x0000581a       0x7e vem_03_05.o
                0x0000581a                StartTimer32
 .text.Timer8Stopp
                0x00005898       0x36 vem_03_05.o
                0x00005898                Timer8Stopp
 .text.Timer16Stopp
                0x000058ce       0x4e vem_03_05.o
                0x000058ce                Timer16Stopp
 .text.Timer32Stopp
                0x0000591c       0x56 vem_03_05.o
                0x0000591c                Timer32Stopp
 .text.ResetTimer16
                0x00005972       0x42 vem_03_05.o
                0x00005972                ResetTimer16
 .text.OnTimeSave
                0x000059b4       0x1c vem_03_05.o
                0x000059b4                OnTimeSave
 .text.TimeInit
                0x000059d0       0x7c vem_03_05.o
                0x000059d0                TimeInit
 .text.ScanCycleInit
                0x00005a4c       0x16 vem_03_05.o
                0x00005a4c                ScanCycleInit
 .text.__vector_12
                0x00005a62       0x96 vem_03_05.o
                0x00005a62                __vector_12
 .text.TimersInc
                0x00005af8      0x1f8 vem_03_05.o
                0x00005af8                TimersInc
 .text.TimeCycle
                0x00005cf0       0x3a vem_03_05.o
                0x00005cf0                TimeCycle
 .text.Delay_us
                0x00005d2a       0x30 vem_03_05.o
                0x00005d2a                Delay_us
 .text.MB_PLC_Init
                0x00005d5a        0x6 vem_03_05.o
                0x00005d5a                MB_PLC_Init
 .text.OW_MasterPullLowBus
                0x00005d60       0x1a vem_03_05.o
                0x00005d60                OW_MasterPullLowBus
 .text.OW_MasterReleaseBus
                0x00005d7a       0x1a vem_03_05.o
                0x00005d7a                OW_MasterReleaseBus
 .text.GSM_PWRCNTRL_Config
                0x00005d94        0x8 vem_03_05.o
                0x00005d94                GSM_PWRCNTRL_Config
 .text.GSM_PWRCNTRL_OFF
                0x00005d9c        0x8 vem_03_05.o
                0x00005d9c                GSM_PWRCNTRL_OFF
 .text.GSM_PWRCNTRL_ON
                0x00005da4        0x8 vem_03_05.o
                0x00005da4                GSM_PWRCNTRL_ON
 .text.CTS_Config
                0x00005dac        0x4 vem_03_05.o
                0x00005dac                CTS_Config
 .text.CTS_OFF  0x00005db0        0x4 vem_03_05.o
                0x00005db0                CTS_OFF
 .text.RTS_Config
                0x00005db4        0x6 vem_03_05.o
                0x00005db4                RTS_Config
 .text.__vector_15
                0x00005dba       0x60 vem_03_05.o
                0x00005dba                __vector_15
 .text.__vector_9
                0x00005e1a       0x60 vem_03_05.o
                0x00005e1a                __vector_9
 .text.SetParity
                0x00005e7a       0x86 vem_03_05.o
                0x00005e7a                SetParity
 .text.SetBAUD  0x00005f00       0x86 vem_03_05.o
                0x00005f00                SetBAUD
 .text.MB_Transm
                0x00005f86       0x84 vem_03_05.o
                0x00005f86                MB_Transm
 .text.Modbus_RX
                0x0000600a       0xbe vem_03_05.o
                0x0000600a                Modbus_RX
 .text.CommErr  0x000060c8       0xc2 vem_03_05.o
                0x000060c8                CommErr
 .text.SetCRC_MB
                0x0000618a       0x38 vem_03_05.o
                0x0000618a                SetCRC_MB
 .text.FormData
                0x000061c2      0x1de vem_03_05.o
 .text.FormQuery
                0x000063a0       0x94 vem_03_05.o
 .text.FormSingle
                0x00006434       0x54 vem_03_05.o
 .text.MB_FrameReg
                0x00006488       0x28 vem_03_05.o
                0x00006488                MB_FrameReg
 .text.MB_S_Timer_ISR
                0x000064b0      0x5ce vem_03_05.o
                0x000064b0                MB_S_Timer_ISR
 .text.MB_S_Tx  0x00006a7e       0x16 vem_03_05.o
                0x00006a7e                MB_S_Tx
 .text.MB_S_Init
                0x00006a94       0x1e vem_03_05.o
                0x00006a94                MB_S_Init
 .text.MB_M_Init
                0x00006ab2       0x7a vem_03_05.o
                0x00006ab2                MB_M_Init
 .text.MB_Init  0x00006b2c       0x54 vem_03_05.o
                0x00006b2c                MB_Init
 .text.MB_M_Timer_ISR
                0x00006b80      0x560 vem_03_05.o
                0x00006b80                MB_M_Timer_ISR
 .text.MB_M_Tx  0x000070e0       0x16 vem_03_05.o
                0x000070e0                MB_M_Tx
 .text.Modbus_TX
                0x000070f6      0x170 vem_03_05.o
                0x000070f6                Modbus_TX
 .text.MB_M_Cycle
                0x00007266       0xd2 vem_03_05.o
                0x00007266                MB_M_Cycle
 .text.MB_Cycle
                0x00007338       0x44 vem_03_05.o
                0x00007338                MB_Cycle
 .text.IP_compare_Const
                0x0000737c       0x22 vem_03_05.o
                0x0000737c                IP_compare_Const
 .text.IP_E_compare_Const
                0x0000739e       0x60 vem_03_05.o
                0x0000739e                IP_E_compare_Const
 .text.InitFIFO
                0x000073fe       0x10 vem_03_05.o
                0x000073fe                InitFIFO
 .text.GetByteFromFIFO
                0x0000740e       0xbe vem_03_05.o
                0x0000740e                GetByteFromFIFO
 .text.GetStringFromFIFO
                0x000074cc       0x5e vem_03_05.o
                0x000074cc                GetStringFromFIFO
 .text.ForceEndStringFromFIFO
                0x0000752a       0x24 vem_03_05.o
                0x0000752a                ForceEndStringFromFIFO
 .text.GetDataFromFIFO
                0x0000754e       0x36 vem_03_05.o
                0x0000754e                GetDataFromFIFO
 .text.strcpy_EE
                0x00007584       0x44 vem_03_05.o
                0x00007584                strcpy_EE
 .text.GSM_Init
                0x000075c8       0x6a vem_03_05.o
                0x000075c8                GSM_Init
 .text.GSM_Wait_Response
                0x00007632       0x16 vem_03_05.o
                0x00007632                GSM_Wait_Response
 .text.GSM_Wait_Response_P
                0x00007648       0x52 vem_03_05.o
                0x00007648                GSM_Wait_Response_P
 .text.GSM_Wait_Char
                0x0000769a       0x42 vem_03_05.o
                0x0000769a                GSM_Wait_Char
 .text.GSM_TX   0x000076dc       0x18 vem_03_05.o
                0x000076dc                GSM_TX
 .text.__vector_20
                0x000076f4       0x56 vem_03_05.o
                0x000076f4                __vector_20
 .text.DI_State
                0x0000774a       0x24 vem_03_05.o
                0x0000774a                DI_State
 .text.DI_Status
                0x0000776e       0x24 vem_03_05.o
                0x0000776e                DI_Status
 .text.DigitIn  0x00007792       0x96 vem_03_05.o
                0x00007792                DigitIn
 .text.SetDigOut
                0x00007828       0x24 vem_03_05.o
                0x00007828                SetDigOut
 .text.ResDigOut
                0x0000784c       0x26 vem_03_05.o
                0x0000784c                ResDigOut
 .text.DigitOut
                0x00007872       0x66 vem_03_05.o
                0x00007872                DigitOut
 .text.DO_Init  0x000078d8       0x28 vem_03_05.o
                0x000078d8                DO_Init
 .text.Pow10    0x00007900       0x1c vem_03_05.o
                0x00007900                Pow10
 .text.PowL10   0x0000791c       0x1e vem_03_05.o
                0x0000791c                PowL10
 .text.OW_MasterTx_Command
                0x0000793a       0x76 vem_03_05.o
                0x0000793a                OW_MasterTx_Command
 .text.OW_MasterRx_Data
                0x000079b0       0x72 vem_03_05.o
                0x000079b0                OW_MasterRx_Data
 .text.OneWire_Init
                0x00007a22       0x18 vem_03_05.o
                0x00007a22                OneWire_Init
 .text.OneWireStartADC
                0x00007a3a       0xb6 vem_03_05.o
                0x00007a3a                OneWireStartADC
 .text.OneWireReadTemp
                0x00007af0      0x1a8 vem_03_05.o
                0x00007af0                OneWireReadTemp
 .text.DS18B20  0x00007c98       0x52 vem_03_05.o
                0x00007c98                DS18B20
 .text.PutEnum  0x00007cea       0x4c vem_03_05.o
                0x00007cea                PutEnum
 .text.PutVal   0x00007d36       0xf6 vem_03_05.o
                0x00007d36                PutVal
 .text.Put_sVal
                0x00007e2c      0x154 vem_03_05.o
                0x00007e2c                Put_sVal
 .text.Put_zVal
                0x00007f80       0xf6 vem_03_05.o
                0x00007f80                Put_zVal
 .text.Put_zVal_h
                0x00008076       0x6c vem_03_05.o
                0x00008076                Put_zVal_h
 .text.PutDVal  0x000080e2      0x126 vem_03_05.o
                0x000080e2                PutDVal
 .text.Put_sDVal
                0x00008208      0x1f0 vem_03_05.o
                0x00008208                Put_sDVal
 .text.Put_zDVal
                0x000083f8      0x126 vem_03_05.o
                0x000083f8                Put_zDVal
 .text.Put_FFVal
                0x0000851e       0x7c vem_03_05.o
                0x0000851e                Put_FFVal
 .text.Put_GFVal
                0x0000859a       0xa6 vem_03_05.o
                0x0000859a                Put_GFVal
 .text.Put_TextValAlignLeft
                0x00008640       0x86 vem_03_05.o
                0x00008640                Put_TextValAlignLeft
 .text.HideMsg  0x000086c6       0x1c vem_03_05.o
                0x000086c6                HideMsg
 .text.WebInit  0x000086e2       0x66 vem_03_05.o
                0x000086e2                WebInit
 .text.WebPresicionHanler
                0x00008748       0x7a vem_03_05.o
                0x00008748                WebPresicionHanler
 .text.WebBuf2Field
                0x000087c2      0x6e4 vem_03_05.o
 .text.strcmp_PP
                0x00008ea6       0x3c vem_03_05.o
                0x00008ea6                strcmp_PP
 .text.strcmp_E
                0x00008ee2       0x48 vem_03_05.o
                0x00008ee2                strcmp_E
 .text.SeekTagFORM
                0x00008f2a       0x78 vem_03_05.o
                0x00008f2a                SeekTagFORM
 .text.SeekTagA_HREF
                0x00008fa2       0x78 vem_03_05.o
                0x00008fa2                SeekTagA_HREF
 .text.SeekTagIMG_SRC
                0x0000901a       0x82 vem_03_05.o
                0x0000901a                SeekTagIMG_SRC
 .text.Web_Login_Error
                0x0000909c      0x116 vem_03_05.o
                0x0000909c                Web_Login_Error
 .text.WebRequest
                0x000091b2      0x418 vem_03_05.o
                0x000091b2                WebRequest
 .text.EM_InitFIFO
                0x000095ca       0x18 vem_03_05.o
                0x000095ca                EM_InitFIFO
 .text.EM_SetUARTParam
                0x000095e2       0xe6 vem_03_05.o
                0x000095e2                EM_SetUARTParam
 .text.ApplyUARTParam
                0x000096c8       0x58 vem_03_05.o
                0x000096c8                ApplyUARTParam
 .text.ChangeUARTParam
                0x00009720       0x44 vem_03_05.o
                0x00009720                ChangeUARTParam
 .text.EMeter_ReInit
                0x00009764       0x4e vem_03_05.o
                0x00009764                EMeter_ReInit
 .text.GSM_CloseTransparent
                0x000097b2       0x20 vem_03_05.o
                0x000097b2                GSM_CloseTransparent
 .text.EMeter_Init
                0x000097d2       0x3a vem_03_05.o
                0x000097d2                EMeter_Init
 .text.USART_Init
                0x0000980c       0x48 vem_03_05.o
                0x0000980c                USART_Init
 .text.EMeter_RX
                0x00009854       0x74 vem_03_05.o
                0x00009854                EMeter_RX
 .text.__vector_30
                0x000098c8       0x68 vem_03_05.o
                0x000098c8                __vector_30
 .text.EMeter_TX
                0x00009930       0x1e vem_03_05.o
                0x00009930                EMeter_TX
 .text.__vector_32
                0x0000994e       0x68 vem_03_05.o
                0x0000994e                __vector_32
 .text.EMeter_Link
                0x000099b6        0xc vem_03_05.o
                0x000099b6                EMeter_Link
 .text.IsEMReady
                0x000099c2        0xe vem_03_05.o
                0x000099c2                IsEMReady
 .text.EMRead   0x000099d0       0x12 vem_03_05.o
                0x000099d0                EMRead
 .text.GPRS_AppInit
                0x000099e2       0x38 vem_03_05.o
                0x000099e2                GPRS_AppInit
 .text.GPRS_AddHeader
                0x00009a1a       0x56 vem_03_05.o
                0x00009a1a                GPRS_AddHeader
 .text.GPRS_CurDataSend
                0x00009a70      0x436 vem_03_05.o
                0x00009a70                GPRS_CurDataSend
 .text.GPRS_SendData
                0x00009ea6       0xca vem_03_05.o
                0x00009ea6                GPRS_SendData
 .text.GPRS_NewMsg
                0x00009f70       0xbe vem_03_05.o
                0x00009f70                GPRS_NewMsg
 .text.GPRS_SendNewCrash
                0x0000a02e       0x20 vem_03_05.o
                0x0000a02e                GPRS_SendNewCrash
 .text.GPRS_SendRepCrash
                0x0000a04e       0x26 vem_03_05.o
                0x0000a04e                GPRS_SendRepCrash
 .text.GPRS_Check_PSW
                0x0000a074       0x3c vem_03_05.o
                0x0000a074                GPRS_Check_PSW
 .text.GPRS_Get_Session_ID
                0x0000a0b0       0x80 vem_03_05.o
                0x0000a0b0                GPRS_Get_Session_ID
 .text.GPRS_RemoteDisplayControl
                0x0000a130       0x14 vem_03_05.o
                0x0000a130                GPRS_RemoteDisplayControl
 .text.GPRS_SendDisplay
                0x0000a144       0x42 vem_03_05.o
                0x0000a144                GPRS_SendDisplay
 .text.GPRS_SendChange
                0x0000a186       0x1c vem_03_05.o
                0x0000a186                GPRS_SendChange
 .text.GPRS_ReadParamReply
                0x0000a1a2       0x60 vem_03_05.o
                0x0000a1a2                GPRS_ReadParamReply
 .text.GPRS_WriteParamReply
                0x0000a202       0x58 vem_03_05.o
                0x0000a202                GPRS_WriteParamReply
 .text.GPRS_Param
                0x0000a25a       0x90 vem_03_05.o
                0x0000a25a                GPRS_Param
 .text.GPRS_CriticalCMD_Process
                0x0000a2ea       0x48 vem_03_05.o
                0x0000a2ea                GPRS_CriticalCMD_Process
 .text.GPRS_Param00
                0x0000a332       0xd6 vem_03_05.o
                0x0000a332                GPRS_Param00
 .text.GPRS_Param01
                0x0000a408       0x22 vem_03_05.o
                0x0000a408                GPRS_Param01
 .text.GPRS_Param02
                0x0000a42a       0x22 vem_03_05.o
                0x0000a42a                GPRS_Param02
 .text.GPRS_Param03
                0x0000a44c       0x24 vem_03_05.o
                0x0000a44c                GPRS_Param03
 .text.GPRS_Param04
                0x0000a470       0x24 vem_03_05.o
                0x0000a470                GPRS_Param04
 .text.GPRS_Param05
                0x0000a494       0x24 vem_03_05.o
                0x0000a494                GPRS_Param05
 .text.GPRS_Param06
                0x0000a4b8       0x46 vem_03_05.o
                0x0000a4b8                GPRS_Param06
 .text.GPRS_Param07
                0x0000a4fe       0x24 vem_03_05.o
                0x0000a4fe                GPRS_Param07
 .text.GPRS_Param08
                0x0000a522       0x24 vem_03_05.o
                0x0000a522                GPRS_Param08
 .text.GPRS_Param09
                0x0000a546      0x148 vem_03_05.o
                0x0000a546                GPRS_Param09
 .text.GPRS_Param10
                0x0000a68e       0x3e vem_03_05.o
                0x0000a68e                GPRS_Param10
 .text.GPRS_Param11
                0x0000a6cc       0x46 vem_03_05.o
                0x0000a6cc                GPRS_Param11
 .text.GPRS_Parameter
                0x0000a712       0x82 vem_03_05.o
                0x0000a712                GPRS_Parameter
 .text.ReadParamBlock
                0x0000a794      0x144 vem_03_05.o
                0x0000a794                ReadParamBlock
 .text.GPRS_ReciveData
                0x0000a8d8      0x128 vem_03_05.o
                0x0000a8d8                GPRS_ReciveData
 .text.GPRS_Arbitr
                0x0000aa00       0xa4 vem_03_05.o
                0x0000aa00                GPRS_Arbitr
 .text.GPRS_App
                0x0000aaa4       0xb0 vem_03_05.o
                0x0000aaa4                GPRS_App
 .text.GSMApply
                0x0000ab54       0xa6 vem_03_05.o
                0x0000ab54                GSMApply
 .text.Modbus_App
                0x0000abfa      0x1fe vem_03_05.o
                0x0000abfa                Modbus_App
 .text.StartDebug
                0x0000adf8       0x28 vem_03_05.o
                0x0000adf8                StartDebug
 .text.StopDebug
                0x0000ae20       0x14 vem_03_05.o
                0x0000ae20                StopDebug
 .text.SendDebug
                0x0000ae34       0x3c vem_03_05.o
                0x0000ae34                SendDebug
 .text.GSM_RX   0x0000ae70       0x96 vem_03_05.o
                0x0000ae70                GSM_RX
 .text.__vector_18
                0x0000af06       0x56 vem_03_05.o
                0x0000af06                __vector_18
 .text.GSM_SendFirstChar
                0x0000af5c       0x3e vem_03_05.o
                0x0000af5c                GSM_SendFirstChar
 .text.GSM_SendCR
                0x0000af9a       0x4a vem_03_05.o
                0x0000af9a                GSM_SendCR
 .text.GSM_Execute_Command
                0x0000afe4       0x38 vem_03_05.o
                0x0000afe4                GSM_Execute_Command
 .text.GSM_AddHeaderSendData
                0x0000b01c       0x18 vem_03_05.o
                0x0000b01c                GSM_AddHeaderSendData
 .text.GSM_SendData
                0x0000b034       0x18 vem_03_05.o
                0x0000b034                GSM_SendData
 .text.GSM_Cycle
                0x0000b04c     0x18b2 vem_03_05.o
                0x0000b04c                GSM_Cycle
 .text.USART_Cycle
                0x0000c8fe       0x68 vem_03_05.o
                0x0000c8fe                USART_Cycle
 .text.WebServer
                0x0000c966      0x890 vem_03_05.o
                0x0000c966                WebServer
 .text.GSM_DRE  0x0000d1f6       0xfe vem_03_05.o
                0x0000d1f6                GSM_DRE
 .text.__vector_19
                0x0000d2f4       0x56 vem_03_05.o
                0x0000d2f4                __vector_19
 .text.Debug_DRE
                0x0000d34a       0x3c vem_03_05.o
                0x0000d34a                Debug_DRE
 .text.EMeter_DRE
                0x0000d386      0x100 vem_03_05.o
                0x0000d386                EMeter_DRE
 .text.__vector_31
                0x0000d486       0x68 vem_03_05.o
                0x0000d486                __vector_31
 .text.ToggleLED
                0x0000d4ee       0x1a vem_03_05.o
                0x0000d4ee                ToggleLED
 .text.ApplInit
                0x0000d508        0xc vem_03_05.o
                0x0000d508                ApplInit
 .text.ApplCycle
                0x0000d514      0x13a vem_03_05.o
                0x0000d514                ApplCycle
 .text.startup.main
                0x0000d64e       0x5c vem_03_05.o
                0x0000d64e                main
 .text.avr-libc
                0x0000d6aa       0xb6 c:/program files (x86)/atmel/atmel toolchain/avr8 gcc/native/3.4.1061/avr8-gnu-toolchain/bin/../lib/gcc/avr/4.8.1/../../../../avr/lib/avr51\libc.a(random.o)
                0x0000d742                random_r
                0x0000d746                random
                0x0000d74e                srandom
 .text.avr-libc
                0x0000d760        0x6 c:/program files (x86)/atmel/atmel toolchain/avr8 gcc/native/3.4.1061/avr8-gnu-toolchain/bin/../lib/gcc/avr/4.8.1/../../../../avr/lib/avr51\libc.a(exit.o)
                0x0000d760                exit
 .text.avr-libc
                0x0000d766       0x12 c:/program files (x86)/atmel/atmel toolchain/avr8 gcc/native/3.4.1061/avr8-gnu-toolchain/bin/../lib/gcc/avr/4.8.1/../../../../avr/lib/avr51\libc.a(memcpy_P.o)
                0x0000d766                memcpy_P
 .text.avr-libc
                0x0000d778       0x16 c:/program files (x86)/atmel/atmel toolchain/avr8 gcc/native/3.4.1061/avr8-gnu-toolchain/bin/../lib/gcc/avr/4.8.1/../../../../avr/lib/avr51\libc.a(strchr_P.o)
                0x0000d778                strchr_P
 .text.avr-libc
                0x0000d78e       0x12 c:/program files (x86)/atmel/atmel toolchain/avr8 gcc/native/3.4.1061/avr8-gnu-toolchain/bin/../lib/gcc/avr/4.8.1/../../../../avr/lib/avr51\libc.a(strcmp_P.o)
                0x0000d78e                strcmp_P
 .text.avr-libc
                0x0000d7a0        0xe c:/program files (x86)/atmel/atmel toolchain/avr8 gcc/native/3.4.1061/avr8-gnu-toolchain/bin/../lib/gcc/avr/4.8.1/../../../../avr/lib/avr51\libc.a(strcpy_P.o)
                0x0000d7a0                strcpy_P
 .text.avr-libc
                0x0000d7ae       0x28 c:/program files (x86)/atmel/atmel toolchain/avr8 gcc/native/3.4.1061/avr8-gnu-toolchain/bin/../lib/gcc/avr/4.8.1/../../../../avr/lib/avr51\libc.a(strlcpy_P.o)
                0x0000d7ae                strlcpy_P
 .text.avr-libc
                0x0000d7d6       0x12 c:/program files (x86)/atmel/atmel toolchain/avr8 gcc/native/3.4.1061/avr8-gnu-toolchain/bin/../lib/gcc/avr/4.8.1/../../../../avr/lib/avr51\libc.a(strlen_P.o)
                0x0000d7d6                __strlen_P
 .text.avr-libc
                0x0000d7e8       0x1c c:/program files (x86)/atmel/atmel toolchain/avr8 gcc/native/3.4.1061/avr8-gnu-toolchain/bin/../lib/gcc/avr/4.8.1/../../../../avr/lib/avr51\libc.a(strncmp_P.o)
                0x0000d7e8                strncmp_P
 .text.avr-libc
                0x0000d804       0x34 c:/program files (x86)/atmel/atmel toolchain/avr8 gcc/native/3.4.1061/avr8-gnu-toolchain/bin/../lib/gcc/avr/4.8.1/../../../../avr/lib/avr51\libc.a(strstr_P.o)
                0x0000d804                strstr_P
 .text.avr-libc
                0x0000d838       0x12 c:/program files (x86)/atmel/atmel toolchain/avr8 gcc/native/3.4.1061/avr8-gnu-toolchain/bin/../lib/gcc/avr/4.8.1/../../../../avr/lib/avr51\libc.a(memcpy.o)
                0x0000d838                memcpy
 .text.avr-libc
                0x0000d84a       0x16 c:/program files (x86)/atmel/atmel toolchain/avr8 gcc/native/3.4.1061/avr8-gnu-toolchain/bin/../lib/gcc/avr/4.8.1/../../../../avr/lib/avr51\libc.a(strchr.o)
                0x0000d84a                strchr
 .text.avr-libc
                0x0000d860       0x12 c:/program files (x86)/atmel/atmel toolchain/avr8 gcc/native/3.4.1061/avr8-gnu-toolchain/bin/../lib/gcc/avr/4.8.1/../../../../avr/lib/avr51\libc.a(strcmp.o)
                0x0000d860                strcmp
 .text.avr-libc
                0x0000d872        0xe c:/program files (x86)/atmel/atmel toolchain/avr8 gcc/native/3.4.1061/avr8-gnu-toolchain/bin/../lib/gcc/avr/4.8.1/../../../../avr/lib/avr51\libc.a(strcpy.o)
                0x0000d872                strcpy
 .text.avr-libc
                0x0000d880       0x1c c:/program files (x86)/atmel/atmel toolchain/avr8 gcc/native/3.4.1061/avr8-gnu-toolchain/bin/../lib/gcc/avr/4.8.1/../../../../avr/lib/avr51\libc.a(strncmp.o)
                0x0000d880                strncmp
 .text.avr-libc
                0x0000d89c       0x5e c:/program files (x86)/atmel/atmel toolchain/avr8 gcc/native/3.4.1061/avr8-gnu-toolchain/bin/../lib/gcc/avr/4.8.1/../../../../avr/lib/avr51\libc.a(sprintf.o)
                0x0000d89c                sprintf
 .text.avr-libc
                0x0000d8fa       0x5e c:/program files (x86)/atmel/atmel toolchain/avr8 gcc/native/3.4.1061/avr8-gnu-toolchain/bin/../lib/gcc/avr/4.8.1/../../../../avr/lib/avr51\libc.a(sprintf_p.o)
                0x0000d8fa                sprintf_P
 .text.avr-libc
                0x0000d958       0x44 c:/program files (x86)/atmel/atmel toolchain/avr8 gcc/native/3.4.1061/avr8-gnu-toolchain/bin/../lib/gcc/avr/4.8.1/../../../../avr/lib/avr51\libc.a(sscanf.o)
                0x0000d958                sscanf
 .text.avr-libc
                0x0000d99c       0x44 c:/program files (x86)/atmel/atmel toolchain/avr8 gcc/native/3.4.1061/avr8-gnu-toolchain/bin/../lib/gcc/avr/4.8.1/../../../../avr/lib/avr51\libc.a(sscanf_p.o)
                0x0000d99c                sscanf_P
 .text.avr-libc.fplib
                0x0000d9e0        0x4 c:/program files (x86)/atmel/atmel toolchain/avr8 gcc/native/3.4.1061/avr8-gnu-toolchain/bin/../lib/gcc/avr/4.8.1/../../../../avr/lib/avr51\libc.a(divsf3.o)
                0x0000d9e0                __divsf3
 .text.avr-libc.fplib
                0x0000d9e4       0xcc c:/program files (x86)/atmel/atmel toolchain/avr8 gcc/native/3.4.1061/avr8-gnu-toolchain/bin/../lib/gcc/avr/4.8.1/../../../../avr/lib/avr51\libc.a(divsf3x.o)
                0x0000d9fa                __divsf3x
                0x0000d9fe                __divsf3_pse
 .text.avr-libc.fplib
                0x0000dab0        0xa c:/program files (x86)/atmel/atmel toolchain/avr8 gcc/native/3.4.1061/avr8-gnu-toolchain/bin/../lib/gcc/avr/4.8.1/../../../../avr/lib/avr51\libc.a(fixsfsi.o)
                0x0000dab0                __fixsfsi
 .text.avr-libc.fplib
                0x0000daba       0x58 c:/program files (x86)/atmel/atmel toolchain/avr8 gcc/native/3.4.1061/avr8-gnu-toolchain/bin/../lib/gcc/avr/4.8.1/../../../../avr/lib/avr51\libc.a(fixunssfsi.o)
                0x0000daba                __fixunssfsi
 .text.avr-libc.fplib
                0x0000db12       0x7a c:/program files (x86)/atmel/atmel toolchain/avr8 gcc/native/3.4.1061/avr8-gnu-toolchain/bin/../lib/gcc/avr/4.8.1/../../../../avr/lib/avr51\libc.a(floatsisf.o)
                0x0000db12                __floatunsisf
                0x0000db16                __floatsisf
 .text.avr-libc.fplib
                0x0000db8c        0xc c:/program files (x86)/atmel/atmel toolchain/avr8 gcc/native/3.4.1061/avr8-gnu-toolchain/bin/../lib/gcc/avr/4.8.1/../../../../avr/lib/avr51\libc.a(fp_inf.o)
                0x0000db8c                __fp_inf
 .text.avr-libc.fplib
                0x0000db98        0x6 c:/program files (x86)/atmel/atmel toolchain/avr8 gcc/native/3.4.1061/avr8-gnu-toolchain/bin/../lib/gcc/avr/4.8.1/../../../../avr/lib/avr51\libc.a(fp_nan.o)
                0x0000db98                __fp_nan
 .text.avr-libc.fplib
                0x0000db9e        0xe c:/program files (x86)/atmel/atmel toolchain/avr8 gcc/native/3.4.1061/avr8-gnu-toolchain/bin/../lib/gcc/avr/4.8.1/../../../../avr/lib/avr51\libc.a(fp_pscA.o)
                0x0000db9e                __fp_pscA
 .text.avr-libc.fplib
                0x0000dbac        0xe c:/program files (x86)/atmel/atmel toolchain/avr8 gcc/native/3.4.1061/avr8-gnu-toolchain/bin/../lib/gcc/avr/4.8.1/../../../../avr/lib/avr51\libc.a(fp_pscB.o)
                0x0000dbac                __fp_pscB
 .text.avr-libc.fplib
                0x0000dbba       0x22 c:/program files (x86)/atmel/atmel toolchain/avr8 gcc/native/3.4.1061/avr8-gnu-toolchain/bin/../lib/gcc/avr/4.8.1/../../../../avr/lib/avr51\libc.a(fp_round.o)
                0x0000dbba                __fp_round
 .text.avr-libc.fplib
                0x0000dbdc       0x44 c:/program files (x86)/atmel/atmel toolchain/avr8 gcc/native/3.4.1061/avr8-gnu-toolchain/bin/../lib/gcc/avr/4.8.1/../../../../avr/lib/avr51\libc.a(fp_split3.o)
                0x0000dbdc                __fp_split3
                0x0000dbec                __fp_splitA
 .text.avr-libc.fplib
                0x0000dc20        0xe c:/program files (x86)/atmel/atmel toolchain/avr8 gcc/native/3.4.1061/avr8-gnu-toolchain/bin/../lib/gcc/avr/4.8.1/../../../../avr/lib/avr51\libc.a(fp_zero.o)
                0x0000dc20                __fp_zero
                0x0000dc22                __fp_szero
 .text.avr-libc.fplib
                0x0000dc2e        0x4 c:/program files (x86)/atmel/atmel toolchain/avr8 gcc/native/3.4.1061/avr8-gnu-toolchain/bin/../lib/gcc/avr/4.8.1/../../../../avr/lib/avr51\libc.a(mulsf3.o)
                0x0000dc2e                __mulsf3
 .text.avr-libc.fplib
                0x0000dc32       0xc2 c:/program files (x86)/atmel/atmel toolchain/avr8 gcc/native/3.4.1061/avr8-gnu-toolchain/bin/../lib/gcc/avr/4.8.1/../../../../avr/lib/avr51\libc.a(mulsf3x.o)
                0x0000dc46                __mulsf3x
                0x0000dc4a                __mulsf3_pse
 .text.avr-libc
                0x0000dcf4      0x3f6 c:/program files (x86)/atmel/atmel toolchain/avr8 gcc/native/3.4.1061/avr8-gnu-toolchain/bin/../lib/gcc/avr/4.8.1/../../../../avr/lib/avr51\libc.a(vfprintf_std.o)
                0x0000dcf4                vfprintf
 .text.avr-libc
                0x0000e0ea      0x5a8 c:/program files (x86)/atmel/atmel toolchain/avr8 gcc/native/3.4.1061/avr8-gnu-toolchain/bin/../lib/gcc/avr/4.8.1/../../../../avr/lib/avr51\libc.a(vfscanf_std.o)
                0x0000e424                vfscanf
 .text.avr-libc
                0x0000e692       0x20 c:/program files (x86)/atmel/atmel toolchain/avr8 gcc/native/3.4.1061/avr8-gnu-toolchain/bin/../lib/gcc/avr/4.8.1/../../../../avr/lib/avr51\libc.a(eerd_block_atmega128.o)
                0x0000e692                __eerd_block_m128
                0x0000e696                __eerd_blraw_m128
 .text.avr-libc
                0x0000e6b2       0x10 c:/program files (x86)/atmel/atmel toolchain/avr8 gcc/native/3.4.1061/avr8-gnu-toolchain/bin/../lib/gcc/avr/4.8.1/../../../../avr/lib/avr51\libc.a(eerd_byte_atmega128.o)
                0x0000e6b2                __eerd_byte_m128
 .text.avr-libc
                0x0000e6c2        0xc c:/program files (x86)/atmel/atmel toolchain/avr8 gcc/native/3.4.1061/avr8-gnu-toolchain/bin/../lib/gcc/avr/4.8.1/../../../../avr/lib/avr51\libc.a(eerd_dword_atmega128.o)
                0x0000e6c2                __eerd_float_m128
                0x0000e6c2                __eerd_dword_m128
 .text.avr-libc
                0x0000e6ce        0xc c:/program files (x86)/atmel/atmel toolchain/avr8 gcc/native/3.4.1061/avr8-gnu-toolchain/bin/../lib/gcc/avr/4.8.1/../../../../avr/lib/avr51\libc.a(eerd_word_atmega128.o)
                0x0000e6ce                __eerd_word_m128
 .text.avr-libc
                0x0000e6da       0x14 c:/program files (x86)/atmel/atmel toolchain/avr8 gcc/native/3.4.1061/avr8-gnu-toolchain/bin/../lib/gcc/avr/4.8.1/../../../../avr/lib/avr51\libc.a(eewr_block_atmega128.o)
                0x0000e6da                __eewr_block_m128
 .text.avr-libc
                0x0000e6ee       0x1a c:/program files (x86)/atmel/atmel toolchain/avr8 gcc/native/3.4.1061/avr8-gnu-toolchain/bin/../lib/gcc/avr/4.8.1/../../../../avr/lib/avr51\libc.a(eewr_byte_atmega128.o)
                0x0000e6ee                __eewr_byte_m128
                0x0000e6f0                __eewr_r18_m128
 .text.avr-libc
                0x0000e708       0x10 c:/program files (x86)/atmel/atmel toolchain/avr8 gcc/native/3.4.1061/avr8-gnu-toolchain/bin/../lib/gcc/avr/4.8.1/../../../../avr/lib/avr51\libc.a(eewr_dword_atmega128.o)
                0x0000e708                __eewr_dword_m128
                0x0000e708                __eewr_float_m128
 .text.avr-libc
                0x0000e718        0xa c:/program files (x86)/atmel/atmel toolchain/avr8 gcc/native/3.4.1061/avr8-gnu-toolchain/bin/../lib/gcc/avr/4.8.1/../../../../avr/lib/avr51\libc.a(eewr_word_atmega128.o)
                0x0000e718                __eewr_word_m128
 .text.avr-libc
                0x0000e722       0x10 c:/program files (x86)/atmel/atmel toolchain/avr8 gcc/native/3.4.1061/avr8-gnu-toolchain/bin/../lib/gcc/avr/4.8.1/../../../../avr/lib/avr51\libc.a(isspace.o)
                0x0000e722                isspace
 .text.avr-libc
                0x0000e732       0x16 c:/program files (x86)/atmel/atmel toolchain/avr8 gcc/native/3.4.1061/avr8-gnu-toolchain/bin/../lib/gcc/avr/4.8.1/../../../../avr/lib/avr51\libc.a(strnlen_P.o)
                0x0000e732                strnlen_P
 .text.avr-libc
                0x0000e748       0x16 c:/program files (x86)/atmel/atmel toolchain/avr8 gcc/native/3.4.1061/avr8-gnu-toolchain/bin/../lib/gcc/avr/4.8.1/../../../../avr/lib/avr51\libc.a(strnlen.o)
                0x0000e748                strnlen
 .text.avr-libc
                0x0000e75e       0x7c c:/program files (x86)/atmel/atmel toolchain/avr8 gcc/native/3.4.1061/avr8-gnu-toolchain/bin/../lib/gcc/avr/4.8.1/../../../../avr/lib/avr51\libc.a(fgetc.o)
                0x0000e75e                fgetc
 .text.avr-libc
                0x0000e7da       0x64 c:/program files (x86)/atmel/atmel toolchain/avr8 gcc/native/3.4.1061/avr8-gnu-toolchain/bin/../lib/gcc/avr/4.8.1/../../../../avr/lib/avr51\libc.a(fputc.o)
                0x0000e7da                fputc
 .text.avr-libc
                0x0000e83e       0x32 c:/program files (x86)/atmel/atmel toolchain/avr8 gcc/native/3.4.1061/avr8-gnu-toolchain/bin/../lib/gcc/avr/4.8.1/../../../../avr/lib/avr51\libc.a(ungetc.o)
                0x0000e83e                ungetc
 .text.avr-libc
                0x0000e870       0xbc c:/program files (x86)/atmel/atmel toolchain/avr8 gcc/native/3.4.1061/avr8-gnu-toolchain/bin/../lib/gcc/avr/4.8.1/../../../../avr/lib/avr51\libc.a(ultoa_invert.o)
                0x0000e870                __ultoa_invert
 .text.avr-libc
                0x0000e92c        0x6 c:/program files (x86)/atmel/atmel toolchain/avr8 gcc/native/3.4.1061/avr8-gnu-toolchain/bin/../lib/gcc/avr/4.8.1/../../../../avr/lib/avr51\libc.a(cty_isfalse.o)
                0x0000e92c                __ctype_isfalse
                0x0000e930                __ctype_istrue
 .text.libgcc.div
                0x0000e932       0x18 c:/program files (x86)/atmel/atmel toolchain/avr8 gcc/native/3.4.1061/avr8-gnu-toolchain/bin/../lib/gcc/avr/4.8.1/avr51\libgcc.a(_udivmodqi4.o)
                0x0000e932                __udivmodqi4
 .text.libgcc.div
                0x0000e94a       0x28 c:/program files (x86)/atmel/atmel toolchain/avr8 gcc/native/3.4.1061/avr8-gnu-toolchain/bin/../lib/gcc/avr/4.8.1/avr51\libgcc.a(_udivmodhi4.o)
                0x0000e94a                __udivmodhi4
 .text.libgcc.div
                0x0000e972       0x28 c:/program files (x86)/atmel/atmel toolchain/avr8 gcc/native/3.4.1061/avr8-gnu-toolchain/bin/../lib/gcc/avr/4.8.1/avr51\libgcc.a(_divmodhi4.o)
                0x0000e972                _div
                0x0000e972                __divmodhi4
 .text.libgcc.div
                0x0000e99a       0x44 c:/program files (x86)/atmel/atmel toolchain/avr8 gcc/native/3.4.1061/avr8-gnu-toolchain/bin/../lib/gcc/avr/4.8.1/avr51\libgcc.a(_udivmodsi4.o)
                0x0000e99a                __udivmodsi4
 .text.libgcc.div
                0x0000e9de       0x2e c:/program files (x86)/atmel/atmel toolchain/avr8 gcc/native/3.4.1061/avr8-gnu-toolchain/bin/../lib/gcc/avr/4.8.1/avr51\libgcc.a(_divmodsi4.o)
                0x0000e9de                __divmodsi4
 .text.libgcc.div
                0x0000ea0c       0x10 c:/program files (x86)/atmel/atmel toolchain/avr8 gcc/native/3.4.1061/avr8-gnu-toolchain/bin/../lib/gcc/avr/4.8.1/avr51\libgcc.a(_negsi2.o)
                0x0000ea0c                __negsi2
 .text.libgcc   0x0000ea1c        0xc c:/program files (x86)/atmel/atmel toolchain/avr8 gcc/native/3.4.1061/avr8-gnu-toolchain/bin/../lib/gcc/avr/4.8.1/avr51\libgcc.a(_tablejump.o)
                0x0000ea1c                __tablejump2__
                0x0000ea20                __tablejump__
 .text.libgcc.mul
                0x0000ea28       0x16 c:/program files (x86)/atmel/atmel toolchain/avr8 gcc/native/3.4.1061/avr8-gnu-toolchain/bin/../lib/gcc/avr/4.8.1/avr51\libgcc.a(_muluhisi3.o)
                0x0000ea28                __muluhisi3
 .text.libgcc.mul
                0x0000ea3e       0x10 c:/program files (x86)/atmel/atmel toolchain/avr8 gcc/native/3.4.1061/avr8-gnu-toolchain/bin/../lib/gcc/avr/4.8.1/avr51\libgcc.a(_mulshisi3.o)
                0x0000ea3e                __mulshisi3
                0x0000ea44                __mulohisi3
 .text.libgcc.mul
                0x0000ea4e       0x1e c:/program files (x86)/atmel/atmel toolchain/avr8 gcc/native/3.4.1061/avr8-gnu-toolchain/bin/../lib/gcc/avr/4.8.1/avr51\libgcc.a(_umulhisi3.o)
                0x0000ea4e                __umulhisi3
                0x0000ea6c                . = ALIGN (0x2)
 *(.fini9)
 .fini9         0x0000ea6c        0x0 c:/program files (x86)/atmel/atmel toolchain/avr8 gcc/native/3.4.1061/avr8-gnu-toolchain/bin/../lib/gcc/avr/4.8.1/avr51\libgcc.a(_exit.o)
                0x0000ea6c                _exit
 *(.fini9)
 *(.fini8)
 *(.fini8)
 *(.fini7)
 *(.fini7)
 *(.fini6)
 *(.fini6)
 *(.fini5)
 *(.fini5)
 *(.fini4)
 *(.fini4)
 *(.fini3)
 *(.fini3)
 *(.fini2)
 *(.fini2)
 *(.fini1)
 *(.fini1)
 *(.fini0)
 .fini0         0x0000ea6c        0x4 c:/program files (x86)/atmel/atmel toolchain/avr8 gcc/native/3.4.1061/avr8-gnu-toolchain/bin/../lib/gcc/avr/4.8.1/avr51\libgcc.a(_exit.o)
 *(.fini0)
                0x0000ea70                _etext = .

.data           0x00800100      0x13a load address 0x0000ea70
                0x00800100                PROVIDE (__data_start, .)
 *(.data)
 .data          0x00800100        0x4 c:/program files (x86)/atmel/atmel toolchain/avr8 gcc/native/3.4.1061/avr8-gnu-toolchain/bin/../lib/gcc/avr/4.8.1/../../../../avr/lib/avr51\libc.a(random.o)
 *(.data*)
 .data.GPRS_CrashID
                0x00800104        0x1 vem_03_05.o
                0x00800104                GPRS_CrashID
 .data.EM_Retry
                0x00800105        0x1 vem_03_05.o
                0x00800105                EM_Retry
 .data.WebMode  0x00800106        0x1 vem_03_05.o
 .data.GSM_ActiveConnection
                0x00800107        0x1 vem_03_05.o
                0x00800107                GSM_ActiveConnection
 .data.GSM_Flag
                0x00800108        0x1 vem_03_05.o
                0x00800108                GSM_Flag
 .data.GPRS_RECONNECT_period
                0x00800109        0x2 vem_03_05.o
                0x00800109                GPRS_RECONNECT_period
 .data.Connection_check_period
                0x0080010b        0x2 vem_03_05.o
                0x0080010b                Connection_check_period
 .data.VacantTimer32Sys
                0x0080010d        0x1 vem_03_05.o
                0x0080010d                VacantTimer32Sys
 .data.VacantTimer16Sys
                0x0080010e        0x1 vem_03_05.o
                0x0080010e                VacantTimer16Sys
 .data.VacantTimer8Sys
                0x0080010f        0x1 vem_03_05.o
                0x0080010f                VacantTimer8Sys
 .data.VacantTimer32
                0x00800110        0x1 vem_03_05.o
                0x00800110                VacantTimer32
 .data.VacantTimer16
                0x00800111        0x1 vem_03_05.o
                0x00800111                VacantTimer16
 .data.VacantTimer8
                0x00800112        0x1 vem_03_05.o
                0x00800112                VacantTimer8
 *(.rodata)
 *(.rodata*)
 .rodata.str1.1
                0x00800113       0xc8 vem_03_05.o
                                 0xd4 (size before relaxing)
 .rodata.CSWTCH.1339
                0x008001db        0xa vem_03_05.o
 .rodata.CSWTCH.1334
                0x008001e5        0x7 vem_03_05.o
 .rodata.CSWTCH.1333
                0x008001ec        0xe vem_03_05.o
 .rodata.Web_Logins
                0x008001fa       0x40 vem_03_05.o
                0x008001fa                Web_Logins
 *(.gnu.linkonce.d*)
                0x0080023a                . = ALIGN (0x2)
                0x0080023a                _edata = .
                0x0080023a                PROVIDE (__data_end, .)

.bss            0x0080023a      0xc12
                0x0080023a                PROVIDE (__bss_start, .)
 *(.bss)
 *(.bss*)
 .bss.PacketByteCount.4684
                0x0080023a        0x2 vem_03_05.o
 .bss.ptrIF.4682
                0x0080023c        0x2 vem_03_05.o
 .bss.StartTimeoutWaitRequest.4685
                0x0080023e        0x1 vem_03_05.o
 .bss.ptrPage.4683
                0x0080023f        0x2 vem_03_05.o
 .bss.match.4659
                0x00800241        0x1 vem_03_05.o
 .bss.match.4644
                0x00800242        0x1 vem_03_05.o
 .bss.match.4629
                0x00800243        0x1 vem_03_05.o
 .bss.Count.2565
                0x00800244        0x1 vem_03_05.o
 .bss.Timer10ms.2168
                0x00800245        0x1 vem_03_05.o
 .bss.E_Meter_RAM
                0x00800246       0x10 vem_03_05.o
                0x00800246                E_Meter_RAM
 .bss.DS18B20_Mode
                0x00800256        0x1 vem_03_05.o
                0x00800256                DS18B20_Mode
 .bss.TD_GSM_Reset
                0x00800257        0x1 vem_03_05.o
 .bss.TD_RSSI   0x00800258        0x1 vem_03_05.o
 .bss.TD_TCP_Connect
                0x00800259        0x1 vem_03_05.o
 .bss.TD_GSM    0x0080025a        0x1 vem_03_05.o
 .bss.sendsWithoutReconnect
                0x0080025b        0x1 vem_03_05.o
                0x0080025b                sendsWithoutReconnect
 .bss.TD_MB     0x0080025c        0x1 vem_03_05.o
 .bss.SlaveSkip
                0x0080025d        0x4 vem_03_05.o