Archive member included because of file (symbol)

c:/winavr-20100110/bin/../lib/gcc/avr/4.3.3/../../../../avr/lib/avr51\libc.a(random.o)
                              vem_03_05.o (random)
c:/winavr-20100110/bin/../lib/gcc/avr/4.3.3/../../../../avr/lib/avr51\libc.a(exit.o)
                              c:/winavr-20100110/bin/../lib/gcc/avr/4.3.3/../../../../avr/lib/avr51/crtm128.o (exit)
c:/winavr-20100110/bin/../lib/gcc/avr/4.3.3/../../../../avr/lib/avr51\libc.a(memcpy_P.o)
                              vem_03_05.o (memcpy_P)
c:/winavr-20100110/bin/../lib/gcc/avr/4.3.3/../../../../avr/lib/avr51\libc.a(strchr_P.o)
                              vem_03_05.o (strchr_P)
c:/winavr-20100110/bin/../lib/gcc/avr/4.3.3/../../../../avr/lib/avr51\libc.a(strcmp_P.o)
                              vem_03_05.o (strcmp_P)
c:/winavr-20100110/bin/../lib/gcc/avr/4.3.3/../../../../avr/lib/avr51\libc.a(strcpy_P.o)
                              vem_03_05.o (strcpy_P)
c:/winavr-20100110/bin/../lib/gcc/avr/4.3.3/../../../../avr/lib/avr51\libc.a(strlcpy_P.o)
                              vem_03_05.o (strlcpy_P)
c:/winavr-20100110/bin/../lib/gcc/avr/4.3.3/../../../../avr/lib/avr51\libc.a(strlen_P.o)
                              vem_03_05.o (strlen_P)
c:/winavr-20100110/bin/../lib/gcc/avr/4.3.3/../../../../avr/lib/avr51\libc.a(strncmp_P.o)
                              vem_03_05.o (strncmp_P)
c:/winavr-20100110/bin/../lib/gcc/avr/4.3.3/../../../../avr/lib/avr51\libc.a(strstr_P.o)
                              vem_03_05.o (strstr_P)
c:/winavr-20100110/bin/../lib/gcc/avr/4.3.3/../../../../avr/lib/avr51\libc.a(memcpy.o)
                              vem_03_05.o (memcpy)
c:/winavr-20100110/bin/../lib/gcc/avr/4.3.3/../../../../avr/lib/avr51\libc.a(strchr.o)
                              vem_03_05.o (strchr)
c:/winavr-20100110/bin/../lib/gcc/avr/4.3.3/../../../../avr/lib/avr51\libc.a(strcmp.o)
                              vem_03_05.o (strcmp)
c:/winavr-20100110/bin/../lib/gcc/avr/4.3.3/../../../../avr/lib/avr51\libc.a(strcpy.o)
                              vem_03_05.o (strcpy)
c:/winavr-20100110/bin/../lib/gcc/avr/4.3.3/../../../../avr/lib/avr51\libc.a(strncmp.o)
                              vem_03_05.o (strncmp)
c:/winavr-20100110/bin/../lib/gcc/avr/4.3.3/../../../../avr/lib/avr51\libc.a(sprintf.o)
                              vem_03_05.o (sprintf)
c:/winavr-20100110/bin/../lib/gcc/avr/4.3.3/../../../../avr/lib/avr51\libc.a(sprintf_p.o)
                              vem_03_05.o (sprintf_P)
c:/winavr-20100110/bin/../lib/gcc/avr/4.3.3/../../../../avr/lib/avr51\libc.a(sscanf.o)
                              vem_03_05.o (sscanf)
c:/winavr-20100110/bin/../lib/gcc/avr/4.3.3/../../../../avr/lib/avr51\libc.a(sscanf_p.o)
                              vem_03_05.o (sscanf_P)
c:/winavr-20100110/bin/../lib/gcc/avr/4.3.3/../../../../avr/lib/avr51\libc.a(addsf3.o)
                              vem_03_05.o (__subsf3)
c:/winavr-20100110/bin/../lib/gcc/avr/4.3.3/../../../../avr/lib/avr51\libc.a(addsf3x.o)
                              c:/winavr-20100110/bin/../lib/gcc/avr/4.3.3/../../../../avr/lib/avr51\libc.a(addsf3.o) (__addsf3x)
c:/winavr-20100110/bin/../lib/gcc/avr/4.3.3/../../../../avr/lib/avr51\libc.a(divsf3.o)
                              vem_03_05.o (__divsf3)
c:/winavr-20100110/bin/../lib/gcc/avr/4.3.3/../../../../avr/lib/avr51\libc.a(divsf3x.o)
                              c:/winavr-20100110/bin/../lib/gcc/avr/4.3.3/../../../../avr/lib/avr51\libc.a(divsf3.o) (__divsf3x)
c:/winavr-20100110/bin/../lib/gcc/avr/4.3.3/../../../../avr/lib/avr51\libc.a(fixsfsi.o)
                              vem_03_05.o (__fixsfsi)
c:/winavr-20100110/bin/../lib/gcc/avr/4.3.3/../../../../avr/lib/avr51\libc.a(fixunssfsi.o)
                              vem_03_05.o (__fixunssfsi)
c:/winavr-20100110/bin/../lib/gcc/avr/4.3.3/../../../../avr/lib/avr51\libc.a(floatsisf.o)
                              vem_03_05.o (__floatunsisf)
c:/winavr-20100110/bin/../lib/gcc/avr/4.3.3/../../../../avr/lib/avr51\libc.a(fp_inf.o)
                              c:/winavr-20100110/bin/../lib/gcc/avr/4.3.3/../../../../avr/lib/avr51\libc.a(addsf3x.o) (__fp_inf)
c:/winavr-20100110/bin/../lib/gcc/avr/4.3.3/../../../../avr/lib/avr51\libc.a(fp_nan.o)
                              c:/winavr-20100110/bin/../lib/gcc/avr/4.3.3/../../../../avr/lib/avr51\libc.a(addsf3x.o) (__fp_nan)
c:/winavr-20100110/bin/../lib/gcc/avr/4.3.3/../../../../avr/lib/avr51\libc.a(fp_pscA.o)
                              c:/winavr-20100110/bin/../lib/gcc/avr/4.3.3/../../../../avr/lib/avr51\libc.a(addsf3x.o) (__fp_pscA)
c:/winavr-20100110/bin/../lib/gcc/avr/4.3.3/../../../../avr/lib/avr51\libc.a(fp_pscB.o)
                              c:/winavr-20100110/bin/../lib/gcc/avr/4.3.3/../../../../avr/lib/avr51\libc.a(addsf3x.o) (__fp_pscB)
c:/winavr-20100110/bin/../lib/gcc/avr/4.3.3/../../../../avr/lib/avr51\libc.a(fp_round.o)
[...]
Memory Configuration

Name             Origin             Length             Attributes
text             0x00000000         0x00020000         xr
data             0x00800060         0x0000ffa0         rw !x
eeprom           0x00810000         0x00010000         rw !x
fuse             0x00820000         0x00000400         rw !x
lock             0x00830000         0x00000400         rw !x
signature        0x00840000         0x00000400         rw !x
*default*        0x00000000         0xffffffff

Linker script and memory map

Address of section .data set to 0x800100
LOAD c:/winavr-20100110/bin/../lib/gcc/avr/4.3.3/../../../../avr/lib/avr51/crtm128.o
LOAD vem_03_05.o
LOAD c:/winavr-20100110/bin/../lib/gcc/avr/4.3.3/../../../../avr/lib/avr51\libc.a
LOAD c:/winavr-20100110/bin/../lib/gcc/avr/4.3.3/../../../../avr/lib/avr51\libm.a
LOAD c:/winavr-20100110/bin/../lib/gcc/avr/4.3.3/../../../../avr/lib/avr51\libobjc.a
LOAD c:/winavr-20100110/bin/../lib/gcc/avr/4.3.3/avr51\libgcc.a
LOAD c:/winavr-20100110/bin/../lib/gcc/avr/4.3.3/../../../../avr/lib/avr51\libc.a
LOAD c:/winavr-20100110/bin/../lib/gcc/avr/4.3.3/avr51\libgcc.a

.hash
 *(.hash)

.dynsym
 *(.dynsym)

.dynstr
 *(.dynstr)

.gnu.version
 *(.gnu.version)

.gnu.version_d
 *(.gnu.version_d)

.gnu.version_r
 *(.gnu.version_r)

.rel.init
 *(.rel.init)

.rela.init
 *(.rela.init)

.rel.text
 *(.rel.text)
 *(.rel.text.*)
 *(.rel.gnu.linkonce.t*)

.rela.text
 *(.rela.text)
 *(.rela.text.*)
 *(.rela.gnu.linkonce.t*)

.rel.fini
 *(.rel.fini)

.rela.fini
 *(.rela.fini)

.rel.rodata
 *(.rel.rodata)
 *(.rel.rodata.*)
 *(.rel.gnu.linkonce.r*)

.rela.rodata
 *(.rela.rodata)
 *(.rela.rodata.*)
 *(.rela.gnu.linkonce.r*)

.rel.data
 *(.rel.data)
 *(.rel.data.*)
 *(.rel.gnu.linkonce.d*)

.rela.data
 *(.rela.data)
 *(.rela.data.*)
 *(.rela.gnu.linkonce.d*)

.rel.ctors
 *(.rel.ctors)

.rela.ctors
 *(.rela.ctors)

.rel.dtors
 *(.rel.dtors)

.rela.dtors
 *(.rela.dtors)

.rel.got
 *(.rel.got)

.rela.got
 *(.rela.got)

.rel.bss
 *(.rel.bss)

.rela.bss
 *(.rela.bss)

.rel.plt
 *(.rel.plt)

.rela.plt
 *(.rela.plt)

.text           0x00000000    0x12366
 *(.vectors)
 .vectors       0x00000000       0x8c c:/winavr-20100110/bin/../lib/gcc/avr/4.3.3/../../../../avr/lib/avr51/crtm128.o
                0x00000000                __vectors
                0x00000000                __vector_default
 *(.vectors)
 *(.progmem.gcc*)
 .progmem.gcc_sw_table
                0x0000008c      0x170 vem_03_05.o
 *(.progmem*)
 .progmem.data  0x000001fc     0x49f1 vem_03_05.o
                0x00002f53                Web_Cli3_IP4
                0x00002f3a                Web_Cli3_IP3
                0x00001627                Web_EM_UART_Parity
                0x00000338                AT_CLIP
                0x00000d0b                index_page
                0x0000309d                Web_UDP3_IP3
                0x00000776                EM_RESP_F_F_0
                0x00003019                Web_UDP2_IP1
                0x00000785                EM_OPEN_CH_REQ
                0x000003f8                AT_CIPSERVER
                0x00000600                image_str
                0x0000377a                Web_SMS_Number3
                0x00003752                var_SMS_Number2
                0x00001678                Web_CurrDataPeriod
                0x000002fd                RESP_CSQ
                0x0000025e                URC_CALL_READY
                0x00000b3b                LANDIS_GYR_ZMR110_List
                0x00000303                RESP_SHUT_OK
                0x0000488e                Web_system
                0x00000adf                vars_Passw
                0x000030f7                var_UDP2_Port
                0x00002d7d                Web_TCP_ListenPort
                0x00000c3f                index_IField
                0x00000703                EM_RESP_2_8_0
                0x000008c6                Web_LoginMsg_List
                0x0000072a                EM_RESP_31_7_0
                0x00000408                AT_SERVERCLOSE
                0x00001688                index_OField
                0x00002dec                var_Cli0_IP2
                0x00004816                var_Bootloader
                0x00000b2d                ON_List
                0x000030cd                Web_UDP0_Port
                0x0000032b                AT_E0
                0x00002f4a                var_Cli3_IP4
                0x000007ac                EM_RESP_ATZ
                0x00002fab                Web_UDP0_IP4
                0x00002ffd                var_UDP1_IP4
                0x000030ad                var_UDP3_IP4
                0x00000b17                Space_Str
                0x000003af                AT_CGATT
                0x0000411c                var_CSD_Number4
                0x0000079c                EM_CURRENT_REQ
                0x0000160a                var_EM_UART_BitQt
                0x00000ae8                Web_PasswOF
                0x00003055                var_UDP2_IP4
                0x0000415b                var_CSD_Number7
                0x00002ddc                Web_Cli0_IP1
                0x00000342                AT_CCID
                0x00002fa5                var_UDP0_IP4
                0x0000045b                ThermFami
                0x0000031c                AT_AT
                0x00000663                error_page
                0x00000bab                BR14400_List
                0x0000302f                Web_UDP2_IP2
                0x0000027d                URC_CONNECT
                0x0000062f                inputSESSID_Str
                0x0000410c                Web_CSD_Number3
                0x0000056a                Web_Logins
                0x00004170                var_CSD_Number8
                0x00000c15                BIT7_List
                0x00000355                AT_CMGF
                0x00001620                var_EM_UART_Parity
                0x0000414b                Web_CSD_Number6
                0x00004851                Web_Thigh
                0x00000607                html_str
                0x00004185                var_CSD_Number9
                0x00000490                TerDS18B20Lim
                0x00004220                system_page
                0x00000769                EM_RESP_C_62_2
                0x00004876                system_OField
                0x0000060c                ico_str
                0x00002e9b                var_Cli2_IP1
                0x000040cd                Web_CSD_Number0
                0x000040b8                Web_CLIP
                0x00002d6e                var_TCP_ListenPort
                0x00000894                Login_PSW_Str
                0x00004821                Web_Bootloader
                0x0000312b                var_ResetGSM
                0x00000b45                ELVIN_List
                0x00002f7f                Web_UDP0_IP2
                0x00002e69                var_Cli1_IP3
                0x00004806                Web_Reboot
                0x0000376e                var_SMS_Number3
                0x000016bc                favicon
                0x00000770                EM_RESP_0_0_0
                0x00000619                Connection_Close
                0x00000248                URC_CFUN
                0x000015e5                Web_EMeterType
                0x000036c7                var_GPRS_apn1
                0x00003003                Web_UDP1_IP4
                0x00001650                var_AutoSend
                0x00000830                Login_Busy_Str
                0x00002ee6                var_Cli2_IP4
                0x00004866                Web_Tlow
                0x000002a3                URC_RING
                0x00001640                Web_EM_UART_StopBits
                0x00000614                jpeg_str
                0x000036d0                Web_GPRS_apn1
                0x000040c8                var_CSD_Number0
                0x00000285                URC_RECEIVE
                0x00000738                EM_RESP_71_7_0
                0x00002f21                Web_Cli3_IP2
                0x00002e1e                var_Cli0_IP4
                0x00003703                var_GPRS_apn_psw
                0x00003087                Web_UDP3_IP2
                0x000003da                AT_CIFSR
                0x0000381b                csd_page
                0x00000bcf                BR28800_List
                0x00003081                var_UDP3_IP2
                0x00003144                network_OField
                0x00003029                var_UDP2_IP2
                0x00002ebd                Web_Cli2_IP2
                0x000007ef                EM_END_REQ
                0x000003a3                AT_CIPMUX_1
                0x000041c6                Web_csd
                0x000003ba                AT_CIPCSGP
                0x00002dd3                var_Cli0_IP1
                0x00001637                var_EM_UART_StopBits
                0x00002e72                Web_Cli1_IP3
                0x00003710                Web_GPRS_apn_psw
                0x000041de                system_IField
                0x000002ce                RESP_SERVER_CLOSE
                0x00004107                var_CSD_Number3
                0x00001c46                name_network
                0x00000780                EM_READ_DATA_REQ
                0x00002da1                Web_TCP_CONNECT_timeout
                0x00000b00                Web_login
                0x00000b20                Selected_Str
                0x00002e8b                Web_Cli1_IP4
                0x000003e3                AT_CIPSTART
                0x00002f31                var_Cli3_IP3
                0x00004136                Web_CSD_Number5
                0x000006fd                EM_RESP_1_8_0
                0x00000c2b                PAR_E_List
                0x00002dc3                Web_WebMaxSessionTime
                0x000008e6                login_page
                0x000002b6                RESP_CONNECT_OK
                0x00002fe7                var_UDP1_IP3
                0x0000034a                AT_IFC
                0x00000453                AT_ATA
                0x00000862                Login_Login_Str
                0x0000065a                SESSID_pstr
                0x00000c25                PAR_N_List
                0x0000378a                gsm_OField
                0x000031f9                gsm_IField
                0x00000762                EM_RESP_C_62_0
                0x0000306b                var_UDP3_IP1
                0x00000372                AT_CMGS
                0x000002a8                URC_NO_CARRIER
                0x000037bb                csd_IField
                0x00002fd7                Web_UDP1_IP2
                0x00002f63                var_UDP0_IP1
                0x000015fa                Web_EM_UART_Rate
                0x0000075b                EM_RESP_C_61_2
                0x00002e27                Web_Cli0_IP4
                0x000047ff                var_Reboot
                0x000002c4                RESP_SERVER_OK
                0x00001c3a                Web_favicon
                0x00001659                Web_AutoSend
                0x00000723                EM_RESP_72_7_0
                0x0000038a                AT_CIPMODE_1
                0x000037b2                name_csd
                0x00004861                var_Tlow
                0x00000709                EM_RESP_3_8_0
                0x0000311b                Web_UDP3_Port
                0x0000031f                AT_IPR9600
                0x000005cb                Content_Length
                0x000005de                html_cp1251_str
                0x00002d8d                var_TCP_CONNECT_timeout
                0x000041d2                name_system
                0x00000754                EM_RESP_C_61_0
                0x00000236                GSM_SIMCOM_SIM800
                0x00000b29                OFF_List
                0x00000b99                BR9600_List
                0x00001669                var_CurrDataPeriod
                0x0000073f                EM_RESP_16_7_0
                0x000007fe                Login_Welcome_Str
                0x00000790                EM_ENERGY_REQ
                0x0000049b                TestMsg_str
                0x0000484b                var_Thigh
                0x000002f1                RESP_CLOSE_OK_FAST
                0x00000796                EM_VOLTAGE_REQ
                0x000002db                RESP_Invitation
                0x00000c1d                BIT8_List
                0x000002e8                RESP_CLOSE_OK
                0x00000330                AT_CGMM
                0x00000c37                STB_1_List
                0x0000070f                EM_RESP_4_8_0
                0x000006e4                METHOD_GET
                0x00004146                var_CSD_Number6
                0x00001c53                network_IField
                0x000030b3                Web_UDP3_IP4
                0x000040b1                var_CLIP
                0x00003726                Web_SMS
                0x00002e50                var_Cli1_IP2
                0x000008ce                login_InField
                0x0000375e                Web_SMS_Number2
                0x000007b7                EM_RESP_ATH
                0x00003736                var_SMS_Number1
                0x00000be1                BR34800_List
                0x000016b0                name_favicon
                0x00000457                AT_ATH
                0x00000b31                EM_NONE_List
                0x00003101                Web_UDP2_Port
                0x000006ea                METHOD_POST
                0x000036f3                Web_GPRS_apn_user_name
                0x00000318                ESC_SEQ
                0x0000037d                AT_CIPMODE_0
                0x00003071                Web_UDP3_IP1
                0x000007cb                EM_RESP_RING
                0x00002f69                Web_UDP0_IP1
                0x00000b59                ELVIN_MODEM_List
                0x00003229                gsm_page
                0x00002eff                var_Cli3_IP1
                0x00002ea4                Web_Cli2_IP1
                0x00000af8                vars_loginOField
                0x00000498                MB_Master_List
                0x00000557                Digits_P
                0x00002e05                var_Cli0_IP3
                0x000002dd                RESP_SEND_OK
                0x0000418a                Web_CSD_Number9
                0x00002fed                Web_UDP1_IP3
                0x0000074d                EM_RESP_C_60_2
                0x00000c05                BIT5_List
                0x00000acf                Web_LoginOF
                0x00002fbb                var_UDP1_IP1
                0x00000bbd                BR19200_List
                0x00000b87                BR4800_List
                0x00003742                Web_SMS_Number1
                0x00000269                URC_SMS_READY
                0x000016a4                Web_index
                0x0000044c                AT_CSQ
                0x00002f08                Web_Cli3_IP1
                0x000030dd                var_UDP1_Port
                0x000007f3                name_login
                0x00003134                Web_ResetGSM
                0x00004121                Web_CSD_Number4
                0x00000731                EM_RESP_51_7_0
                0x000005aa                HTTP_200_OK
                0x00000ac9                vars_Login
                0x00001610                Web_EM_UART_BitQt
                0x00000423                AT_CIPCLOSE_1
                0x00000715                EM_RESP_32_7_0
                0x00000441                AT_CIPSHUT
                0x00003111                var_UDP3_Port
                0x00004131                var_CSD_Number5
                0x000007a8                EM_RESP_AT
                0x00003097                var_UDP3_IP3
                0x00002e59                Web_Cli1_IP2
                0x00002e40                Web_Cli1_IP1
                0x000007a2                EM_ACTIVEPOWER_REQ
                0x0000303f                var_UDP2_IP3
                0x0000030b                RESP_CONNECT_9600
                0x0000047c                TermocLim
                0x00000c0d                BIT6_List
                0x00002f8f                var_UDP0_IP3
                0x000003c9                AT_CSTT
                0x00000417                AT_CIPSEND
                0x00004175                Web_CSD_Number8
                0x00002f18                var_Cli3_IP2
                0x00000c3b                STB_2_List
                0x00000244                URC_RDY
                0x00003045                Web_UDP2_IP3
                0x000015da                var_EMeterType
                0x000037a6                Web_gsm
                0x000040f2                var_CSD_Number2
                0x000036e0                var_GPRS_apn_user_name
                0x00000227                GSM_SIMCOM_SIM900R
                0x0000028f                URC_CLOSED
                0x0000305b                Web_UDP2_IP4
                0x00000298                URC_PDPDEACT
                0x00002df5                Web_Cli0_IP2
                0x00000b75                BR2400_List
                0x00000273                URC_REMOTE_IP
                0x00002fd1                var_UDP1_IP2
                0x000047ef                Web_Title
                0x00002e0e                Web_Cli0_IP3
                0x00000c31                PAR_O_List
                0x00003720                var_SMS
                0x00000b0c                name_index
                0x0000489a                WebSite
                0x00004831                var_BLupgrade
                0x00002fc1                Web_UDP1_IP1
                0x00001d55                network_page
                0x00002db1                var_WebMaxSessionTime
                0x000005bc                Content_Type
                0x00000610                gif_str
                0x00002f79                var_UDP0_IP2
                0x000047e9                var_Title
                0x000007c4                EM_RESP_OK
                0x000006f7                EM_RESP_0_9_1
                0x00000397                AT_CIPMUX_0
                0x000040e2                Web_CSD_Number1
                0x000031f0                name_gsm
                0x000040dd                var_CSD_Number1
                0x00002f95                Web_UDP0_IP3
                0x00000568                Msg_FlashEEPROMFail
                0x000007d4                EM_RESP_CONNECT
                0x0000077c                EM_REQ
                0x00002eb4                var_Cli2_IP2
                0x00000251                URC_CPIN_READY
                0x00004160                Web_CSD_Number7
                0x0000035f                AT_CSMP
                0x0000071c                EM_RESP_52_7_0
                0x00000bf3                BR57600_List
                0x000006f1                EM_RESP_0_9_2
                0x00002ecd                var_Cli2_IP3
                0x000003d1                AT_CIICR
                0x000030e7                Web_UDP1_Port
                0x000001fc                Modbus_Map
                0x000007b1                EM_RESP_ATE0
                0x000002b3                RESP_OK
                0x00002e82                var_Cli1_IP4
                0x00002e37                var_Cli1_IP1
                0x000006d8                Web_error_page
                0x00002eef                Web_Cli2_IP4
                0x000040f7                Web_CSD_Number2
                0x00000b63                BR1200_List
                0x000007bf                EM_RESP_ATA
                0x00000567                Msg_EEPROMFail
                0x000007e0                EM_RESP_NOCARRIER
                0x00000746                EM_RESP_C_60_0
                0x000031e4                Web_network
                0x0000419a                csd_OField
                0x0000020c                BR_Tbl
                0x000015f5                var_EM_UART_Rate
                0x00000433                AT_CIPCLOSE
                0x00000566                Msg_FlashFail
                0x0000045c                TermisLim
                0x000030c3                var_UDP0_Port
                0x0000483b                Web_BLupgrade
                0x000004ae                Symbols_P
                0x0000054c                OnlyDigits_P
                0x00000569                MsgErr41
                0x00003013                var_UDP2_IP1
                0x00002ed6                Web_Cli2_IP3
                0x00000b4f                MERCURY_230_List
 .progmem.data  0x00004bed        0xc c:/winavr-20100110/bin/../lib/gcc/avr/4.3.3/../../../../avr/lib/avr51\libc.a(vfscanf_std.o)
                0x00004bfa                . = ALIGN (0x2)
 *fill*         0x00004bf9        0x1 00
                0x00004bfa                __trampolines_start = .
 *(.trampolines)
 .trampolines   0x00004bfa        0x0 linker stubs
 *(.trampolines*)
                0x00004bfa                __trampolines_end = .
 *(.jumptables)
 *(.jumptables*)
 *(.lowtext)
 *(.lowtext*)
                0x00004bfa                __ctors_start = .
 *(.ctors)
                0x00004bfa                __ctors_end = .
                0x00004bfa                __dtors_start = .
 *(.dtors)
                0x00004bfa                __dtors_end = .
 SORT(*)(.ctors)
 SORT(*)(.dtors)
 *(.init0)
 .init0         0x00004bfa        0x0 c:/winavr-20100110/bin/../lib/gcc/avr/4.3.3/../../../../avr/lib/avr51/crtm128.o
                0x00004bfa                __init
 *(.init0)
 *(.init1)
 *(.init1)
 *(.init2)
 .init2         0x00004bfa        0xc c:/winavr-20100110/bin/../lib/gcc/avr/4.3.3/../../../../avr/lib/avr51/crtm128.o
 *(.init2)
 *(.init3)
 *(.init3)
 *(.init4)
 .init4         0x00004c06       0x1a c:/winavr-20100110/bin/../lib/gcc/avr/4.3.3/../../../../avr/lib/avr51/crtm128.o
                0x00004c06                __do_copy_data
 .init4         0x00004c20       0x10 c:/winavr-20100110/bin/../lib/gcc/avr/4.3.3/avr51\libgcc.a(_clear_bss.o)
                0x00004c20                __do_clear_bss
 *(.init4)
 *(.init5)
 *(.init5)
 *(.init6)
 *(.init6)
 *(.init7)
 *(.init7)
 *(.init8)
 *(.init8)
 *(.init9)
 .init9         0x00004c30        0x8 c:/winavr-20100110/bin/../lib/gcc/avr/4.3.3/../../../../avr/lib/avr51/crtm128.o
 *(.init9)
 *(.text)
 .text          0x00004c38        0x4 c:/winavr-20100110/bin/../lib/gcc/avr/4.3.3/../../../../avr/lib/avr51/crtm128.o
                0x00004c38                __vector_22
                0x00004c38                __vector_28
                0x00004c38                __vector_1
                0x00004c38                __vector_34
                0x00004c38                __vector_24
                0x00004c38                __bad_interrupt
                0x00004c38                __vector_6
                0x00004c38                __vector_3
                0x00004c38                __vector_23
                0x00004c38                __vector_25
                0x00004c38                __vector_11
                0x00004c38                __vector_13
                0x00004c38                __vector_17
                0x00004c38                __vector_7
                0x00004c38                __vector_27
                0x00004c38                __vector_5
                0x00004c38                __vector_33
                0x00004c38                __vector_4
                0x00004c38                __vector_2
                0x00004c38                __vector_21
                0x00004c38                __vector_29
                0x00004c38                __vector_8
                0x00004c38                __vector_26
                0x00004c38                __vector_14
                0x00004c38                __vector_10
                0x00004c38                __vector_16
 .text          0x00004c3c     0xc016 vem_03_05.o
                0x00007e98                EM_InitFIFO
                0x0000700e                IP_compare_Const
                0x000074be                DigitOut
                0x00005e3c                MB_Slave_Off
                0x000108da                ApplCycle
                0x0000ad42                GPRS_Param07
                0x00010c22                EEMEMBackUpOk
                0x0000ab8e                GPRS_Param10
                0x00004eec                StartTimer16
                0x0000578a                MB_FrameReg
                0x00004e64                Timer16SysAlloc
                0x0000e130                WebServer
                0x0000a45a                GPRS_CriticalCMD_Process
                0x00007dc6                SeekTagIMG_SRC
                0x0000501c                StopTimer16
                0x00008b84                GPRS_NewMsg
                0x00007bba                Start_Updater
                0x0000a1de                PutVal
                0x0000734a                DI_Status
                0x00008310                __vector_32
                0x000083d8                EMeter_NoLink
                0x000074bc                DO_Disable
                0x00007278                GSM_TX
                0x000075e0                Log10
                0x0000a7d0                erbl
                0x0000b238                ApplyUARTParam
                0x00005398                OW_MasterReleaseBus
                0x00007626                DecodBCD
                0x0000b010                GPRS_Check_SN
                0x00008538                EMeter_M230_Data_ConvertP
                0x000087fa                GSM_SendFirstChar
                0x0000a442                ewb
                0x00004e72                Timer32SysAlloc
                0x0000b080                GPRS_AddHeader
                0x000072ea                DI_State
                0x00006eb2                MB_Master_MaxCycle_Clear
                0x0000adfc                GPRS_Param03
                0x000098b4                Put_zDVal
                0x00008ab0                ToggleLED
                0x00005366                RS485_0
                0x00008b64                GSM_AddHeaderSendData
                0x00010746                SetBAUD
                0x0000a540                __vector_12
                0x0000af46                GPRS_SendDisplay
                0x0000a410                eww
                0x000092fc                EMeter_SendCR
                0x000073c8                DO_State
                0x0000bbe8                EMeter_Cycle
                0x0000890e                Debug_DRE
                0x00006ec4                MB_M_Cycle
                0x0000723c                GSM_Wait_Char
                0x0000ae22                GPRS_Param02
                0x000052e8                TimeCycle
                0x00004c86                CRC_Seed
                0x00008378                EMeter_SendFirstChar
                0x0000e71e                OneWireReadTemp
                0x00009086                EMeter_ZMR110_Read_Date
                0x00008630                GPRS_Reg
                0x00007b14                OW_MasterRx_Data
                0x00005190                ResetTimer8
                0x00009aa8                Put_sDVal
                0x0000866a                SendDebug
                0x00008f34                EMeter_ZMR110_Read_ID1_1
                0x00008a48                __vector_31
                0x0000913e                EMeter_ZMR110_Read_DWord
                0x000053ea                StartTimer0
                0x00010a48                USART_Cycle
                0x000073fc                DO_Front
                0x00006fec                MB_Cycle
                0x00004dd4                WdtOn
                0x0000d316                Web_Login_Error
                0x0000adb0                GPRS_Param05
                0x00007c54                strcmp_PP
                0x000053da                CTS_ON
                0x0000b048                GPRS_Check_PSW
                0x000093c4                DigiFilt
                0x000053b2                OW_MasterReadBus
                0x00005376                MB_LED_Err_On_0
                0x0000a39e                GSM_Execute_Command
                0x00008c46                WebPresicionHanler
                0x000054aa                MB_Transm
                0x000096f8                Put_FFVal
                0x0000abee                GPRS_Param09
                0x00006bc6                MB_M_Tx
                0x0000b6b8                GPRS_CurDataSend
                0x00007b96                OneWire_Init
                0x00008004                EM_SetUARTParam
                0x00004db8                InterruInit
                0x000074b2                SetAllDigOut
                0x0000736e                DI_Init
                0x0000537c                MB_LED_Err_Off_1
                0x00005736                SetCRC_MB
                0x0000eb44                IP_E_compare_Const
                0x000053c2                GSM_PWRCNTRL_OFF
                0x0000828a                __vector_30
                0x000108c6                StopDebug
                0x0000862e                GPRS_Bit
                0x00006bde                Modbus_TX
                0x00008836                GSM_RX
                0x000053de                RTS_Config
                0x0000537a                MB_LED_Err_On_1
                0x00005652                CommErr
                0x0000a858                Modbus_App_Init
                0x0000782e                PGM_uBrokLine
                0x00007bc4                HideMsg
                0x00004e06                Timer32Alloc
                0x000064d0                MB_M_Timer_ISR
                0x0000703a                InitFIFO
                0x0000b10a                GPRS_Param11
                0x0000704a                GetByteFromFIFO
                0x000085a6                IsEMReady
                0x0000748a                TogDigOut
                0x00004dbc                IntOff
                0x00009ede                Put_zVal
                0x0000a7e2                Modbus_ReadHoldReg
                0x0000aa92                GPRS_ReadParamReply
                0x0000a522                OnTimeSave
                0x00006ffe                SetIP
                0x0000aa40                GPRS_WriteParamReply
                0x000087a4                __vector_19
                0x00007bae                Reboot
                0x0000521e                ResetTimer32
                0x000086a8                GSM_DRE
                0x0000e8f0                OneWireStartADC
                0x00005128                Timer32Stopp
                0x0000a4c8                MB_M_Try_Set
                0x000052a2                GetTimer32
                0x0000bb1e                GPRS_Arbitr
                0x0000e9f8                ThermChanWrong
                0x00007a3a                ThermWrong
                0x0000ea32                DigitIn
                0x00005368                RS485_1
                0x00010ac6                USART_Init
                0x0000a3c4                GSM_Wait_Response
                0x0000cf82                ChangeUARTParam
                0x00004e2a                Timer16AppAlloc
                0x000071d4                GSM_Init
                0x00008b44                GSM_SendData
                0x0000a764                GSMApply
                0x000107e2                SetParity
                0x0000a86c                Modbus_App
                0x0000add6                GPRS_Param04
                0x0000a7d6                erd
                0x00005360                MB_PLC_Init
                0x0000a7dc                erw
                0x00007178                ForceEndStringFromFIFO
                0x000085b6                GPRS_AppInit
                0x00004e40                Timer32AppAlloc
                0x00008af6                GPRS_SendRepCrash
                0x000053ca                GSM_PWRCNTRL_ON
                0x000053ba                GSM_PWRCNTRL_Config
                0x00004c3c                rrb
                0x0000cdae                EMRead
                0x00008dc8                EMeter_ZMR110_Data_ConvertQ
                0x0000537e                OW_MasterPullLowBus
                0x000053f6                StartTimer2
                0x00009524                Put_TextValAlignLeft
                0x00005052                StopTimer32
                0x00007c86                SeekTagFORM
                0x0000a85e                ApplInit
                0x000083c8                EMeter_Link
                0x0000b3e2                MemCheck
                0x0000531a                Delay_ms
                0x0000ae6a                GPRS_Param00
                0x00004c42                prb
                0x000057e6                MB_S_Timer_ISR
                0x00008634                StartDebug
                0x00007a92                OW_MasterTx_Command
                0x0000ce8e                GPRS_App
                0x00004c52                prd
                0x0000cdc0                GPRS_SendData
                0x00010bd2                main
                0x0000a75a                ewbl
                0x00008468                EMeter_ELVIN_Modem_NoLink
                0x00009362                EMeter_SendData_P
                0x0000719c                GetDataFromFIFO
                0x00008fce                EMeter_ZMR110_Read_Time
                0x00005570                Modbus_RX
                0x00008b20                GPRS_SendNewCrash
                0x0000a340                GSM_SendCR
                0x0000a4a6                MB_M_TimeOff_Set
                0x0000754a                DO_Init
                0x00007e90                Web_Login_Request
                0x000078e4                InterBrokLine
                0x00007734                uLineFunc
                0x0000ad1c                GPRS_Param08
                0x00005314                MaxScanCycle_Clear
                0x000050cc                Timer16Stopp
                0x0000b442                ReadParamBlock
                0x000057b8                MB_CPT_Clear
                0x00005374                MB_LED1
                0x00007290                GSM_Reset
                0x0000b148                GPRS_Parameter
                0x0000a040                Put_sVal
                0x000053d2                CTS_Config
                0x00007e7e                WebClose
                0x0000a50c                Set_MB_Addr
                0x00006b06                __vector_9
                0x00008604                GPRS_ChangeReply
                0x0000758a                Pow10
                0x00007460                ResDigOut
                0x00010b0e                TimeInit
                0x0000b586                GPRS_ReciveData
                0x0000d2cc                strcmp_E
                0x00004dea                Timer8Alloc
                0x0000dd04                WebRequest
                0x0000a44c                Start_Bootloader
                0x0000e9a4                DS18B20
                0x000051d4                ResetTimer16
                0x00004e80                StartTimer8
                0x00006b66                __vector_15
                0x00007e8a                IsWebSession
                0x0000b22c                GSM_Transparent2Modbus
                0x000083b0                EMeter_ClearRXStr
                0x0000aaec                GPRS_Param
                0x00004c7c                prp
                0x000053e4                RTS_Read
                0x0000894a                EMeter_DRE
                0x00004c76                prc
                0x00004c48                prw
                0x00004c62                prb_f
                0x00004e14                Timer8AppAlloc
                0x0000a4ea                MB_M_Timeout_Set
                0x00010726                MB_S_Init
                0x0000763a                LineFunc
                0x00007438                SetDigOut
                0x0000af90                GPRS_Get_Session_ID
                0x00005270                GetTimer8
                0x00005372                MB_LED0
                0x0000ae46                GPRS_Param01
                0x0000937c                GSM_Wait_Response_P
                0x000084fe                EMeter_M230_Data_ConvertWord
                0x000085f0                GPRS_RemoteDisplayControl
                0x00004fe6                StopTimer8
                0x00008120                EMeter_RX
                0x00007118                GetStringFromFIFO
                0x00010868                MB_Init
                0x0000760c                CodBCD
                0x00004e56                Timer8SysAlloc
                0x00004d1a                CRC
                0x000075b0                PowL10
                0x0000eb9e                GSM_Cycle
                0x00005e24                MB_S_Tx
                0x000095dc                Put_GFVal
                0x00008cc2                EMeter_ZMR110_Data_ConvertI
                0x00004df8                Timer16Alloc
                0x00005088                Timer8Stopp
                0x00008632                GPRS_ParamWrite
                0x00009870                PutEnum
                0x00008ad6                GPRS_SendChange
                0x0000730e                DI_Front
                0x0000a7c6                ewd
                0x00010684                MB_M_Init
                0x0000527c                GetTimer16
                0x0000a3da                MemFailReset
                0x000082f2                EMeter_TX
                0x00007fb0                EM_GetDataFromFIFO
                0x00008580                Check_LG_ZMR110_READ_FLAG
                0x0000ad68                GPRS_Param06
                0x00010b9e                MemCheckInit
                0x00006d4c                MB_SingleRun
                0x000053d6                CTS_OFF
                0x0000532e                Delay_us
                0x0000b43c                erb
                0x0000b28a                EE_InterBrokLine
                0x000074ba                DO_Enable
                0x000088b8                __vector_18
                0x00007292                GPRS_ServerAddr_Save
                0x00007d26                SeekTagA_HREF
                0x00009226                EMeter_ZMR110_Read_Word
                0x00007be0                ShowMsg
                0x0000b20a                GSM_CloseTransparent
                0x00004f5e                StartTimer32
                0x0000cf48                EMeter_Init
                0x00007294                __vector_20
                0x00007bea                WebInit
                0x000052d0                ScanCycleInit
                0x00007eac                EM_GetByteFromFIFO
                0x0000a41a                MB_M_Period_Set
                0x00005378                MB_LED_Err_Off_0
                0x0000eafe                strcpy_EE
                0x000084aa                EMeter_M230_Data_Convert
                0x000097ae                Put_zVal_h
                0x0000b0d2                EMeter_ReInit
                0x00007bb2                ResetGSMState
                0x00009cea                PutDVal
                0x00004dc8                IntOn
 .text          0x00010c52        0x0 c:/winavr-20100110/bin/../lib/gcc/avr/4.3.3/../../../../avr/lib/avr51\libc.a(random.o)
 .text          0x00010c52        0x0 c:/winavr-20100110/bin/../lib/gcc/avr/4.3.3/../../../../avr/lib/avr51\libc.a(exit.o)
 .text          0x00010c52        0x0 c:/winavr-20100110/bin/../lib/gcc/avr/4.3.3/../../../../avr/lib/avr51\libc.a(memcpy_P.o)
 .text          0x00010c52        0x0 c:/winavr-20100110/bin/../lib/gcc/avr/4.3.3/../../../../avr/lib/avr51\libc.a(strchr_P.o)
 .text          0x00010c52        0x0 c:/winavr-20100110/bin/../lib/gcc/avr/4.3.3/../../../../avr/lib/avr51\libc.a(strcmp_P.o)
 .text          0x00010c52        0x0 c:/winavr-20100110/bin/../lib/gcc/avr/4.3.3/../../../../avr/lib/avr51\libc.a(strcpy_P.o)
 .text          0x00010c52        0x0 c:/winavr-20100110/bin/../lib/gcc/avr/4.3.3/../../../../avr/lib/avr51\libc.a(strlcpy_P.o)
 .text          0x00010c52        0x0 c:/winavr-20100110/bin/../lib/gcc/avr/4.3.3/../../../../avr/lib/avr51\libc.a(strlen_P.o)
 .text          0x00010c52        0x0 c:/winavr-20100110/bin/../lib/gcc/avr/4.3.3/../../../../avr/lib/avr51\libc.a(strncmp_P.o)
 .text          0x00010c52        0x0 c:/winavr-20100110/bin/../lib/gcc/avr/4.3.3/../../../../avr/lib/avr51\libc.a(strstr_P.o)
 .text          0x00010c52        0x0 c:/winavr-20100110/bin/../lib/gcc/avr/4.3.3/../../../../avr/lib/avr51\libc.a(memcpy.o)
 .text          0x00010c52        0x0 c:/winavr-20100110/bin/../lib/gcc/avr/4.3.3/../../../../avr/lib/avr51\libc.a(strchr.o)
 .text          0x00010c52        0x0 c:/winavr-20100110/bin/../lib/gcc/avr/4.3.3/../../../../avr/lib/avr51\libc.a(strcmp.o)
 .text          0x00010c52        0x0 c:/winavr-20100110/bin/../lib/gcc/avr/4.3.3/../../../../avr/lib/avr51\libc.a(strcpy.o)
 .text          0x00010c52        0x0 c:/winavr-20100110/bin/../lib/gcc/avr/4.3.3/../../../../avr/lib/avr51\libc.a(strncmp.o)
 .text          0x00010c52        0x0 c:/winavr-20100110/bin/../lib/gcc/avr/4.3.3/../../../../avr/lib/avr51\libc.a(sprintf.o)
 .text          0x00010c52        0x0 c:/winavr-20100110/bin/../lib/gcc/avr/4.3.3/../../../../avr/lib/avr51\libc.a(sprintf_p.o)
 .text          0x00010c52        0x0 c:/winavr-20100110/bin/../lib/gcc/avr/4.3.3/../../../../avr/lib/avr51\libc.a(sscanf.o)
 .text          0x00010c52        0x0 c:/winavr-20100110/bin/../lib/gcc/avr/4.3.3/../../../../avr/lib/avr51\libc.a(sscanf_p.o)
 .text          0x00010c52        0x0 c:/winavr-20100110/bin/../lib/gcc/avr/4.3.3/../../../../avr/lib/avr51\libc.a(addsf3.o)
 .text          0x00010c52        0x0 c:/winavr-20100110/bin/../lib/gcc/avr/4.3.3/../../../../avr/lib/avr51\libc.a(addsf3x.o)
 .text          0x00010c52        0x0 c:/winavr-20100110/bin/../lib/gcc/avr/4.3.3/../../../../avr/lib/avr51\libc.a(divsf3.o)
 .text          0x00010c52        0x0 c:/winavr-20100110/bin/../lib/gcc/avr/4.3.3/../../../../avr/lib/avr51\libc.a(divsf3x.o)
 .text          0x00010c52        0x0 c:/winavr-20100110/bin/../lib/gcc/avr/4.3.3/../../../../avr/lib/avr51\libc.a(fixsfsi.o)
 .text          0x00010c52        0x0 c:/winavr-20100110/bin/../lib/gcc/avr/4.3.3/../../../../avr/lib/avr51\libc.a(fixunssfsi.o)
 .text          0x00010c52        0x0 c:/winavr-20100110/bin/../lib/gcc/avr/4.3.3/../../../../avr/lib/avr51\libc.a(floatsisf.o)
 .text          0x00010c52        0x0 c:/winavr-20100110/bin/../lib/gcc/avr/4.3.3/../../../../avr/lib/avr51\libc.a(fp_inf.o)
 .text          0x00010c52        0x0 c:/winavr-20100110/bin/../lib/gcc/avr/4.3.3/../../../../avr/lib/avr51\libc.a(fp_nan.o)
 .text          0x00010c52        0x0 c:/winavr-20100110/bin/../lib/gcc/avr/4.3.3/../../../../avr/lib/avr51\libc.a(fp_pscA.o)
 .text          0x00010c52        0x0 c:/winavr-20100110/bin/../lib/gcc/avr/4.3.3/../../../../avr/lib/avr51\libc.a(fp_pscB.o)
 .text          0x00010c52        0x0 c:/winavr-20100110/bin/../lib/gcc/avr/4.3.3/../../../../avr/lib/avr51\libc.a(fp_round.o)
 .text          0x00010c52        0x0 c:/winavr-20100110/bin/../lib/gcc/avr/4.3.3/../../../../avr/lib/avr51\libc.a(fp_split3.o)
 .text          0x00010c52        0x0 c:/winavr-20100110/bin/../lib/gcc/avr/4.3.3/../../../../avr/lib/avr51\libc.a(fp_zero.o)
 .text          0x00010c52        0x0 c:/winavr-20100110/bin/../lib/gcc/avr/4.3.3/../../../../avr/lib/avr51\libc.a(mulsf3.o)
 .text          0x00010c52        0x0 c:/winavr-20100110/bin/../lib/gcc/avr/4.3.3/../../../../avr/lib/avr51\libc.a(mulsf3x.o)
 .text          0x00010c52        0x0 c:/winavr-20100110/bin/../lib/gcc/avr/4.3.3/../../../../avr/lib/avr51\libc.a(vfprintf_std.o)
 .text          0x00010c52        0x0 c:/winavr-20100110/bin/../lib/gcc/avr/4.3.3/../../../../avr/lib/avr51\libc.a(vfscanf_std.o)
 .text          0x00010c52        0x0 c:/winavr-20100110/bin/../lib/gcc/avr/4.3.3/../../../../avr/lib/avr51\libc.a(eerd_block_atmega128.o)
 .text          0x00010c52        0x0 c:/winavr-20100110/bin/../lib/gcc/avr/4.3.3/../../../../avr/lib/avr51\libc.a(eerd_byte_atmega128.o)
 .text          0x00010c52        0x0 c:/winavr-20100110/bin/../lib/gcc/avr/4.3.3/../../../../avr/lib/avr51\libc.a(eerd_dword_atmega128.o)
 .text          0x00010c52        0x0 c:/winavr-20100110/bin/../lib/gcc/avr/4.3.3/../../../../avr/lib/avr51\libc.a(eerd_word_atmega128.o)
 .text          0x00010c52        0x0 c:/winavr-20100110/bin/../lib/gcc/avr/4.3.3/../../../../avr/lib/avr51\libc.a(eewr_block_atmega128.o)
 .text          0x00010c52        0x0 c:/winavr-20100110/bin/../lib/gcc/avr/4.3.3/../../../../avr/lib/avr51\libc.a(eewr_byte_atmega128.o)
 .text          0x00010c52        0x0 c:/winavr-20100110/bin/../lib/gcc/avr/4.3.3/../../../../avr/lib/avr51\libc.a(eewr_dword_atmega128.o)
 .text          0x00010c52        0x0 c:/winavr-20100110/bin/../lib/gcc/avr/4.3.3/../../../../avr/lib/avr51\libc.a(eewr_word_atmega128.o)
 .text          0x00010c52        0x0 c:/winavr-20100110/bin/../lib/gcc/avr/4.3.3/../../../../avr/lib/avr51\libc.a(isspace.o)
 .text          0x00010c52        0x0 c:/winavr-20100110/bin/../lib/gcc/avr/4.3.3/../../../../avr/lib/avr51\libc.a(strnlen_P.o)
 .text          0x00010c52        0x0 c:/winavr-20100110/bin/../lib/gcc/avr/4.3.3/../../../../avr/lib/avr51\libc.a(strnlen.o)
 .text          0x00010c52        0x0 c:/winavr-20100110/bin/../lib/gcc/avr/4.3.3/../../../../avr/lib/avr51\libc.a(fgetc.o)
 .text          0x00010c52        0x0 c:/winavr-20100110/bin/../lib/gcc/avr/4.3.3/../../../../avr/lib/avr51\libc.a(fputc.o)
 .text          0x00010c52        0x0 c:/winavr-20100110/bin/../lib/gcc/avr/4.3.3/../../../../avr/lib/avr51\libc.a(ungetc.o)
 .text          0x00010c52        0x0 c:/winavr-20100110/bin/../lib/gcc/avr/4.3.3/../../../../avr/lib/avr51\libc.a(ultoa_invert.o)
 .text          0x00010c52        0x0 c:/winavr-20100110/bin/../lib/gcc/avr/4.3.3/../../../../avr/lib/avr51\libc.a(cty_isfalse.o)
 .text          0x00010c52        0x0 c:/winavr-20100110/bin/../lib/gcc/avr/4.3.3/avr51\libgcc.a(_mulsi3.o)
 .text          0x00010c52        0x0 c:/winavr-20100110/bin/../lib/gcc/avr/4.3.3/avr51\libgcc.a(_udivmodqi4.o)
 .text          0x00010c52        0x0 c:/winavr-20100110/bin/../lib/gcc/avr/4.3.3/avr51\libgcc.a(_udivmodhi4.o)
 .text          0x00010c52        0x0 c:/winavr-20100110/bin/../lib/gcc/avr/4.3.3/avr51\libgcc.a(_divmodhi4.o)
 .text          0x00010c52        0x0 c:/winavr-20100110/bin/../lib/gcc/avr/4.3.3/avr51\libgcc.a(_udivmodsi4.o)
 .text          0x00010c52        0x0 c:/winavr-20100110/bin/../lib/gcc/avr/4.3.3/avr51\libgcc.a(_divmodsi4.o)
 .text          0x00010c52        0x0 c:/winavr-20100110/bin/../lib/gcc/avr/4.3.3/avr51\libgcc.a(_exit.o)
 .text          0x00010c52        0x0 c:/winavr-20100110/bin/../lib/gcc/avr/4.3.3/avr51\libgcc.a(_clear_bss.o)
 .text          0x00010c52      0x1f6 c:/winavr-20100110/bin/../lib/gcc/avr/4.3.3/avr51\libgcc.a(_muldi3.o)
                0x00010c52                __muldi3
 .text          0x00010e48        0x0 c:/winavr-20100110/bin/../lib/gcc/avr/4.3.3/avr51\libgcc.a(_prologue.o)
 .text          0x00010e48        0x0 c:/winavr-20100110/bin/../lib/gcc/avr/4.3.3/avr51\libgcc.a(_epilogue.o)
                0x00010e48                . = ALIGN (0x2)
 *(.text.*)
 .text.avr-libc
                0x00010e48       0xd6 c:/winavr-20100110/bin/../lib/gcc/avr/4.3.3/../../../../avr/lib/avr51\libc.a(random.o)
                0x00010f02                random
                0x00010efc                random_r
                0x00010f0c                srandom
 .text.avr-libc
                0x00010f1e        0x6 c:/winavr-20100110/bin/../lib/gcc/avr/4.3.3/../../../../avr/lib/avr51\libc.a(exit.o)
                0x00010f1e                exit
 .text.avr-libc
                0x00010f24       0x12 c:/winavr-20100110/bin/../lib/gcc/avr/4.3.3/../../../../avr/lib/avr51\libc.a(memcpy_P.o)
                0x00010f24                memcpy_P
 .text.avr-libc
                0x00010f36       0x16 c:/winavr-20100110/bin/../lib/gcc/avr/4.3.3/../../../../avr/lib/avr51\libc.a(strchr_P.o)
                0x00010f36                strchr_P
 .text.avr-libc
                0x00010f4c       0x12 c:/winavr-20100110/bin/../lib/gcc/avr/4.3.3/../../../../avr/lib/avr51\libc.a(strcmp_P.o)
                0x00010f4c                strcmp_P
 .text.avr-libc
                0x00010f5e        0xe c:/winavr-20100110/bin/../lib/gcc/avr/4.3.3/../../../../avr/lib/avr51\libc.a(strcpy_P.o)
                0x00010f5e                strcpy_P
 .text.avr-libc
                0x00010f6c       0x28 c:/winavr-20100110/bin/../lib/gcc/avr/4.3.3/../../../../avr/lib/avr51\libc.a(strlcpy_P.o)
                0x00010f6c                strlcpy_P
 .text.avr-libc
                0x00010f94       0x12 c:/winavr-20100110/bin/../lib/gcc/avr/4.3.3/../../../../avr/lib/avr51\libc.a(strlen_P.o)
                0x00010f94                strlen_P
 .text.avr-libc
                0x00010fa6       0x1c c:/winavr-20100110/bin/../lib/gcc/avr/4.3.3/../../../../avr/lib/avr51\libc.a(strncmp_P.o)
                0x00010fa6                strncmp_P
 .text.avr-libc
                0x00010fc2       0x34 c:/winavr-20100110/bin/../lib/gcc/avr/4.3.3/../../../../avr/lib/avr51\libc.a(strstr_P.o)
                0x00010fc2                strstr_P
 .text.avr-libc
                0x00010ff6       0x12 c:/winavr-20100110/bin/../lib/gcc/avr/4.3.3/../../../../avr/lib/avr51\libc.a(memcpy.o)
                0x00010ff6                memcpy
 .text.avr-libc
                0x00011008       0x16 c:/winavr-20100110/bin/../lib/gcc/avr/4.3.3/../../../../avr/lib/avr51\libc.a(strchr.o)
                0x00011008                strchr
 .text.avr-libc
                0x0001101e       0x12 c:/winavr-20100110/bin/../lib/gcc/avr/4.3.3/../../../../avr/lib/avr51\libc.a(strcmp.o)
                0x0001101e                strcmp
 .text.avr-libc
                0x00011030        0xe c:/winavr-20100110/bin/../lib/gcc/avr/4.3.3/../../../../avr/lib/avr51\libc.a(strcpy.o)
                0x00011030                strcpy
 .text.avr-libc
                0x0001103e       0x1c c:/winavr-20100110/bin/../lib/gcc/avr/4.3.3/../../../../avr/lib/avr51\libc.a(strncmp.o)
                0x0001103e                strncmp
 .text.avr-libc
                0x0001105a       0x62 c:/winavr-20100110/bin/../lib/gcc/avr/4.3.3/../../../../avr/lib/avr51\libc.a(sprintf.o)
                0x0001105a                sprintf
 .text.avr-libc
                0x000110bc       0x62 c:/winavr-20100110/bin/../lib/gcc/avr/4.3.3/../../../../avr/lib/avr51\libc.a(sprintf_p.o)
                0x000110bc                sprintf_P
 .text.avr-libc
                0x0001111e       0x46 c:/winavr-20100110/bin/../lib/gcc/avr/4.3.3/../../../../avr/lib/avr51\libc.a(sscanf.o)
                0x0001111e                sscanf
 .text.avr-libc
                0x00011164       0x46 c:/winavr-20100110/bin/../lib/gcc/avr/4.3.3/../../../../avr/lib/avr51\libc.a(sscanf_p.o)
                0x00011164                sscanf_P
 .text.avr-libc.fplib
                0x000111aa        0xa c:/winavr-20100110/bin/../lib/gcc/avr/4.3.3/../../../../avr/lib/avr51\libc.a(addsf3.o)
                0x000111aa                __subsf3
                0x000111ac                __addsf3
 .text.avr-libc.fplib
                0x000111b4       0xc0 c:/winavr-20100110/bin/../lib/gcc/avr/4.3.3/../../../../avr/lib/avr51\libc.a(addsf3x.o)
                0x000111ce                __addsf3x
 .text.avr-libc.fplib
                0x00011274        0x4 c:/winavr-20100110/bin/../lib/gcc/avr/4.3.3/../../../../avr/lib/avr51\libc.a(divsf3.o)
                0x00011274                __divsf3
 .text.avr-libc.fplib
                0x00011278       0xcc c:/winavr-20100110/bin/../lib/gcc/avr/4.3.3/../../../../avr/lib/avr51\libc.a(divsf3x.o)
                0x0001128e                __divsf3x
                0x00011292                __divsf3_pse
 .text.avr-libc.fplib
                0x00011344        0xa c:/winavr-20100110/bin/../lib/gcc/avr/4.3.3/../../../../avr/lib/avr51\libc.a(fixsfsi.o)
                0x00011344                __fixsfsi
 .text.avr-libc.fplib
                0x0001134e       0x58 c:/winavr-20100110/bin/../lib/gcc/avr/4.3.3/../../../../avr/lib/avr51\libc.a(fixunssfsi.o)
                0x0001134e                __fixunssfsi
 .text.avr-libc.fplib
                0x000113a6       0x7a c:/winavr-20100110/bin/../lib/gcc/avr/4.3.3/../../../../avr/lib/avr51\libc.a(floatsisf.o)
                0x000113aa                __floatsisf
                0x000113a6                __floatunsisf
 .text.avr-libc.fplib
                0x00011420        0xc c:/winavr-20100110/bin/../lib/gcc/avr/4.3.3/../../../../avr/lib/avr51\libc.a(fp_inf.o)
                0x00011420                __fp_inf
 .text.avr-libc.fplib
                0x0001142c        0x6 c:/winavr-20100110/bin/../lib/gcc/avr/4.3.3/../../../../avr/lib/avr51\libc.a(fp_nan.o)
                0x0001142c                __fp_nan
 .text.avr-libc.fplib
                0x00011432        0xe c:/winavr-20100110/bin/../lib/gcc/avr/4.3.3/../../../../avr/lib/avr51\libc.a(fp_pscA.o)
                0x00011432                __fp_pscA
 .text.avr-libc.fplib
                0x00011440        0xe c:/winavr-20100110/bin/../lib/gcc/avr/4.3.3/../../../../avr/lib/avr51\libc.a(fp_pscB.o)
                0x00011440                __fp_pscB
 .text.avr-libc.fplib
                0x0001144e       0x22 c:/winavr-20100110/bin/../lib/gcc/avr/4.3.3/../../../../avr/lib/avr51\libc.a(fp_round.o)
                0x0001144e                __fp_round
 .text.avr-libc.fplib
                0x00011470       0x44 c:/winavr-20100110/bin/../lib/gcc/avr/4.3.3/../../../../avr/lib/avr51\libc.a(fp_split3.o)
                0x00011470                __fp_split3
                0x00011480                __fp_splitA
 .text.avr-libc.fplib
                0x000114b4        0xe c:/winavr-20100110/bin/../lib/gcc/avr/4.3.3/../../../../avr/lib/avr51\libc.a(fp_zero.o)
                0x000114b4                __fp_zero
                0x000114b6                __fp_szero
 .text.avr-libc.fplib
                0x000114c2        0x4 c:/winavr-20100110/bin/../lib/gcc/avr/4.3.3/../../../../avr/lib/avr51\libc.a(mulsf3.o)
                0x000114c2                __mulsf3
 .text.avr-libc.fplib
                0x000114c6       0xc2 c:/winavr-20100110/bin/../lib/gcc/avr/4.3.3/../../../../avr/lib/avr51\libc.a(mulsf3x.o)
                0x000114de                __mulsf3_pse
                0x000114da                __mulsf3x
 .text.avr-libc
                0x00011588      0x40c c:/winavr-20100110/bin/../lib/gcc/avr/4.3.3/../../../../avr/lib/avr51\libc.a(vfprintf_std.o)
                0x00011588                vfprintf
 .text.avr-libc
                0x00011994      0x5a4 c:/winavr-20100110/bin/../lib/gcc/avr/4.3.3/../../../../avr/lib/avr51\libc.a(vfscanf_std.o)
                0x00011cf2                vfscanf
 .text.avr-libc
                0x00011f38       0x20 c:/winavr-20100110/bin/../lib/gcc/avr/4.3.3/../../../../avr/lib/avr51\libc.a(eerd_block_atmega128.o)
                0x00011f3c                __eerd_blraw_m128
                0x00011f38                __eerd_block_m128
 .text.avr-libc
                0x00011f58       0x10 c:/winavr-20100110/bin/../lib/gcc/avr/4.3.3/../../../../avr/lib/avr51\libc.a(eerd_byte_atmega128.o)
                0x00011f58                __eerd_byte_m128
 .text.avr-libc
                0x00011f68        0xc c:/winavr-20100110/bin/../lib/gcc/avr/4.3.3/../../../../avr/lib/avr51\libc.a(eerd_dword_atmega128.o)
                0x00011f68                __eerd_dword_m128
                0x00011f68                __eerd_float_m128
 .text.avr-libc
                0x00011f74        0xc c:/winavr-20100110/bin/../lib/gcc/avr/4.3.3/../../../../avr/lib/avr51\libc.a(eerd_word_atmega128.o)
                0x00011f74                __eerd_word_m128
 .text.avr-libc
                0x00011f80       0x14 c:/winavr-20100110/bin/../lib/gcc/avr/4.3.3/../../../../avr/lib/avr51\libc.a(eewr_block_atmega128.o)
                0x00011f80                __eewr_block_m128
 .text.avr-libc
                0x00011f94       0x1a c:/winavr-20100110/bin/../lib/gcc/avr/4.3.3/../../../../avr/lib/avr51\libc.a(eewr_byte_atmega128.o)
                0x00011f96                __eewr_r18_m128
                0x00011f94                __eewr_byte_m128
 .text.avr-libc
                0x00011fae       0x10 c:/winavr-20100110/bin/../lib/gcc/avr/4.3.3/../../../../avr/lib/avr51\libc.a(eewr_dword_atmega128.o)
                0x00011fae                __eewr_float_m128
                0x00011fae                __eewr_dword_m128
 .text.avr-libc
                0x00011fbe        0xa c:/winavr-20100110/bin/../lib/gcc/avr/4.3.3/../../../../avr/lib/avr51\libc.a(eewr_word_atmega128.o)
                0x00011fbe                __eewr_word_m128
 .text.avr-libc
                0x00011fc8       0x10 c:/winavr-20100110/bin/../lib/gcc/avr/4.3.3/../../../../avr/lib/avr51\libc.a(isspace.o)
                0x00011fc8                isspace
 .text.avr-libc
                0x00011fd8       0x16 c:/winavr-20100110/bin/../lib/gcc/avr/4.3.3/../../../../avr/lib/avr51\libc.a(strnlen_P.o)
                0x00011fd8                strnlen_P
 .text.avr-libc
                0x00011fee       0x16 c:/winavr-20100110/bin/../lib/gcc/avr/4.3.3/../../../../avr/lib/avr51\libc.a(strnlen.o)
                0x00011fee                strnlen
 .text.avr-libc
                0x00012004       0x84 c:/winavr-20100110/bin/../lib/gcc/avr/4.3.3/../../../../avr/lib/avr51\libc.a(fgetc.o)
                0x00012004                fgetc
 .text.avr-libc
                0x00012088       0x58 c:/winavr-20100110/bin/../lib/gcc/avr/4.3.3/../../../../avr/lib/avr51\libc.a(fputc.o)
                0x00012088                fputc
 .text.avr-libc
                0x000120e0       0x34 c:/winavr-20100110/bin/../lib/gcc/avr/4.3.3/../../../../avr/lib/avr51\libc.a(ungetc.o)
                0x000120e0                ungetc
 .text.avr-libc
                0x00012114       0xbc c:/winavr-20100110/bin/../lib/gcc/avr/4.3.3/../../../../avr/lib/avr51\libc.a(ultoa_invert.o)
                0x00012114                __ultoa_invert
 .text.avr-libc
                0x000121d0        0x6 c:/winavr-20100110/bin/../lib/gcc/avr/4.3.3/../../../../avr/lib/avr51\libc.a(cty_isfalse.o)
                0x000121d4                __ctype_istrue
                0x000121d0                __ctype_isfalse
 .text.libgcc   0x000121d6       0x3e c:/winavr-20100110/bin/../lib/gcc/avr/4.3.3/avr51\libgcc.a(_mulsi3.o)
                0x000121d6                __mulsi3
 .text.libgcc   0x00012214       0x18 c:/winavr-20100110/bin/../lib/gcc/avr/4.3.3/avr51\libgcc.a(_udivmodqi4.o)
                0x00012214                __udivmodqi4
 .text.libgcc   0x0001222c       0x28 c:/winavr-20100110/bin/../lib/gcc/avr/4.3.3/avr51\libgcc.a(_udivmodhi4.o)
                0x0001222c                __udivmodhi4
 .text.libgcc   0x00012254       0x26 c:/winavr-20100110/bin/../lib/gcc/avr/4.3.3/avr51\libgcc.a(_divmodhi4.o)
                0x00012254                __divmodhi4
                0x00012254                _div
 .text.libgcc   0x0001227a       0x44 c:/winavr-20100110/bin/../lib/gcc/avr/4.3.3/avr51\libgcc.a(_udivmodsi4.o)
                0x0001227a                __udivmodsi4
 .text.libgcc   0x000122be       0x36 c:/winavr-20100110/bin/../lib/gcc/avr/4.3.3/avr51\libgcc.a(_divmodsi4.o)
                0x000122be                __divmodsi4
 .text.libgcc   0x000122f4        0x0 c:/winavr-20100110/bin/../lib/gcc/avr/4.3.3/avr51\libgcc.a(_exit.o)
 .text.libgcc   0x000122f4        0x0 c:/winavr-20100110/bin/../lib/gcc/avr/4.3.3/avr51\libgcc.a(_clear_bss.o)
 .text.libgcc   0x000122f4       0x38 c:/winavr-20100110/bin/../lib/gcc/avr/4.3.3/avr51\libgcc.a(_prologue.o)
                0x000122f4                __prologue_saves__
 .text.libgcc   0x0001232c       0x36 c:/winavr-20100110/bin/../lib/gcc/avr/4.3.3/avr51\libgcc.a(_epilogue.o)
                0x0001232c                __epilogue_restores__
                0x00012362                . = ALIGN (0x2)
 *(.fini9)
 .fini9         0x00012362        0x0 c:/winavr-20100110/bin/../lib/gcc/avr/4.3.3/avr51\libgcc.a(_exit.o)
                0x00012362                _exit
 *(.fini9)
 *(.fini8)
 *(.fini8)
 *(.fini7)
 *(.fini7)
 *(.fini6)
 *(.fini6)
 *(.fini5)
 *(.fini5)
 *(.fini4)
 *(.fini4)
 *(.fini3)
 *(.fini3)
 *(.fini2)
 *(.fini2)
 *(.fini1)
 *(.fini1)
 *(.fini0)
 .fini0         0x00012362        0x4 c:/winavr-20100110/bin/../lib/gcc/avr/4.3.3/avr51\libgcc.a(_exit.o)
 *(.fini0)
                0x00012366                _etext = .

.data           0x00800100       0xda load address 0x00012366
                0x00800100                PROVIDE (__data_start, .)
 *(.data)
 .data          0x00800100        0x0 c:/winavr-20100110/bin/../lib/gcc/avr/4.3.3/../../../../avr/lib/avr51/crtm128.o
 .data          0x00800100       0xd6 vem_03_05.o
                0x008001d0                VacantTimer32Sys
                0x008001d4                GPRS_CrashID
                0x008001cc                VacantTimer16
                0x008001ce                VacantTimer8Sys
                0x008001d1                GSM_Flag
                0x008001cb                VacantTimer8
                0x008001d2                GSM_ActiveConnection
                0x008001cd                VacantTimer32
                0x008001cf                VacantTimer16Sys
                0x008001d3                EM_Retry
 .data          0x008001d6        0x4 c:/winavr-20100110/bin/../lib/gcc/avr/4.3.3/../../../../avr/lib/avr51\libc.a(random.o)
 .data          0x008001da        0x0 c:/winavr-20100110/bin/../lib/gcc/avr/4.3.3/../../../../avr/lib/avr51\libc.a(exit.o)
 .data          0x008001da        0x0 c:/winavr-20100110/bin/../lib/gcc/avr/4.3.3/../../../../avr/lib/avr51\libc.a(memcpy_P.o)
 .data          0x008001da        0x0 c:/winavr-20100110/bin/../lib/gcc/avr/4.3.3/../../../../avr/lib/avr51\libc.a(strchr_P.o)
 .data          0x008001da        0x0 c:/winavr-20100110/bin/../lib/gcc/avr/4.3.3/../../../../avr/lib/avr51\libc.a(strcmp_P.o)
 .data          0x008001da        0x0 c:/winavr-20100110/bin/../lib/gcc/avr/4.3.3/../../../../avr/lib/avr51\libc.a(strcpy_P.o)
 .data          0x008001da        0x0 c:/winavr-20100110/bin/../lib/gcc/avr/4.3.3/../../../../avr/lib/avr51\libc.a(strlcpy_P.o)
 .data          0x008001da        0x0 c:/winavr-20100110/bin/../lib/gcc/avr/4.3.3/../../../../avr/lib/avr51\libc.a(strlen_P.o)
 .data          0x008001da        0x0 c:/winavr-20100110/bin/../lib/gcc/avr/4.3.3/../../../../avr/lib/avr51\libc.a(strncmp_P.o)
 .data          0x008001da        0x0 c:/winavr-20100110/bin/../lib/gcc/avr/4.3.3/../../../../avr/lib/avr51\libc.a(strstr_P.o)
 .data          0x008001da        0x0 c:/winavr-20100110/bin/../lib/gcc/avr/4.3.3/../../../../avr/lib/avr51\libc.a(memcpy.o)
 .data          0x008001da        0x0 c:/winavr-20100110/bin/../lib/gcc/avr/4.3.3/../../../../avr/lib/avr51\libc.a(strchr.o)
 .data          0x008001da        0x0 c:/winavr-20100110/bin/../lib/gcc/avr/4.3.3/../../../../avr/lib/avr51\libc.a(strcmp.o)
 .data          0x008001da        0x0 c:/winavr-20100110/bin/../lib/gcc/avr/4.3.3/../../../../avr/lib/avr51\libc.a(strcpy.o)
 .data          0x008001da        0x0 c:/winavr-20100110/bin/../lib/gcc/avr/4.3.3/../../../../avr/lib/avr51\libc.a(strncmp.o)
 .data          0x008001da        0x0 c:/winavr-20100110/bin/../lib/gcc/avr/4.3.3/../../../../avr/lib/avr51\libc.a(sprintf.o)
 .data          0x008001da        0x0 c:/winavr-20100110/bin/../lib/gcc/avr/4.3.3/../../../../avr/lib/avr51\libc.a(sprintf_p.o)
 .data          0x008001da        0x0 c:/winavr-20100110/bin/../lib/gcc/avr/4.3.3/../../../../avr/lib/avr51\libc.a(sscanf.o)
 .data          0x008001da        0x0 c:/winavr-20100110/bin/../lib/gcc/avr/4.3.3/../../../../avr/lib/avr51\libc.a(sscanf_p.o)
 .data          0x008001da        0x0 c:/winavr-20100110/bin/../lib/gcc/avr/4.3.3/../../../../avr/lib/avr51\libc.a(addsf3.o)
 .data          0x008001da        0x0 c:/winavr-20100110/bin/../lib/gcc/avr/4.3.3/../../../../avr/lib/avr51\libc.a(addsf3x.o)
 .data          0x008001da        0x0 c:/winavr-20100110/bin/../lib/gcc/avr/4.3.3/../../../../avr/lib/avr51\libc.a(divsf3.o)
 .data          0x008001da        0x0 c:/winavr-20100110/bin/../lib/gcc/avr/4.3.3/../../../../avr/lib/avr51\libc.a(divsf3x.o)
 .data          0x008001da        0x0 c:/winavr-20100110/bin/../lib/gcc/avr/4.3.3/../../../../avr/lib/avr51\libc.a(fixsfsi.o)
 .data          0x008001da        0x0 c:/winavr-20100110/bin/../lib/gcc/avr/4.3.3/../../../../avr/lib/avr51\libc.a(fixunssfsi.o)
 .data          0x008001da        0x0 c:/winavr-20100110/bin/../lib/gcc/avr/4.3.3/../../../../avr/lib/avr51\libc.a(floatsisf.o)
 .data          0x008001da        0x0 c:/winavr-20100110/bin/../lib/gcc/avr/4.3.3/../../../../avr/lib/avr51\libc.a(fp_inf.o)
 .data          0x008001da        0x0 c:/winavr-20100110/bin/../lib/gcc/avr/4.3.3/../../../../avr/lib/avr51\libc.a(fp_nan.o)
 .data          0x008001da        0x0 c:/winavr-20100110/bin/../lib/gcc/avr/4.3.3/../../../../avr/lib/avr51\libc.a(fp_pscA.o)
 .data          0x008001da        0x0 c:/winavr-20100110/bin/../lib/gcc/avr/4.3.3/../../../../avr/lib/avr51\libc.a(fp_pscB.o)
 .data          0x008001da        0x0 c:/winavr-20100110/bin/../lib/gcc/avr/4.3.3/../../../../avr/lib/avr51\libc.a(fp_round.o)
 .data          0x008001da        0x0 c:/winavr-20100110/bin/../lib/gcc/avr/4.3.3/../../../../avr/lib/avr51\libc.a(fp_split3.o)
 .data          0x008001da        0x0 c:/winavr-20100110/bin/../lib/gcc/avr/4.3.3/../../../../avr/lib/avr51\libc.a(fp_zero.o)
 .data          0x008001da        0x0 c:/winavr-20100110/bin/../lib/gcc/avr/4.3.3/../../../../avr/lib/avr51\libc.a(mulsf3.o)
 .data          0x008001da        0x0 c:/winavr-20100110/bin/../lib/gcc/avr/4.3.3/../../../../avr/lib/avr51\libc.a(mulsf3x.o)
 .data          0x008001da        0x0 c:/winavr-20100110/bin/../lib/gcc/avr/4.3.3/../../../../avr/lib/avr51\libc.a(vfprintf_std.o)
 .data          0x008001da        0x0 c:/winavr-20100110/bin/../lib/gcc/avr/4.3.3/../../../../avr/lib/avr51\libc.a(vfscanf_std.o)
 .data          0x008001da        0x0 c:/winavr-20100110/bin/../lib/gcc/avr/4.3.3/../../../../avr/lib/avr51\libc.a(eerd_block_atmega128.o)
 .data          0x008001da        0x0 c:/winavr-20100110/bin/../lib/gcc/avr/4.3.3/../../../../avr/lib/avr51\libc.a(eerd_byte_atmega128.o)
 .data          0x008001da        0x0 c:/winavr-20100110/bin/../lib/gcc/avr/4.3.3/../../../../avr/lib/avr51\libc.a(eerd_dword_atmega128.o)
 .data          0x008001da        0x0 c:/winavr-20100110/bin/../lib/gcc/avr/4.3.3/../../../../avr/lib/avr51\libc.a(eerd_word_atmega128.o)
 .data          0x008001da        0x0 c:/winavr-20100110/bin/../lib/gcc/avr/4.3.3/../../../../avr/lib/avr51\libc.a(eewr_block_atmega128.o)
 .data          0x008001da        0x0 c:/winavr-20100110/bin/../lib/gcc/avr/4.3.3/../../../../avr/lib/avr51\libc.a(eewr_byte_atmega128.o)
 .data          0x008001da        0x0 c:/winavr-20100110/bin/../lib/gcc/avr/4.3.3/../../../../avr/lib/avr51\libc.a(eewr_dword_atmega128.o)
 .data          0x008001da        0x0 c:/winavr-20100110/bin/../lib/gcc/avr/4.3.3/../../../../avr/lib/avr51\libc.a(eewr_word_atmega128.o)
 .data          0x008001da        0x0 c:/winavr-20100110/bin/../lib/gcc/avr/4.3.3/../../../../avr/lib/avr51\libc.a(isspace.o)
 .data          0x008001da        0x0 c:/winavr-20100110/bin/../lib/gcc/avr/4.3.3/../../../../avr/lib/avr51\libc.a(strnlen_P.o)
 .data          0x008001da        0x0 c:/winavr-20100110/bin/../lib/gcc/avr/4.3.3/../../../../avr/lib/avr51\libc.a(strnlen.o)
 .data          0x008001da        0x0 c:/winavr-20100110/bin/../lib/gcc/avr/4.3.3/../../../../avr/lib/avr51\libc.a(fgetc.o)
 .data          0x008001da        0x0 c:/winavr-20100110/bin/../lib/gcc/avr/4.3.3/../../../../avr/lib/avr51\libc.a(fputc.o)
 .data          0x008001da        0x0 c:/winavr-20100110/bin/../lib/gcc/avr/4.3.3/../../../../avr/lib/avr51\libc.a(ungetc.o)
 .data          0x008001da        0x0 c:/winavr-20100110/bin/../lib/gcc/avr/4.3.3/../../../../avr/lib/avr51\libc.a(ultoa_invert.o)
 .data          0x008001da        0x0 c:/winavr-20100110/bin/../lib/gcc/avr/4.3.3/../../../../avr/lib/avr51\libc.a(cty_isfalse.o)
 .data          0x008001da        0x0 c:/winavr-20100110/bin/../lib/gcc/avr/4.3.3/avr51\libgcc.a(_mulsi3.o)
 .data          0x008001da        0x0 c:/winavr-20100110/bin/../lib/gcc/avr/4.3.3/avr51\libgcc.a(_udivmodqi4.o)
 .data          0x008001da        0x0 c:/winavr-20100110/bin/../lib/gcc/avr/4.3.3/avr51\libgcc.a(_udivmodhi4.o)
 .data          0x008001da        0x0 c:/winavr-20100110/bin/../lib/gcc/avr/4.3.3/avr51\libgcc.a(_divmodhi4.o)
 .data          0x008001da        0x0 c:/winavr-20100110/bin/../lib/gcc/avr/4.3.3/avr51\libgcc.a(_udivmodsi4.o)
 .data          0x008001da        0x0 c:/winavr-20100110/bin/../lib/gcc/avr/4.3.3/avr51\libgcc.a(_divmodsi4.o)
 .data          0x008001da        0x0 c:/winavr-20100110/bin/../lib/gcc/avr/4.3.3/avr51\libgcc.a(_exit.o)
 .data          0x008001da        0x0 c:/winavr-20100110/bin/../lib/gcc/avr/4.3.3/avr51\libgcc.a(_clear_bss.o)
 .data          0x008001da        0x0 c:/winavr-20100110/bin/../lib/gcc/avr/4.3.3/avr51\libgcc.a(_muldi3.o)
 .data          0x008001da        0x0 c:/winavr-20100110/bin/../lib/gcc/avr/4.3.3/avr51\libgcc.a(_prologue.o)
 .data          0x008001da        0x0 c:/winavr-20100110/bin/../lib/gcc/avr/4.3.3/avr51\libgcc.a(_epilogue.o)
 *(.data*)
 *(.rodata)
 *(.rodata*)
 *(.gnu.linkonce.d*)
                0x008001da                . = ALIGN (0x2)
                0x008001da                _edata = .
                0x008001da                PROVIDE (__data_end, .)

.bss            0x008001da      0xbd9
                0x008001da                PROVIDE (__bss_start, .)
 *(.bss)
 .bss           0x008001da        0x0 c:/winavr-20100110/bin/../lib/gcc/avr/4.3.3/../../../../avr/lib/avr51/crtm128.o
 .bss           0x008001da      0x188 vem_03_05.o
                0x008001da                DS18B20_Mode
                0x008001eb                Login
                0x008001ec                EM_ReReadRQ
                0x008001db                E_Meter_RAM
 .bss           0x00800362        0x0 c:/winavr-20100110/bin/../lib/gcc/avr/4.3.3/../../../../avr/lib/avr51\libc.a(random.o)
 .bss           0x00800362        0x0 c:/winavr-20100110/bin/../lib/gcc/avr/4.3.3/../../../../avr/lib/avr51\libc.a(exit.o)
 .bss           0x00800362        0x0 c:/winavr-20100110/bin/../lib/gcc/avr/4.3.3/../../../../avr/lib/avr51\libc.a(memcpy_P.o)
 .bss           0x00800362        0x0 c:/winavr-20100110/bin/../lib/gcc/avr/4.3.3/../../../../avr/lib/avr51\libc.a(strchr_P.o)
 .bss           0x00800362        0x0 c:/winavr-20100110/bin/../lib/gcc/avr/4.3.3/../../../../avr/lib/avr51\libc.a(strcmp_P.o)
 .bss           0x00800362        0x0 c:/winavr-20100110/bin/../lib/gcc/avr/4.3.3/../../../../avr/lib/avr51\libc.a(strcpy_P.o)
 .bss           0x00800362        0x0 c:/winavr-20100110/bin/../lib/gcc/avr/4.3.3/../../../../avr/lib/avr51\libc.a(strlcpy_P.o)
 .bss           0x00800362        0x0 c:/winavr-20100110/bin/../lib/gcc/avr/4.3.3/../../../../avr/lib/avr51\libc.a(strlen_P.o)
 .bss           0x00800362        0x0 c:/winavr-20100110/bin/../lib/gcc/avr/4.3.3/../../../../avr/lib/avr51\libc.a(strncmp_P.o)
 .bss           0x00800362        0x0 c:/winavr-20100110/bin/../lib/gcc/avr/4.3.3/../../../../avr/lib/avr51\libc.a(strstr_P.o)
 .bss           0x00800362        0x0 c:/winavr-20100110/bin/../lib/gcc/avr/4.3.3/../../../../avr/lib/avr51\libc.a(memcpy.o)
 .bss           0x00800362        0x0 c:/winavr-20100110/bin/../lib/gcc/avr/4.3.3/../../../../avr/lib/avr51\libc.a(strchr.o)
 .bss           0x00800362        0x0 c:/winavr-20100110/bin/../lib/gcc/avr/4.3.3/../../../../avr/lib/avr51\libc.a(strcmp.o)
 .bss           0x00800362        0x0 c:/winavr-20100110/bin/../lib/gcc/avr/4.3.3/../../../../avr/lib/avr51\libc.a(strcpy.o)
 .bss           0x00800362        0x0 c:/winavr-20100110/bin/../lib/gcc/avr/4.3.3/../../../../avr/lib/avr51\libc.a(strncmp.o)
 .bss           0x00800362        0x0 c:/winavr-20100110/bin/../lib/gcc/avr/4.3.3/../../../../avr/lib/avr51\libc.a(sprintf.o)
 .bss           0x00800362        0x0 c:/winavr-20100110/bin/../lib/gcc/avr/4.3.3/../../../../avr/lib/avr51\libc.a(sprintf_p.o)
 .bss           0x00800362        0x0 c:/winavr-20100110/bin/../lib/gcc/avr/4.3.3/../../../../avr/lib/avr51\libc.a(sscanf.o)
 .bss           0x00800362        0x0 c:/winavr-20100110/bin/../lib/gcc/avr/4.3.3/../../../../avr/lib/avr51\libc.a(sscanf_p.o)
 .bss           0x00800362        0x0 c:/winavr-20100110/bin/../lib/gcc/avr/4.3.3/../../../../avr/lib/avr51\libc.a(addsf3.o)
 .bss           0x00800362        0x0 c:/winavr-20100110/bin/../lib/gcc/avr/4.3.3/../../../../avr/lib/avr51\libc.a(addsf3x.o)
 .bss           0x00800362        0x0 c:/winavr-20100110/bin/../lib/gcc/avr/4.3.3/../../../../avr/lib/avr51\libc.a(divsf3.o)
 .bss           0x00800362        0x0 c:/winavr-20100110/bin/../lib/gcc/avr/4.3.3/../../../../avr/lib/avr51\libc.a(divsf3x.o)
 .bss           0x00800362        0x0 c:/winavr-20100110/bin/../lib/gcc/avr/4.3.3/../../../../avr/lib/avr51\libc.a(fixsfsi.o)
 .bss           0x00800362        0x0 c:/winavr-20100110/bin/../lib/gcc/avr/4.3.3/../../../../avr/lib/avr51\libc.a(fixunssfsi.o)
 .bss           0x00800362        0x0 c:/winavr-20100110/bin/../lib/gcc/avr/4.3.3/../../../../avr/lib/avr51\libc.a(floatsisf.o)
 .bss           0x00800362        0x0 c:/winavr-20100110/bin/../lib/gcc/avr/4.3.3/../../../../avr/lib/avr51\libc.a(fp_inf.o)
 .bss           0x00800362        0x0 c:/winavr-20100110/bin/../lib/gcc/avr/4.3.3/../../../../avr/lib/avr51\libc.a(fp_nan.o)
 .bss           0x00800362        0x0 c:/winavr-20100110/bin/../lib/gcc/avr/4.3.3/../../../../avr/lib/avr51\libc.a(fp_pscA.o)
 .bss           0x00800362        0x0 c:/winavr-20100110/bin/../lib/gcc/avr/4.3.3/../../../../avr/lib/avr51\libc.a(fp_pscB.o)
 .bss           0x00800362        0x0 c:/winavr-20100110/bin/../lib/gcc/avr/4.3.3/../../../../avr/lib/avr51\libc.a(fp_round.o)
 .bss           0x00800362        0x0 c:/winavr-20100110/bin/../lib/gcc/avr/4.3.3/../../../../avr/lib/avr51\libc.a(fp_split3.o)
 .bss           0x00800362        0x0 c:/winavr-20100110/bin/../lib/gcc/avr/4.3.3/../../../../avr/lib/avr51\libc.a(fp_zero.o)
 .bss           0x00800362        0x0 c:/winavr-20100110/bin/../lib/gcc/avr/4.3.3/../../../../avr/lib/avr51\libc.a(mulsf3.o)
 .bss           0x00800362        0x0 c:/winavr-20100110/bin/../lib/gcc/avr/4.3.3/../../../../avr/lib/avr51\libc.a(mulsf3x.o)
 .bss           0x00800362        0x0 c:/winavr-20100110/bin/../lib/gcc/avr/4.3.3/../../../../avr/lib/avr51\libc.a(vfprintf_std.o)
 .bss           0x00800362        0x0 c:/winavr-20100110/bin/../lib/gcc/avr/4.3.3/../../../../avr/lib/avr51\libc.a(vfscanf_std.o)
 .bss           0x00800362        0x0 c:/winavr-20100110/bin/../lib/gcc/avr/4.3.3/../../../../avr/lib/avr51\libc.a(eerd_block_atmega128.o)
 .bss           0x00800362        0x0 c:/winavr-20100110/bin/../lib/gcc/avr/4.3.3/../../../../avr/lib/avr51\libc.a(eerd_byte_atmega128.o)
 .bss           0x00800362        0x0 c:/winavr-20100110/bin/../lib/gcc/avr/4.3.3/../../../../avr/lib/avr51\libc.a(eerd_dword_atmega128.o)
 .bss           0x00800362        0x0 c:/winavr-20100110/bin/../lib/gcc/avr/4.3.3/../../../../avr/lib/avr51\libc.a(eerd_word_atmega128.o)
 .bss           0x00800362        0x0 c:/winavr-20100110/bin/../lib/gcc/avr/4.3.3/../../../../avr/lib/avr51\libc.a(eewr_block_atmega128.o)
 .bss           0x00800362        0x0 c:/winavr-20100110/bin/../lib/gcc/avr/4.3.3/../../../../avr/lib/avr51\libc.a(eewr_byte_atmega128.o)
 .bss           0x00800362        0x0 c:/winavr-20100110/bin/../lib/gcc/avr/4.3.3/../../../../avr/lib/avr51\libc.a(eewr_dword_atmega128.o)
 .bss           0x00800362        0x0 c:/winavr-20100110/bin/../lib/gcc/avr/4.3.3/../../../../avr/lib/avr51\libc.a(eewr_word_atmega128.o)
 .bss           0x00800362        0x0 c:/winavr-20100110/bin/../lib/gcc/avr/4.3.3/../../../../avr/lib/avr51\libc.a(isspace.o)
 .bss           0x00800362        0x0 c:/winavr-20100110/bin/../lib/gcc/avr/4.3.3/../../../../avr/lib/avr51\libc.a(strnlen_P.o)
 .bss           0x00800362        0x0 c:/winavr-20100110/bin/../lib/gcc/avr/4.3.3/../../../../avr/lib/avr51\libc.a(strnlen.o)
 .bss           0x00800362        0x0 c:/winavr-20100110/bin/../lib/gcc/avr/4.3.3/../../../../avr/lib/avr51\libc.a(fgetc.o)
 .bss           0x00800362        0x0 c:/winavr-20100110/bin/../lib/gcc/avr/4.3.3/../../../../avr/lib/avr51\libc.a(fputc.o)
 .bss           0x00800362        0x0 c:/winavr-20100110/bin/../lib/gcc/avr/4.3.3/../../../../avr/lib/avr51\libc.a(ungetc.o)
 .bss           0x00800362        0x0 c:/winavr-20100110/bin/../lib/gcc/avr/4.3.3/../../../../avr/lib/avr51\libc.a(ultoa_invert.o)
 .bss           0x00800362        0x0 c:/winavr-20100110/bin/../lib/gcc/avr/4.3.3/../../../../avr/lib/avr51\libc.a(cty_isfalse.o)
 .bss           0x00800362        0x0 c:/winavr-20100110/bin/../lib/gcc/avr/4.3.3/avr51\libgcc.a(_mulsi3.o)
 .bss           0x00800362        0x0 c:/winavr-20100110/bin/../lib/gcc/avr/4.3.3/avr51\libgcc.a(_udivmodqi4.o)
 .bss           0x00800362        0x0 c:/winavr-20100110/bin/../lib/gcc/avr/4.3.3/avr51\libgcc.a(_udivmodhi4.o)
 .bss           0x00800362        0x0 c:/winavr-20100110/bin/../lib/gcc/avr/4.3.3/avr51\libgcc.a(_divmodhi4.o)
 .bss           0x00800362        0x0 c:/winavr-20100110/bin/../lib/gcc/avr/4.3.3/avr51\libgcc.a(_udivmodsi4.o)
 .bss           0x00800362        0x0 c:/winavr-20100110/bin/../lib/gcc/avr/4.3.3/avr51\libgcc.a(_divmodsi4.o)
 .bss           0x00800362        0x0 c:/winavr-20100110/bin/../lib/gcc/avr/4.3.3/avr51\libgcc.a(_exit.o)
 .bss           0x00800362        0x0 c:/winavr-20100110/bin/../lib/gcc/avr/4.3.3/avr51\libgcc.a(_clear_bss.o)
 .bss           0x00800362        0x0 c:/winavr-20100110/bin/../lib/gcc/avr/4.3.3/avr51\libgcc.a(_muldi3.o)
 .bss           0x00800362        0x0 c:/winavr-20100110/bin/../lib/gcc/avr/4.3.3/avr51\libgcc.a(_prologue.o)
 .bss           0x00800362        0x0 c:/winavr-20100110/bin/../lib/gcc/avr/4.3.3/avr51\libgcc.a(_epilogue.o)
 *(.bss*)
 *(COMMON)
 COMMON         0x00800362      0xa51 vem_03_05.o
                0x00800362                MBCoil1
                0x00800363                ModbusMode
                0x00800364                MB_State
                0x00800365                EM_Day
                0x00800366                GPRS_CriticalCMD
                0x00800367                Ub
                0x00800369                GSM_Temp
                0x0080036a                TempNum
                0x0080036b                WebImgSrcHiddenCnt
                0x0080036c                WebInputHiddenCnt
                0x0080036d                MB_M_TimeOff
                0x0080036e                EM_Korpus_Min_new
                0x00800372                EMeterTypeRAM
                0x00800373                WebDataCnt
                0x00800375                Ia
                0x00800377                EM_Klemm_Cnt_prev
                0x00800379                MBInput1
                0x0080037a                DS18B20_Error
                0x0080037b                MB_NativeAddr
                0x0080037c                EM_RX_FIFO
                0x00800476                GSM_RX_FIFO
                0x00800570                Temperature
                0x00800572                Web_Passw_Str
                0x0080057d                GPRS_RetryTimer
                0x0080057f                LG_ZMR110_READ_FLAG
                0x00800583                GSM_RX_FIFO_End
                0x00800584                CurrSlave
                0x00800585                EMeter_RxStr_Offset
                0x00800587                Web_Login_Code
                0x00800588                GSM_LED
                0x00800589                EM_UART_Parity
                0x0080058a                CurrQuery
                0x0080058b                EM_Sec
                0x0080058c                GPRS_TD_CrashSendRetry
                0x0080058d                COMM_LED
                0x0080058e                GPRS_ChangeReplySize
                0x0080058f                ICCID2
                0x00800593                EM_Korpus_Min_prev
                0x00800597                EM_Klemm_Cnt_new
                0x00800599                TD_WebSeedGenerator
                0x0080059a                Usupply
                0x0080059c                TempWebAction
                0x0080059d                MB_M_Period
                0x0080059f                MB_SingleState
                0x008005a0                Timer1min
                0x008005a1                MaxScanCycle
                0x008005a2                GSM_RSSI
                0x008005a3                GSM_Tx
                0x008005a4                GSM_State
                0x008005a5                WebHrefHiddenCnt
                0x008005a6                SESSID_Str
                0x008005ba                GPRS_ChangeData
                0x008006b9                EMeter_RxStr
                0x008007b7                Web_LoginAttempt
                0x008007b8                MB_Master_MaxCycle
                0x008007ba                GPRS_Data_In
                0x008007ec                IP_SendMask
                0x008007ed                WebStrLen
                0x008007ee                GSM_Modem
                0x008007ef                EM_ID_Str
                0x008007f8                MBHoldReg1
                0x00800844                GSM_RX_FIFO_Begin
                0x00800845                MB_M_Try
                0x00800846                GPRS_LoginLevel
                0x00800847                DigInput
                0x0080084a                MB_Frame_Sz
                0x0080084b                SMS_Data_Out
                0x008008af                ScanCycle
                0x008008b0                EM_Magnit_Cnt_new
                0x008008b2                TD_SetCRLFinPOST_RQ
                0x008008b3                EM_UART_StopBits
                0x008008b4                GPRS_FlgSz_Out
                0x008008b5                TD_WaitLCDRefresh
                0x008008b6                Ib
                0x008008b8                MB_Master_Cycle
                0x008008ba                GSM_CSD
                0x008008bb                TD_UART_Soft
                0x008008bc                EM_Min
                0x008008bd                GPRS_TD_SessionIDGenerator
                0x008008be                TD_FlowDelay
                0x008008bf                EM_BufferReadEnable
                0x008008c0                EMeter_TxCharN
                0x008008c1                EM_FailCode
                0x008008c5                GSMTxSz
                0x008008c6                EM_BCC
                0x008008c7                EMeter_TxFlag
                0x008008c8                GPRSInLen
                0x008008c9                GSM_StateBeforeReset
                0x008008ca                GPRS_SendRQ
                0x008008cb                GPRS_FlgSz_In
                0x008008cc                EM_Magnit_Min_new
                0x008008d0                LiveTime
                0x008008d4                SMS_FlgSz_Out
                0x008008d5                TD_WebSessTimeout
                0x008008d6                GPRS_Flags
                0x008008d7                TD_WaitReqTimout
                0x008008d8                TD_DS18B20Read
                0x008008d9                GSM_BER
                0x008008da                Web_POST
                0x008008db                MB_BitRate_RAM
                0x008008dc                EM_Hour
                0x008008dd                EM_RX_FIFO_Begin
                0x008008de                ICCID
                0x008008e6                GPRSOutLen
                0x008008e7                GPRS_Protocol_Out
                0x008008e8                GSM_Control
                0x008008e9                WebSession
                0x008008ea                GSM_RX_FIFOMax_Transp
                0x008008eb                Timer1sOld
                0x008008ec                Ic
                0x008008ee                DigOutput
                0x008008f1                EM_Year
                0x008008f2                EM_HalfBufferStart
                0x008008f4                GSM_RxStr
                0x00800958                EM_Month
                0x00800959                EM_Klemm_Min_prev
                0x0080095d                GSM_DebugMode
                0x0080095e                DS18B20_Status
                0x0080095f                AppProtocol
                0x00800960                EM_Magnit_Cnt_prev
                0x00800962                Web_Login_Str
                0x00800972                GPRS_CrashData
                0x008009d6                EM_UART_Rate
                0x008009d7                GSM_RX_FIFOOverFlow
                0x008009d8                EM_RX_FIFOMax
                0x008009d9                EM_PowerActive
                0x008009db                EM_Mode
                0x008009dc                EM_UART_BitQt
                0x008009dd                Uc
                0x008009df                UART_Soft
                0x008009e0                Transparent
                0x008009e1                MemFail
                0x008009e2                MBInReg1
                0x00800a62                GSM_RX_FIFO_End_Transp
                0x00800a63                EMeter_TxStr
                0x00800a72                EM_Magnit_Min_prev
                0x00800a76                GPRS_TD_CriticalCMD
                0x00800a77                GSM_RX_FIFOMax
                0x00800a78                Timer1s
                0x00800a79                GPRS_Session_ID
                0x00800a7b                MB_M_Timeout
                0x00800a7c                SlaveOff
                0x00800a80                GPRS_DataTimer
                0x00800a82                EM_Korpus_Cnt_new
                0x00800a84                GSM_MyIP
                0x00800a88                EM_Klemm_Min_new
                0x00800a8c                EM_RX_FIFOOverFlow
                0x00800a8d                CurrMsg
                0x00800a8f                ICCID1
                0x00800a91                MB_CPT
                0x00800aa1                GPRS_Data_Out
                0x00800ba0                TD_EMeter
                0x00800ba1                GSM_TxStr
                0x00800ca0                EM_RX_FIFO_End
                0x00800ca1                RxBufOverFlow
                0x00800ca2                GSM_ClientIP
                0x00800ca6                EMeter_RxCharN
                0x00800ca8                Ua
                0x00800caa                EM_Korpus_Cnt_prev
                0x00800cac                GSM_RxCharN
                0x00800cad                GSM_TxCharN
                0x00800cae                EMeter_TxSz
                0x00800caf                MB_Frame
                0x00800daf                Timer1hour
                0x00800db1                GSM_RX_FIFOOverFlow_Transp
                0x00800db2                GSM_MultiCon
                0x00800db3                PROVIDE (__bss_end, .)
                0x00012366                __data_load_start = LOADADDR (.data)
                0x00012440                __data_load_end = (__data_load_start + SIZEOF (.data))

.noinit         0x00800db3        0x0
                0x00800db3                PROVIDE (__noinit_start, .)
 *(.noinit*)
                0x00800db3                PROVIDE (__noinit_end, .)
                0x00800db3                _end = .
                0x00800db3                PROVIDE (__heap_start, .)

.eeprom         0x00810000      0x194
 *(.eeprom*)
 .eeprom        0x00810000      0x194 vem_03_05.o
                0x00810130                Web_Passws
                0x0081015c                EMeterType
                0x00810128                ThermType
                0x0081004c                UDP_ServerIP
                0x00810129                ThermCorr
                0x00810179                Tlow
                0x00810126                CLIP_On
                0x0081007c                SMS_Number
                0x00810003                MB_Param
                0x00810064                TCP_ListenPort
                0x0081017b                AutoSend
                0x00810162                Title
                0x00810125                SMS_On
                0x00810177                Thigh
                0x0081015f                User_PSW
                0x00810006                GPRS_apn
                0x00810038                GPRS_apn_psw
                0x00810078                Vega_SN
                0x00810024                GPRS_apn_user_name
                0x00810066                TCP_ClientIP
                0x0081012c                WebMaxSessionTime
                0x0081017e                Password
                0x0081005c                UDP_ServerPort
                0x0081017c                CurrDataPeriod
                0x008100a3                CSD_AllowedNumbers
                0x00810127                DI_Invers
                0x00810161                LogOutTime
                0x00810076                TCP_CONNECT_timeout
                0x0081007a                GSM_Password
                0x0081015d                EM_UART_Param
                0x00810000                DateBackUp
                0x00810194                __eeprom_end = .

.fuse
 *(.fuse)
 *(.lfuse)
 *(.hfuse)
 *(.efuse)

.lock
 *(.lock*)

.signature
 *(.signature*)

.stab
 *(.stab)

.stabstr
 *(.stabstr)

.stab.excl
 *(.stab.excl)

.stab.exclstr
 *(.stab.exclstr)

.stab.index
 *(.stab.index)

.stab.indexstr
 *(.stab.indexstr)

.comment
 *(.comment)

.debug
 *(.debug)

.line
 *(.line)

.debug_srcinfo
 *(.debug_srcinfo)

.debug_sfnames
 *(.debug_sfnames)

.debug_aranges  0x00000000       0x40
 *(.debug_aranges)
 .debug_aranges
                0x00000000       0x20 vem_03_05.o
 .debug_aranges
                0x00000020       0x20 c:/winavr-20100110/bin/../lib/gcc/avr/4.3.3/avr51\libgcc.a(_muldi3.o)

.debug_pubnames
                0x00000000     0x377c
 *(.debug_pubnames)
 .debug_pubnames
                0x00000000     0x375d vem_03_05.o
 .debug_pubnames
                0x0000375d       0x1f c:/winavr-20100110/bin/../lib/gcc/avr/4.3.3/avr51\libgcc.a(_muldi3.o)

.debug_info     0x00000000     0xe9d8
 *(.debug_info)
 .debug_info    0x00000000     0xe7d2 vem_03_05.o
 .debug_info    0x0000e7d2      0x206 c:/winavr-20100110/bin/../lib/gcc/avr/4.3.3/avr51\libgcc.a(_muldi3.o)
 *(.gnu.linkonce.wi.*)

.debug_abbrev   0x00000000      0x757
 *(.debug_abbrev)
 .debug_abbrev  0x00000000      0x667 vem_03_05.o
 .debug_abbrev  0x00000667       0xf0 c:/winavr-20100110/bin/../lib/gcc/avr/4.3.3/avr51\libgcc.a(_muldi3.o)

.debug_line     0x00000000     0x8c77
 *(.debug_line)
 .debug_line    0x00000000     0x8bc8 vem_03_05.o
 .debug_line    0x00008bc8       0xaf c:/winavr-20100110/bin/../lib/gcc/avr/4.3.3/avr51\libgcc.a(_muldi3.o)

.debug_frame    0x00000000     0x12f0
 *(.debug_frame)
 .debug_frame   0x00000000     0x12d0 vem_03_05.o
 .debug_frame   0x000012d0       0x20 c:/winavr-20100110/bin/../lib/gcc/avr/4.3.3/avr51\libgcc.a(_muldi3.o)

.debug_str      0x00000000     0x3bb7
 *(.debug_str)
 .debug_str     0x00000000     0x3b01 vem_03_05.o
                               0x3eb4 (size before relaxing)
 .debug_str     0x00003b01       0xb6 c:/winavr-20100110/bin/../lib/gcc/avr/4.3.3/avr51\libgcc.a(_muldi3.o)
                                0x140 (size before relaxing)

.debug_loc      0x00000000     0x76c1
 *(.debug_loc)
 .debug_loc     0x00000000     0x75f5 vem_03_05.o
 .debug_loc     0x000075f5       0xcc c:/winavr-20100110/bin/../lib/gcc/avr/4.3.3/avr51\libgcc.a(_muldi3.o)

.debug_macinfo
 *(.debug_macinfo)
OUTPUT(vem_03_05.elf elf32-avr)
LOAD linker stubs

.debug_ranges   0x00000000      0x6e0
 .debug_ranges  0x00000000      0x6e0 vem_03_05.o